Copyright 1986-2018 Xilinx, Inc. All Rights Reserved.
----------------------------------------------------------------------------------------------
| Tool Version : Vivado v.2018.3 (win64) Build 2405991 Thu Dec  6 23:38:27 MST 2018
| Date         : Tue Dec  3 19:08:20 2024
| Host         : LAPTOP-G11L2QA5 running 64-bit major release  (build 9200)
| Command      : report_timing -max_paths 10 -file ./report/HLS_accel_timing_paths_routed.rpt
| Design       : bd_0_wrapper
| Device       : 7z020-clg484
| Speed File   : -1  PRODUCTION 1.11 2014-09-11
----------------------------------------------------------------------------------------------

Timing Report

Slack (MET) :             0.093ns  (required time - arrival time)
  Source:                 bd_0_i/hls_inst/inst/a_0_load_1_mid2_reg_9636_pp2_iter1_reg_reg[5]/C
                            (rising edge-triggered cell FDRE clocked by ap_clk  {rise@0.000ns fall@5.000ns period=10.000ns})
  Destination:            bd_0_i/hls_inst/inst/a_86_U/HLS_accel_a_0_ram_U/ram_reg/ADDRBWRADDR[9]
                            (rising edge-triggered cell RAMB18E1 clocked by ap_clk  {rise@0.000ns fall@5.000ns period=10.000ns})
  Path Group:             ap_clk
  Path Type:              Setup (Max at Slow Process Corner)
  Requirement:            10.000ns  (ap_clk rise@10.000ns - ap_clk rise@0.000ns)
  Data Path Delay:        9.257ns  (logic 0.518ns (5.596%)  route 8.739ns (94.404%))
  Logic Levels:           0  
  Clock Path Skew:        -0.049ns (DCD - SCD + CPR)
    Destination Clock Delay (DCD):    0.924ns = ( 10.924 - 10.000 ) 
    Source Clock Delay      (SCD):    0.973ns
    Clock Pessimism Removal (CPR):    0.000ns
  Clock Uncertainty:      0.035ns  ((TSJ^2 + TIJ^2)^1/2 + DJ) / 2 + PE
    Total System Jitter     (TSJ):    0.071ns
    Total Input Jitter      (TIJ):    0.000ns
    Discrete Jitter          (DJ):    0.000ns
    Phase Error              (PE):    0.000ns

    Location             Delay type                Incr(ns)  Path(ns)    Netlist Resource(s)
  -------------------------------------------------------------------    -------------------
                         (clock ap_clk rise edge)     0.000     0.000 r  
                                                      0.000     0.000 r  ap_clk (IN)
                         net (fo=1469, unset)         0.973     0.973    bd_0_i/hls_inst/inst/ap_clk
    SLICE_X54Y101        FDRE                                         r  bd_0_i/hls_inst/inst/a_0_load_1_mid2_reg_9636_pp2_iter1_reg_reg[5]/C
  -------------------------------------------------------------------    -------------------
    SLICE_X54Y101        FDRE (Prop_fdre_C_Q)         0.518     1.491 r  bd_0_i/hls_inst/inst/a_0_load_1_mid2_reg_9636_pp2_iter1_reg_reg[5]/Q
                         net (fo=45, routed)          8.739    10.230    bd_0_i/hls_inst/inst/a_86_U/HLS_accel_a_0_ram_U/a_0_load_1_mid2_reg_9636_pp2_iter1_reg[4]
    RAMB18_X4Y47         RAMB18E1                                     r  bd_0_i/hls_inst/inst/a_86_U/HLS_accel_a_0_ram_U/ram_reg/ADDRBWRADDR[9]
  -------------------------------------------------------------------    -------------------

                         (clock ap_clk rise edge)    10.000    10.000 r  
                                                      0.000    10.000 r  ap_clk (IN)
                         net (fo=1469, unset)         0.924    10.924    bd_0_i/hls_inst/inst/a_86_U/HLS_accel_a_0_ram_U/ap_clk
    RAMB18_X4Y47         RAMB18E1                                     r  bd_0_i/hls_inst/inst/a_86_U/HLS_accel_a_0_ram_U/ram_reg/CLKBWRCLK
                         clock pessimism              0.000    10.924    
                         clock uncertainty           -0.035    10.889    
    RAMB18_X4Y47         RAMB18E1 (Setup_ramb18e1_CLKBWRCLK_ADDRBWRADDR[9])
                                                     -0.566    10.323    bd_0_i/hls_inst/inst/a_86_U/HLS_accel_a_0_ram_U/ram_reg
  -------------------------------------------------------------------
                         required time                         10.323    
                         arrival time                         -10.230    
  -------------------------------------------------------------------
                         slack                                  0.093    

Slack (MET) :             0.093ns  (required time - arrival time)
  Source:                 bd_0_i/hls_inst/inst/a_0_load_1_mid2_reg_9636_pp2_iter1_reg_reg[5]/C
                            (rising edge-triggered cell FDRE clocked by ap_clk  {rise@0.000ns fall@5.000ns period=10.000ns})
  Destination:            bd_0_i/hls_inst/inst/a_96_U/HLS_accel_a_0_ram_U/ram_reg/ADDRBWRADDR[9]
                            (rising edge-triggered cell RAMB18E1 clocked by ap_clk  {rise@0.000ns fall@5.000ns period=10.000ns})
  Path Group:             ap_clk
  Path Type:              Setup (Max at Slow Process Corner)
  Requirement:            10.000ns  (ap_clk rise@10.000ns - ap_clk rise@0.000ns)
  Data Path Delay:        9.257ns  (logic 0.518ns (5.596%)  route 8.739ns (94.404%))
  Logic Levels:           0  
  Clock Path Skew:        -0.049ns (DCD - SCD + CPR)
    Destination Clock Delay (DCD):    0.924ns = ( 10.924 - 10.000 ) 
    Source Clock Delay      (SCD):    0.973ns
    Clock Pessimism Removal (CPR):    0.000ns
  Clock Uncertainty:      0.035ns  ((TSJ^2 + TIJ^2)^1/2 + DJ) / 2 + PE
    Total System Jitter     (TSJ):    0.071ns
    Total Input Jitter      (TIJ):    0.000ns
    Discrete Jitter          (DJ):    0.000ns
    Phase Error              (PE):    0.000ns

    Location             Delay type                Incr(ns)  Path(ns)    Netlist Resource(s)
  -------------------------------------------------------------------    -------------------
                         (clock ap_clk rise edge)     0.000     0.000 r  
                                                      0.000     0.000 r  ap_clk (IN)
                         net (fo=1469, unset)         0.973     0.973    bd_0_i/hls_inst/inst/ap_clk
    SLICE_X54Y101        FDRE                                         r  bd_0_i/hls_inst/inst/a_0_load_1_mid2_reg_9636_pp2_iter1_reg_reg[5]/C
  -------------------------------------------------------------------    -------------------
    SLICE_X54Y101        FDRE (Prop_fdre_C_Q)         0.518     1.491 r  bd_0_i/hls_inst/inst/a_0_load_1_mid2_reg_9636_pp2_iter1_reg_reg[5]/Q
                         net (fo=45, routed)          8.739    10.230    bd_0_i/hls_inst/inst/a_96_U/HLS_accel_a_0_ram_U/a_0_load_1_mid2_reg_9636_pp2_iter1_reg[4]
    RAMB18_X4Y46         RAMB18E1                                     r  bd_0_i/hls_inst/inst/a_96_U/HLS_accel_a_0_ram_U/ram_reg/ADDRBWRADDR[9]
  -------------------------------------------------------------------    -------------------

                         (clock ap_clk rise edge)    10.000    10.000 r  
                                                      0.000    10.000 r  ap_clk (IN)
                         net (fo=1469, unset)         0.924    10.924    bd_0_i/hls_inst/inst/a_96_U/HLS_accel_a_0_ram_U/ap_clk
    RAMB18_X4Y46         RAMB18E1                                     r  bd_0_i/hls_inst/inst/a_96_U/HLS_accel_a_0_ram_U/ram_reg/CLKBWRCLK
                         clock pessimism              0.000    10.924    
                         clock uncertainty           -0.035    10.889    
    RAMB18_X4Y46         RAMB18E1 (Setup_ramb18e1_CLKBWRCLK_ADDRBWRADDR[9])
                                                     -0.566    10.323    bd_0_i/hls_inst/inst/a_96_U/HLS_accel_a_0_ram_U/ram_reg
  -------------------------------------------------------------------
                         required time                         10.323    
                         arrival time                         -10.230    
  -------------------------------------------------------------------
                         slack                                  0.093    

Slack (MET) :             0.140ns  (required time - arrival time)
  Source:                 bd_0_i/hls_inst/inst/a_0_load_1_mid2_reg_9636_pp2_iter1_reg_reg[5]/C
                            (rising edge-triggered cell FDRE clocked by ap_clk  {rise@0.000ns fall@5.000ns period=10.000ns})
  Destination:            bd_0_i/hls_inst/inst/a_74_U/HLS_accel_a_0_ram_U/ram_reg/ADDRBWRADDR[9]
                            (rising edge-triggered cell RAMB18E1 clocked by ap_clk  {rise@0.000ns fall@5.000ns period=10.000ns})
  Path Group:             ap_clk
  Path Type:              Setup (Max at Slow Process Corner)
  Requirement:            10.000ns  (ap_clk rise@10.000ns - ap_clk rise@0.000ns)
  Data Path Delay:        9.210ns  (logic 0.518ns (5.624%)  route 8.692ns (94.376%))
  Logic Levels:           0  
  Clock Path Skew:        -0.049ns (DCD - SCD + CPR)
    Destination Clock Delay (DCD):    0.924ns = ( 10.924 - 10.000 ) 
    Source Clock Delay      (SCD):    0.973ns
    Clock Pessimism Removal (CPR):    0.000ns
  Clock Uncertainty:      0.035ns  ((TSJ^2 + TIJ^2)^1/2 + DJ) / 2 + PE
    Total System Jitter     (TSJ):    0.071ns
    Total Input Jitter      (TIJ):    0.000ns
    Discrete Jitter          (DJ):    0.000ns
    Phase Error              (PE):    0.000ns

    Location             Delay type                Incr(ns)  Path(ns)    Netlist Resource(s)
  -------------------------------------------------------------------    -------------------
                         (clock ap_clk rise edge)     0.000     0.000 r  
                                                      0.000     0.000 r  ap_clk (IN)
                         net (fo=1469, unset)         0.973     0.973    bd_0_i/hls_inst/inst/ap_clk
    SLICE_X54Y101        FDRE                                         r  bd_0_i/hls_inst/inst/a_0_load_1_mid2_reg_9636_pp2_iter1_reg_reg[5]/C
  -------------------------------------------------------------------    -------------------
    SLICE_X54Y101        FDRE (Prop_fdre_C_Q)         0.518     1.491 r  bd_0_i/hls_inst/inst/a_0_load_1_mid2_reg_9636_pp2_iter1_reg_reg[5]/Q
                         net (fo=45, routed)          8.692    10.183    bd_0_i/hls_inst/inst/a_74_U/HLS_accel_a_0_ram_U/a_0_load_1_mid2_reg_9636_pp2_iter1_reg[4]
    RAMB18_X4Y55         RAMB18E1                                     r  bd_0_i/hls_inst/inst/a_74_U/HLS_accel_a_0_ram_U/ram_reg/ADDRBWRADDR[9]
  -------------------------------------------------------------------    -------------------

                         (clock ap_clk rise edge)    10.000    10.000 r  
                                                      0.000    10.000 r  ap_clk (IN)
                         net (fo=1469, unset)         0.924    10.924    bd_0_i/hls_inst/inst/a_74_U/HLS_accel_a_0_ram_U/ap_clk
    RAMB18_X4Y55         RAMB18E1                                     r  bd_0_i/hls_inst/inst/a_74_U/HLS_accel_a_0_ram_U/ram_reg/CLKBWRCLK
                         clock pessimism              0.000    10.924    
                         clock uncertainty           -0.035    10.889    
    RAMB18_X4Y55         RAMB18E1 (Setup_ramb18e1_CLKBWRCLK_ADDRBWRADDR[9])
                                                     -0.566    10.323    bd_0_i/hls_inst/inst/a_74_U/HLS_accel_a_0_ram_U/ram_reg
  -------------------------------------------------------------------
                         required time                         10.323    
                         arrival time                         -10.183    
  -------------------------------------------------------------------
                         slack                                  0.140    

Slack (MET) :             0.156ns  (required time - arrival time)
  Source:                 bd_0_i/hls_inst/inst/a_0_load_1_mid2_reg_9636_pp2_iter1_reg_reg[6]/C
                            (rising edge-triggered cell FDRE clocked by ap_clk  {rise@0.000ns fall@5.000ns period=10.000ns})
  Destination:            bd_0_i/hls_inst/inst/a_92_U/HLS_accel_a_0_ram_U/ram_reg/ADDRBWRADDR[10]
                            (rising edge-triggered cell RAMB18E1 clocked by ap_clk  {rise@0.000ns fall@5.000ns period=10.000ns})
  Path Group:             ap_clk
  Path Type:              Setup (Max at Slow Process Corner)
  Requirement:            10.000ns  (ap_clk rise@10.000ns - ap_clk rise@0.000ns)
  Data Path Delay:        9.194ns  (logic 0.456ns (4.960%)  route 8.738ns (95.040%))
  Logic Levels:           0  
  Clock Path Skew:        -0.049ns (DCD - SCD + CPR)
    Destination Clock Delay (DCD):    0.924ns = ( 10.924 - 10.000 ) 
    Source Clock Delay      (SCD):    0.973ns
    Clock Pessimism Removal (CPR):    0.000ns
  Clock Uncertainty:      0.035ns  ((TSJ^2 + TIJ^2)^1/2 + DJ) / 2 + PE
    Total System Jitter     (TSJ):    0.071ns
    Total Input Jitter      (TIJ):    0.000ns
    Discrete Jitter          (DJ):    0.000ns
    Phase Error              (PE):    0.000ns

    Location             Delay type                Incr(ns)  Path(ns)    Netlist Resource(s)
  -------------------------------------------------------------------    -------------------
                         (clock ap_clk rise edge)     0.000     0.000 r  
                                                      0.000     0.000 r  ap_clk (IN)
                         net (fo=1469, unset)         0.973     0.973    bd_0_i/hls_inst/inst/ap_clk
    SLICE_X52Y94         FDRE                                         r  bd_0_i/hls_inst/inst/a_0_load_1_mid2_reg_9636_pp2_iter1_reg_reg[6]/C
  -------------------------------------------------------------------    -------------------
    SLICE_X52Y94         FDRE (Prop_fdre_C_Q)         0.456     1.429 r  bd_0_i/hls_inst/inst/a_0_load_1_mid2_reg_9636_pp2_iter1_reg_reg[6]/Q
                         net (fo=45, routed)          8.738    10.167    bd_0_i/hls_inst/inst/a_92_U/HLS_accel_a_0_ram_U/a_0_load_1_mid2_reg_9636_pp2_iter1_reg[5]
    RAMB18_X4Y57         RAMB18E1                                     r  bd_0_i/hls_inst/inst/a_92_U/HLS_accel_a_0_ram_U/ram_reg/ADDRBWRADDR[10]
  -------------------------------------------------------------------    -------------------

                         (clock ap_clk rise edge)    10.000    10.000 r  
                                                      0.000    10.000 r  ap_clk (IN)
                         net (fo=1469, unset)         0.924    10.924    bd_0_i/hls_inst/inst/a_92_U/HLS_accel_a_0_ram_U/ap_clk
    RAMB18_X4Y57         RAMB18E1                                     r  bd_0_i/hls_inst/inst/a_92_U/HLS_accel_a_0_ram_U/ram_reg/CLKBWRCLK
                         clock pessimism              0.000    10.924    
                         clock uncertainty           -0.035    10.889    
    RAMB18_X4Y57         RAMB18E1 (Setup_ramb18e1_CLKBWRCLK_ADDRBWRADDR[10])
                                                     -0.566    10.323    bd_0_i/hls_inst/inst/a_92_U/HLS_accel_a_0_ram_U/ram_reg
  -------------------------------------------------------------------
                         required time                         10.323    
                         arrival time                         -10.167    
  -------------------------------------------------------------------
                         slack                                  0.156    

Slack (MET) :             0.163ns  (required time - arrival time)
  Source:                 bd_0_i/hls_inst/inst/a_0_load_1_mid2_reg_9636_pp2_iter1_reg_reg[5]/C
                            (rising edge-triggered cell FDRE clocked by ap_clk  {rise@0.000ns fall@5.000ns period=10.000ns})
  Destination:            bd_0_i/hls_inst/inst/a_95_U/HLS_accel_a_0_ram_U/ram_reg/ADDRBWRADDR[9]
                            (rising edge-triggered cell RAMB18E1 clocked by ap_clk  {rise@0.000ns fall@5.000ns period=10.000ns})
  Path Group:             ap_clk
  Path Type:              Setup (Max at Slow Process Corner)
  Requirement:            10.000ns  (ap_clk rise@10.000ns - ap_clk rise@0.000ns)
  Data Path Delay:        9.187ns  (logic 0.518ns (5.638%)  route 8.669ns (94.362%))
  Logic Levels:           0  
  Clock Path Skew:        -0.049ns (DCD - SCD + CPR)
    Destination Clock Delay (DCD):    0.924ns = ( 10.924 - 10.000 ) 
    Source Clock Delay      (SCD):    0.973ns
    Clock Pessimism Removal (CPR):    0.000ns
  Clock Uncertainty:      0.035ns  ((TSJ^2 + TIJ^2)^1/2 + DJ) / 2 + PE
    Total System Jitter     (TSJ):    0.071ns
    Total Input Jitter      (TIJ):    0.000ns
    Discrete Jitter          (DJ):    0.000ns
    Phase Error              (PE):    0.000ns

    Location             Delay type                Incr(ns)  Path(ns)    Netlist Resource(s)
  -------------------------------------------------------------------    -------------------
                         (clock ap_clk rise edge)     0.000     0.000 r  
                                                      0.000     0.000 r  ap_clk (IN)
                         net (fo=1469, unset)         0.973     0.973    bd_0_i/hls_inst/inst/ap_clk
    SLICE_X54Y101        FDRE                                         r  bd_0_i/hls_inst/inst/a_0_load_1_mid2_reg_9636_pp2_iter1_reg_reg[5]/C
  -------------------------------------------------------------------    -------------------
    SLICE_X54Y101        FDRE (Prop_fdre_C_Q)         0.518     1.491 r  bd_0_i/hls_inst/inst/a_0_load_1_mid2_reg_9636_pp2_iter1_reg_reg[5]/Q
                         net (fo=45, routed)          8.669    10.160    bd_0_i/hls_inst/inst/a_95_U/HLS_accel_a_0_ram_U/a_0_load_1_mid2_reg_9636_pp2_iter1_reg[4]
    RAMB18_X4Y48         RAMB18E1                                     r  bd_0_i/hls_inst/inst/a_95_U/HLS_accel_a_0_ram_U/ram_reg/ADDRBWRADDR[9]
  -------------------------------------------------------------------    -------------------

                         (clock ap_clk rise edge)    10.000    10.000 r  
                                                      0.000    10.000 r  ap_clk (IN)
                         net (fo=1469, unset)         0.924    10.924    bd_0_i/hls_inst/inst/a_95_U/HLS_accel_a_0_ram_U/ap_clk
    RAMB18_X4Y48         RAMB18E1                                     r  bd_0_i/hls_inst/inst/a_95_U/HLS_accel_a_0_ram_U/ram_reg/CLKBWRCLK
                         clock pessimism              0.000    10.924    
                         clock uncertainty           -0.035    10.889    
    RAMB18_X4Y48         RAMB18E1 (Setup_ramb18e1_CLKBWRCLK_ADDRBWRADDR[9])
                                                     -0.566    10.323    bd_0_i/hls_inst/inst/a_95_U/HLS_accel_a_0_ram_U/ram_reg
  -------------------------------------------------------------------
                         required time                         10.323    
                         arrival time                         -10.160    
  -------------------------------------------------------------------
                         slack                                  0.163    

Slack (MET) :             0.163ns  (required time - arrival time)
  Source:                 bd_0_i/hls_inst/inst/a_0_load_1_mid2_reg_9636_pp2_iter1_reg_reg[6]/C
                            (rising edge-triggered cell FDRE clocked by ap_clk  {rise@0.000ns fall@5.000ns period=10.000ns})
  Destination:            bd_0_i/hls_inst/inst/a_23_U/HLS_accel_a_0_ram_U/ram_reg/ADDRBWRADDR[10]
                            (rising edge-triggered cell RAMB18E1 clocked by ap_clk  {rise@0.000ns fall@5.000ns period=10.000ns})
  Path Group:             ap_clk
  Path Type:              Setup (Max at Slow Process Corner)
  Requirement:            10.000ns  (ap_clk rise@10.000ns - ap_clk rise@0.000ns)
  Data Path Delay:        9.187ns  (logic 0.456ns (4.964%)  route 8.731ns (95.036%))
  Logic Levels:           0  
  Clock Path Skew:        -0.049ns (DCD - SCD + CPR)
    Destination Clock Delay (DCD):    0.924ns = ( 10.924 - 10.000 ) 
    Source Clock Delay      (SCD):    0.973ns
    Clock Pessimism Removal (CPR):    0.000ns
  Clock Uncertainty:      0.035ns  ((TSJ^2 + TIJ^2)^1/2 + DJ) / 2 + PE
    Total System Jitter     (TSJ):    0.071ns
    Total Input Jitter      (TIJ):    0.000ns
    Discrete Jitter          (DJ):    0.000ns
    Phase Error              (PE):    0.000ns

    Location             Delay type                Incr(ns)  Path(ns)    Netlist Resource(s)
  -------------------------------------------------------------------    -------------------
                         (clock ap_clk rise edge)     0.000     0.000 r  
                                                      0.000     0.000 r  ap_clk (IN)
                         net (fo=1469, unset)         0.973     0.973    bd_0_i/hls_inst/inst/ap_clk
    SLICE_X52Y94         FDRE                                         r  bd_0_i/hls_inst/inst/a_0_load_1_mid2_reg_9636_pp2_iter1_reg_reg[6]/C
  -------------------------------------------------------------------    -------------------
    SLICE_X52Y94         FDRE (Prop_fdre_C_Q)         0.456     1.429 r  bd_0_i/hls_inst/inst/a_0_load_1_mid2_reg_9636_pp2_iter1_reg_reg[6]/Q
                         net (fo=45, routed)          8.731    10.160    bd_0_i/hls_inst/inst/a_23_U/HLS_accel_a_0_ram_U/a_0_load_1_mid2_reg_9636_pp2_iter1_reg[5]
    RAMB18_X4Y53         RAMB18E1                                     r  bd_0_i/hls_inst/inst/a_23_U/HLS_accel_a_0_ram_U/ram_reg/ADDRBWRADDR[10]
  -------------------------------------------------------------------    -------------------

                         (clock ap_clk rise edge)    10.000    10.000 r  
                                                      0.000    10.000 r  ap_clk (IN)
                         net (fo=1469, unset)         0.924    10.924    bd_0_i/hls_inst/inst/a_23_U/HLS_accel_a_0_ram_U/ap_clk
    RAMB18_X4Y53         RAMB18E1                                     r  bd_0_i/hls_inst/inst/a_23_U/HLS_accel_a_0_ram_U/ram_reg/CLKBWRCLK
                         clock pessimism              0.000    10.924    
                         clock uncertainty           -0.035    10.889    
    RAMB18_X4Y53         RAMB18E1 (Setup_ramb18e1_CLKBWRCLK_ADDRBWRADDR[10])
                                                     -0.566    10.323    bd_0_i/hls_inst/inst/a_23_U/HLS_accel_a_0_ram_U/ram_reg
  -------------------------------------------------------------------
                         required time                         10.323    
                         arrival time                         -10.160    
  -------------------------------------------------------------------
                         slack                                  0.163    

Slack (MET) :             0.207ns  (required time - arrival time)
  Source:                 bd_0_i/hls_inst/inst/INPUT_STREAM_data_V_0_sel_rd_reg/C
                            (rising edge-triggered cell FDRE clocked by ap_clk  {rise@0.000ns fall@5.000ns period=10.000ns})
  Destination:            bd_0_i/hls_inst/inst/b_26_U/HLS_accel_a_0_ram_U/ram_reg/DIADI[14]
                            (rising edge-triggered cell RAMB18E1 clocked by ap_clk  {rise@0.000ns fall@5.000ns period=10.000ns})
  Path Group:             ap_clk
  Path Type:              Setup (Max at Slow Process Corner)
  Requirement:            10.000ns  (ap_clk rise@10.000ns - ap_clk rise@0.000ns)
  Data Path Delay:        9.468ns  (logic 0.642ns (6.781%)  route 8.826ns (93.219%))
  Logic Levels:           1  (LUT3=1)
  Clock Path Skew:        -0.049ns (DCD - SCD + CPR)
    Destination Clock Delay (DCD):    0.924ns = ( 10.924 - 10.000 ) 
    Source Clock Delay      (SCD):    0.973ns
    Clock Pessimism Removal (CPR):    0.000ns
  Clock Uncertainty:      0.035ns  ((TSJ^2 + TIJ^2)^1/2 + DJ) / 2 + PE
    Total System Jitter     (TSJ):    0.071ns
    Total Input Jitter      (TIJ):    0.000ns
    Discrete Jitter          (DJ):    0.000ns
    Phase Error              (PE):    0.000ns

    Location             Delay type                Incr(ns)  Path(ns)    Netlist Resource(s)
  -------------------------------------------------------------------    -------------------
                         (clock ap_clk rise edge)     0.000     0.000 r  
                                                      0.000     0.000 r  ap_clk (IN)
                         net (fo=1469, unset)         0.973     0.973    bd_0_i/hls_inst/inst/ap_clk
    SLICE_X54Y73         FDRE                                         r  bd_0_i/hls_inst/inst/INPUT_STREAM_data_V_0_sel_rd_reg/C
  -------------------------------------------------------------------    -------------------
    SLICE_X54Y73         FDRE (Prop_fdre_C_Q)         0.518     1.491 r  bd_0_i/hls_inst/inst/INPUT_STREAM_data_V_0_sel_rd_reg/Q
                         net (fo=97, routed)          1.562     3.053    bd_0_i/hls_inst/inst/b_1_U/HLS_accel_a_0_ram_U/INPUT_STREAM_data_V_0_sel
    SLICE_X55Y78         LUT3 (Prop_lut3_I2_O)        0.124     3.177 r  bd_0_i/hls_inst/inst/b_1_U/HLS_accel_a_0_ram_U/ram_reg_i_12__6/O
                         net (fo=36, routed)          7.264    10.441    bd_0_i/hls_inst/inst/b_26_U/HLS_accel_a_0_ram_U/DIADI[14]
    RAMB18_X5Y6          RAMB18E1                                     r  bd_0_i/hls_inst/inst/b_26_U/HLS_accel_a_0_ram_U/ram_reg/DIADI[14]
  -------------------------------------------------------------------    -------------------

                         (clock ap_clk rise edge)    10.000    10.000 r  
                                                      0.000    10.000 r  ap_clk (IN)
                         net (fo=1469, unset)         0.924    10.924    bd_0_i/hls_inst/inst/b_26_U/HLS_accel_a_0_ram_U/ap_clk
    RAMB18_X5Y6          RAMB18E1                                     r  bd_0_i/hls_inst/inst/b_26_U/HLS_accel_a_0_ram_U/ram_reg/CLKARDCLK
                         clock pessimism              0.000    10.924    
                         clock uncertainty           -0.035    10.889    
    RAMB18_X5Y6          RAMB18E1 (Setup_ramb18e1_CLKARDCLK_DIADI[14])
                                                     -0.241    10.648    bd_0_i/hls_inst/inst/b_26_U/HLS_accel_a_0_ram_U/ram_reg
  -------------------------------------------------------------------
                         required time                         10.648    
                         arrival time                         -10.441    
  -------------------------------------------------------------------
                         slack                                  0.207    

Slack (MET) :             0.286ns  (required time - arrival time)
  Source:                 bd_0_i/hls_inst/inst/a_0_load_1_mid2_reg_9636_pp2_iter1_reg_reg[5]/C
                            (rising edge-triggered cell FDRE clocked by ap_clk  {rise@0.000ns fall@5.000ns period=10.000ns})
  Destination:            bd_0_i/hls_inst/inst/a_92_U/HLS_accel_a_0_ram_U/ram_reg/ADDRBWRADDR[9]
                            (rising edge-triggered cell RAMB18E1 clocked by ap_clk  {rise@0.000ns fall@5.000ns period=10.000ns})
  Path Group:             ap_clk
  Path Type:              Setup (Max at Slow Process Corner)
  Requirement:            10.000ns  (ap_clk rise@10.000ns - ap_clk rise@0.000ns)
  Data Path Delay:        9.064ns  (logic 0.518ns (5.715%)  route 8.546ns (94.285%))
  Logic Levels:           0  
  Clock Path Skew:        -0.049ns (DCD - SCD + CPR)
    Destination Clock Delay (DCD):    0.924ns = ( 10.924 - 10.000 ) 
    Source Clock Delay      (SCD):    0.973ns
    Clock Pessimism Removal (CPR):    0.000ns
  Clock Uncertainty:      0.035ns  ((TSJ^2 + TIJ^2)^1/2 + DJ) / 2 + PE
    Total System Jitter     (TSJ):    0.071ns
    Total Input Jitter      (TIJ):    0.000ns
    Discrete Jitter          (DJ):    0.000ns
    Phase Error              (PE):    0.000ns

    Location             Delay type                Incr(ns)  Path(ns)    Netlist Resource(s)
  -------------------------------------------------------------------    -------------------
                         (clock ap_clk rise edge)     0.000     0.000 r  
                                                      0.000     0.000 r  ap_clk (IN)
                         net (fo=1469, unset)         0.973     0.973    bd_0_i/hls_inst/inst/ap_clk
    SLICE_X54Y101        FDRE                                         r  bd_0_i/hls_inst/inst/a_0_load_1_mid2_reg_9636_pp2_iter1_reg_reg[5]/C
  -------------------------------------------------------------------    -------------------
    SLICE_X54Y101        FDRE (Prop_fdre_C_Q)         0.518     1.491 r  bd_0_i/hls_inst/inst/a_0_load_1_mid2_reg_9636_pp2_iter1_reg_reg[5]/Q
                         net (fo=45, routed)          8.546    10.037    bd_0_i/hls_inst/inst/a_92_U/HLS_accel_a_0_ram_U/a_0_load_1_mid2_reg_9636_pp2_iter1_reg[4]
    RAMB18_X4Y57         RAMB18E1                                     r  bd_0_i/hls_inst/inst/a_92_U/HLS_accel_a_0_ram_U/ram_reg/ADDRBWRADDR[9]
  -------------------------------------------------------------------    -------------------

                         (clock ap_clk rise edge)    10.000    10.000 r  
                                                      0.000    10.000 r  ap_clk (IN)
                         net (fo=1469, unset)         0.924    10.924    bd_0_i/hls_inst/inst/a_92_U/HLS_accel_a_0_ram_U/ap_clk
    RAMB18_X4Y57         RAMB18E1                                     r  bd_0_i/hls_inst/inst/a_92_U/HLS_accel_a_0_ram_U/ram_reg/CLKBWRCLK
                         clock pessimism              0.000    10.924    
                         clock uncertainty           -0.035    10.889    
    RAMB18_X4Y57         RAMB18E1 (Setup_ramb18e1_CLKBWRCLK_ADDRBWRADDR[9])
                                                     -0.566    10.323    bd_0_i/hls_inst/inst/a_92_U/HLS_accel_a_0_ram_U/ram_reg
  -------------------------------------------------------------------
                         required time                         10.323    
                         arrival time                         -10.037    
  -------------------------------------------------------------------
                         slack                                  0.286    

Slack (MET) :             0.295ns  (required time - arrival time)
  Source:                 bd_0_i/hls_inst/inst/HLS_accel_mac_mulcud_U188/HLS_accel_mac_mulcud_DSP48_1_U/p/CLK
                            (rising edge-triggered cell DSP48E1 clocked by ap_clk  {rise@0.000ns fall@5.000ns period=10.000ns})
  Destination:            bd_0_i/hls_inst/inst/tmp127_reg_14578_reg[13]/D
                            (rising edge-triggered cell FDRE clocked by ap_clk  {rise@0.000ns fall@5.000ns period=10.000ns})
  Path Group:             ap_clk
  Path Type:              Setup (Max at Slow Process Corner)
  Requirement:            10.000ns  (ap_clk rise@10.000ns - ap_clk rise@0.000ns)
  Data Path Delay:        9.683ns  (logic 6.811ns (70.340%)  route 2.872ns (29.660%))
  Logic Levels:           6  (CARRY4=4 DSP48E1=1 LUT2=1)
  Clock Path Skew:        -0.049ns (DCD - SCD + CPR)
    Destination Clock Delay (DCD):    0.924ns = ( 10.924 - 10.000 ) 
    Source Clock Delay      (SCD):    0.973ns
    Clock Pessimism Removal (CPR):    0.000ns
  Clock Uncertainty:      0.035ns  ((TSJ^2 + TIJ^2)^1/2 + DJ) / 2 + PE
    Total System Jitter     (TSJ):    0.071ns
    Total Input Jitter      (TIJ):    0.000ns
    Discrete Jitter          (DJ):    0.000ns
    Phase Error              (PE):    0.000ns

    Location             Delay type                Incr(ns)  Path(ns)    Netlist Resource(s)
  -------------------------------------------------------------------    -------------------
                         (clock ap_clk rise edge)     0.000     0.000 r  
                                                      0.000     0.000 r  ap_clk (IN)
                         net (fo=1469, unset)         0.973     0.973    bd_0_i/hls_inst/inst/HLS_accel_mac_mulcud_U188/HLS_accel_mac_mulcud_DSP48_1_U/ap_clk
    DSP48_X4Y12          DSP48E1                                      r  bd_0_i/hls_inst/inst/HLS_accel_mac_mulcud_U188/HLS_accel_mac_mulcud_DSP48_1_U/p/CLK
  -------------------------------------------------------------------    -------------------
    DSP48_X4Y12          DSP48E1 (Prop_dsp48e1_CLK_PCOUT[47])
                                                      4.206     5.179 r  bd_0_i/hls_inst/inst/HLS_accel_mac_mulcud_U188/HLS_accel_mac_mulcud_DSP48_1_U/p/PCOUT[47]
                         net (fo=1, routed)           0.002     5.181    bd_0_i/hls_inst/inst/HLS_accel_mac_mulcud_U187/HLS_accel_mac_mulcud_DSP48_1_U/PCOUT[47]
    DSP48_X4Y13          DSP48E1 (Prop_dsp48e1_PCIN[47]_P[3])
                                                      1.518     6.699 r  bd_0_i/hls_inst/inst/HLS_accel_mac_mulcud_U187/HLS_accel_mac_mulcud_DSP48_1_U/p/P[3]
                         net (fo=1, routed)           2.870     9.569    bd_0_i/hls_inst/inst/HLS_accel_mac_mulcud_U189/HLS_accel_mac_mulcud_DSP48_1_U/P[3]
    SLICE_X37Y30         LUT2 (Prop_lut2_I1_O)        0.124     9.693 r  bd_0_i/hls_inst/inst/HLS_accel_mac_mulcud_U189/HLS_accel_mac_mulcud_DSP48_1_U/tmp127_reg_14578[3]_i_2/O
                         net (fo=1, routed)           0.000     9.693    bd_0_i/hls_inst/inst/HLS_accel_mac_mulcud_U189/HLS_accel_mac_mulcud_DSP48_1_U/tmp127_reg_14578[3]_i_2_n_3
    SLICE_X37Y30         CARRY4 (Prop_carry4_S[3]_CO[3])
                                                      0.401    10.094 r  bd_0_i/hls_inst/inst/HLS_accel_mac_mulcud_U189/HLS_accel_mac_mulcud_DSP48_1_U/tmp127_reg_14578_reg[3]_i_1/CO[3]
                         net (fo=1, routed)           0.000    10.094    bd_0_i/hls_inst/inst/HLS_accel_mac_mulcud_U189/HLS_accel_mac_mulcud_DSP48_1_U/tmp127_reg_14578_reg[3]_i_1_n_3
    SLICE_X37Y31         CARRY4 (Prop_carry4_CI_CO[3])
                                                      0.114    10.208 r  bd_0_i/hls_inst/inst/HLS_accel_mac_mulcud_U189/HLS_accel_mac_mulcud_DSP48_1_U/tmp127_reg_14578_reg[7]_i_1/CO[3]
                         net (fo=1, routed)           0.000    10.208    bd_0_i/hls_inst/inst/HLS_accel_mac_mulcud_U189/HLS_accel_mac_mulcud_DSP48_1_U/tmp127_reg_14578_reg[7]_i_1_n_3
    SLICE_X37Y32         CARRY4 (Prop_carry4_CI_CO[3])
                                                      0.114    10.322 r  bd_0_i/hls_inst/inst/HLS_accel_mac_mulcud_U189/HLS_accel_mac_mulcud_DSP48_1_U/tmp127_reg_14578_reg[11]_i_1/CO[3]
                         net (fo=1, routed)           0.000    10.322    bd_0_i/hls_inst/inst/HLS_accel_mac_mulcud_U189/HLS_accel_mac_mulcud_DSP48_1_U/tmp127_reg_14578_reg[11]_i_1_n_3
    SLICE_X37Y33         CARRY4 (Prop_carry4_CI_O[1])
                                                      0.334    10.656 r  bd_0_i/hls_inst/inst/HLS_accel_mac_mulcud_U189/HLS_accel_mac_mulcud_DSP48_1_U/tmp127_reg_14578_reg[15]_i_1/O[1]
                         net (fo=1, routed)           0.000    10.656    bd_0_i/hls_inst/inst/tmp127_fu_8152_p2[13]
    SLICE_X37Y33         FDRE                                         r  bd_0_i/hls_inst/inst/tmp127_reg_14578_reg[13]/D
  -------------------------------------------------------------------    -------------------

                         (clock ap_clk rise edge)    10.000    10.000 r  
                                                      0.000    10.000 r  ap_clk (IN)
                         net (fo=1469, unset)         0.924    10.924    bd_0_i/hls_inst/inst/ap_clk
    SLICE_X37Y33         FDRE                                         r  bd_0_i/hls_inst/inst/tmp127_reg_14578_reg[13]/C
                         clock pessimism              0.000    10.924    
                         clock uncertainty           -0.035    10.889    
    SLICE_X37Y33         FDRE (Setup_fdre_C_D)        0.062    10.951    bd_0_i/hls_inst/inst/tmp127_reg_14578_reg[13]
  -------------------------------------------------------------------
                         required time                         10.951    
                         arrival time                         -10.656    
  -------------------------------------------------------------------
                         slack                                  0.295    

Slack (MET) :             0.296ns  (required time - arrival time)
  Source:                 bd_0_i/hls_inst/inst/a_0_load_1_mid2_reg_9636_pp2_iter1_reg_reg[4]/C
                            (rising edge-triggered cell FDRE clocked by ap_clk  {rise@0.000ns fall@5.000ns period=10.000ns})
  Destination:            bd_0_i/hls_inst/inst/a_92_U/HLS_accel_a_0_ram_U/ram_reg/ADDRBWRADDR[8]
                            (rising edge-triggered cell RAMB18E1 clocked by ap_clk  {rise@0.000ns fall@5.000ns period=10.000ns})
  Path Group:             ap_clk
  Path Type:              Setup (Max at Slow Process Corner)
  Requirement:            10.000ns  (ap_clk rise@10.000ns - ap_clk rise@0.000ns)
  Data Path Delay:        9.054ns  (logic 0.518ns (5.722%)  route 8.536ns (94.278%))
  Logic Levels:           0  
  Clock Path Skew:        -0.049ns (DCD - SCD + CPR)
    Destination Clock Delay (DCD):    0.924ns = ( 10.924 - 10.000 ) 
    Source Clock Delay      (SCD):    0.973ns
    Clock Pessimism Removal (CPR):    0.000ns
  Clock Uncertainty:      0.035ns  ((TSJ^2 + TIJ^2)^1/2 + DJ) / 2 + PE
    Total System Jitter     (TSJ):    0.071ns
    Total Input Jitter      (TIJ):    0.000ns
    Discrete Jitter          (DJ):    0.000ns
    Phase Error              (PE):    0.000ns

    Location             Delay type                Incr(ns)  Path(ns)    Netlist Resource(s)
  -------------------------------------------------------------------    -------------------
                         (clock ap_clk rise edge)     0.000     0.000 r  
                                                      0.000     0.000 r  ap_clk (IN)
                         net (fo=1469, unset)         0.973     0.973    bd_0_i/hls_inst/inst/ap_clk
    SLICE_X54Y93         FDRE                                         r  bd_0_i/hls_inst/inst/a_0_load_1_mid2_reg_9636_pp2_iter1_reg_reg[4]/C
  -------------------------------------------------------------------    -------------------
    SLICE_X54Y93         FDRE (Prop_fdre_C_Q)         0.518     1.491 r  bd_0_i/hls_inst/inst/a_0_load_1_mid2_reg_9636_pp2_iter1_reg_reg[4]/Q
                         net (fo=45, routed)          8.536    10.027    bd_0_i/hls_inst/inst/a_92_U/HLS_accel_a_0_ram_U/a_0_load_1_mid2_reg_9636_pp2_iter1_reg[3]
    RAMB18_X4Y57         RAMB18E1                                     r  bd_0_i/hls_inst/inst/a_92_U/HLS_accel_a_0_ram_U/ram_reg/ADDRBWRADDR[8]
  -------------------------------------------------------------------    -------------------

                         (clock ap_clk rise edge)    10.000    10.000 r  
                                                      0.000    10.000 r  ap_clk (IN)
                         net (fo=1469, unset)         0.924    10.924    bd_0_i/hls_inst/inst/a_92_U/HLS_accel_a_0_ram_U/ap_clk
    RAMB18_X4Y57         RAMB18E1                                     r  bd_0_i/hls_inst/inst/a_92_U/HLS_accel_a_0_ram_U/ram_reg/CLKBWRCLK
                         clock pessimism              0.000    10.924    
                         clock uncertainty           -0.035    10.889    
    RAMB18_X4Y57         RAMB18E1 (Setup_ramb18e1_CLKBWRCLK_ADDRBWRADDR[8])
                                                     -0.566    10.323    bd_0_i/hls_inst/inst/a_92_U/HLS_accel_a_0_ram_U/ram_reg
  -------------------------------------------------------------------
                         required time                         10.323    
                         arrival time                         -10.027    
  -------------------------------------------------------------------
                         slack                                  0.296    




