Copyright 1986-2018 Xilinx, Inc. All Rights Reserved.
----------------------------------------------------------------------------------------------
| Tool Version : Vivado v.2018.3 (win64) Build 2405991 Thu Dec  6 23:38:27 MST 2018
| Date         : Wed Dec  4 03:57:49 2024
| Host         : Yacine running 64-bit major release  (build 9200)
| Command      : report_timing -max_paths 10 -file ./report/HLS_accel_timing_paths_routed.rpt
| Design       : bd_0_wrapper
| Device       : 7z020-clg484
| Speed File   : -1  PRODUCTION 1.11 2014-09-11
----------------------------------------------------------------------------------------------

Timing Report

Slack (MET) :             0.603ns  (required time - arrival time)
  Source:                 bd_0_i/hls_inst/inst/HLS_accel_hadd_16bkb_U22/HLS_accel_ap_hadd_3_full_dsp_16_u/U0/i_synth/ADDSUB_OP.ADDSUB/SPEED_OP.DSP.OP/DSP48E1_BODY_HP.ALIGN_ADD/DSP2/DSP/CLK
                            (rising edge-triggered cell DSP48E1 clocked by ap_clk  {rise@0.000ns fall@5.000ns period=10.000ns})
  Destination:            bd_0_i/hls_inst/inst/HLS_accel_hadd_16bkb_U22/HLS_accel_ap_hadd_3_full_dsp_16_u/U0/i_synth/ADDSUB_OP.ADDSUB/SPEED_OP.DSP.OP/DSP48E1_BODY_HP.EXP/NOT_LOW_LATENCY_NORM_DIST.SIGDELAY/i_pipe/opt_has_pipe.first_q_reg[0]/D
                            (rising edge-triggered cell FDRE clocked by ap_clk  {rise@0.000ns fall@5.000ns period=10.000ns})
  Path Group:             ap_clk
  Path Type:              Setup (Max at Slow Process Corner)
  Requirement:            10.000ns  (ap_clk rise@10.000ns - ap_clk rise@0.000ns)
  Data Path Delay:        9.232ns  (logic 3.324ns (36.005%)  route 5.908ns (63.995%))
  Logic Levels:           11  (CARRY4=4 LUT2=1 LUT3=1 LUT4=1 LUT5=1 LUT6=3)
  Clock Path Skew:        -0.049ns (DCD - SCD + CPR)
    Destination Clock Delay (DCD):    0.924ns = ( 10.924 - 10.000 ) 
    Source Clock Delay      (SCD):    0.973ns
    Clock Pessimism Removal (CPR):    0.000ns
  Clock Uncertainty:      0.035ns  ((TSJ^2 + TIJ^2)^1/2 + DJ) / 2 + PE
    Total System Jitter     (TSJ):    0.071ns
    Total Input Jitter      (TIJ):    0.000ns
    Discrete Jitter          (DJ):    0.000ns
    Phase Error              (PE):    0.000ns

    Location             Delay type                Incr(ns)  Path(ns)    Netlist Resource(s)
  -------------------------------------------------------------------    -------------------
                         (clock ap_clk rise edge)     0.000     0.000 r  
                                                      0.000     0.000 r  ap_clk (IN)
                         net (fo=25350, unset)        0.973     0.973    bd_0_i/hls_inst/inst/HLS_accel_hadd_16bkb_U22/HLS_accel_ap_hadd_3_full_dsp_16_u/U0/i_synth/ADDSUB_OP.ADDSUB/SPEED_OP.DSP.OP/DSP48E1_BODY_HP.ALIGN_ADD/DSP2/aclk
    DSP48_X3Y28          DSP48E1                                      r  bd_0_i/hls_inst/inst/HLS_accel_hadd_16bkb_U22/HLS_accel_ap_hadd_3_full_dsp_16_u/U0/i_synth/ADDSUB_OP.ADDSUB/SPEED_OP.DSP.OP/DSP48E1_BODY_HP.ALIGN_ADD/DSP2/DSP/CLK
  -------------------------------------------------------------------    -------------------
    DSP48_X3Y28          DSP48E1 (Prop_dsp48e1_CLK_P[19])
                                                      0.434     1.407 f  bd_0_i/hls_inst/inst/HLS_accel_hadd_16bkb_U22/HLS_accel_ap_hadd_3_full_dsp_16_u/U0/i_synth/ADDSUB_OP.ADDSUB/SPEED_OP.DSP.OP/DSP48E1_BODY_HP.ALIGN_ADD/DSP2/DSP/P[19]
                         net (fo=5, routed)           1.650     3.057    bd_0_i/hls_inst/inst/HLS_accel_hadd_16bkb_U22/HLS_accel_ap_hadd_3_full_dsp_16_u/U0/i_synth/ADDSUB_OP.ADDSUB/SPEED_OP.DSP.OP/DSP48E1_BODY_HP.NORM_RND/FULL_USAGE_DSP.LOD/P[6]
    SLICE_X88Y63         LUT4 (Prop_lut4_I0_O)        0.124     3.181 r  bd_0_i/hls_inst/inst/HLS_accel_hadd_16bkb_U22/HLS_accel_ap_hadd_3_full_dsp_16_u/U0/i_synth/ADDSUB_OP.ADDSUB/SPEED_OP.DSP.OP/DSP48E1_BODY_HP.NORM_RND/FULL_USAGE_DSP.LOD/DIST_ENC[1].i_det_lut1/O
                         net (fo=1, routed)           0.000     3.181    bd_0_i/hls_inst/inst/HLS_accel_hadd_16bkb_U22/HLS_accel_ap_hadd_3_full_dsp_16_u/U0/i_synth/ADDSUB_OP.ADDSUB/SPEED_OP.DSP.OP/DSP48E1_BODY_HP.NORM_RND/FULL_USAGE_DSP.LOD/det_lut_lzd_3
    SLICE_X88Y63         CARRY4 (Prop_carry4_S[3]_CO[3])
                                                      0.401     3.582 r  bd_0_i/hls_inst/inst/HLS_accel_hadd_16bkb_U22/HLS_accel_ap_hadd_3_full_dsp_16_u/U0/i_synth/ADDSUB_OP.ADDSUB/SPEED_OP.DSP.OP/DSP48E1_BODY_HP.NORM_RND/FULL_USAGE_DSP.LOD/DET_GEN[0].CARRY_MUX_CARRY4/CO[3]
                         net (fo=10, routed)          0.000     3.582    bd_0_i/hls_inst/inst/HLS_accel_hadd_16bkb_U22/HLS_accel_ap_hadd_3_full_dsp_16_u/U0/i_synth/ADDSUB_OP.ADDSUB/SPEED_OP.DSP.OP/DSP48E1_BODY_HP.NORM_RND/FULL_USAGE_DSP.LOD/DSP_0
    SLICE_X88Y64         CARRY4 (Prop_carry4_CI_CO[1])
                                                      0.157     3.739 r  bd_0_i/hls_inst/inst/HLS_accel_hadd_16bkb_U22/HLS_accel_ap_hadd_3_full_dsp_16_u/U0/i_synth/ADDSUB_OP.ADDSUB/SPEED_OP.DSP.OP/DSP48E1_BODY_HP.NORM_RND/FULL_USAGE_DSP.LOD/DET_GEN[4].CARRY_MUX_CARRY4/CO[1]
                         net (fo=5, routed)           0.466     4.205    bd_0_i/hls_inst/inst/HLS_accel_hadd_16bkb_U22/HLS_accel_ap_hadd_3_full_dsp_16_u/U0/i_synth/ADDSUB_OP.ADDSUB/SPEED_OP.DSP.OP/DSP48E1_BODY_HP.NORM_RND/FULL_USAGE_DSP.LOD/zero_pair_lzd_6
    SLICE_X87Y63         LUT3 (Prop_lut3_I0_O)        0.329     4.534 r  bd_0_i/hls_inst/inst/HLS_accel_hadd_16bkb_U22/HLS_accel_ap_hadd_3_full_dsp_16_u/U0/i_synth/ADDSUB_OP.ADDSUB/SPEED_OP.DSP.OP/DSP48E1_BODY_HP.NORM_RND/FULL_USAGE_DSP.LOD/gen_lut_pairs[2].lutpairmode1.lutXo6_i_1/O
                         net (fo=3, routed)           0.416     4.951    bd_0_i/hls_inst/inst/HLS_accel_hadd_16bkb_U22/HLS_accel_ap_hadd_3_full_dsp_16_u/U0/i_synth/ADDSUB_OP.ADDSUB/SPEED_OP.DSP.OP/DSP48E1_BODY_HP.NORM_RND/FULL_USAGE_DSP.LOD/NORM_DIST[2]
    SLICE_X87Y63         LUT6 (Prop_lut6_I3_O)        0.124     5.075 f  bd_0_i/hls_inst/inst/HLS_accel_hadd_16bkb_U22/HLS_accel_ap_hadd_3_full_dsp_16_u/U0/i_synth/ADDSUB_OP.ADDSUB/SPEED_OP.DSP.OP/DSP48E1_BODY_HP.NORM_RND/FULL_USAGE_DSP.LOD/LSBaddmode1.lut0o6_i_1/O
                         net (fo=2, routed)           0.852     5.927    bd_0_i/hls_inst/inst/HLS_accel_hadd_16bkb_U22/HLS_accel_ap_hadd_3_full_dsp_16_u/U0/i_synth/ADDSUB_OP.ADDSUB/SPEED_OP.DSP.OP/DSP48E1_BODY_HP.EXP/NOT_LOW_LATENCY_NORM_DIST.STRUCT_ADD/LSBaddmode1.lut0o6/I4
    SLICE_X67Y63         LUT5 (Prop_lut5_I4_O)        0.118     6.045 r  bd_0_i/hls_inst/inst/HLS_accel_hadd_16bkb_U22/HLS_accel_ap_hadd_3_full_dsp_16_u/U0/i_synth/ADDSUB_OP.ADDSUB/SPEED_OP.DSP.OP/DSP48E1_BODY_HP.EXP/NOT_LOW_LATENCY_NORM_DIST.STRUCT_ADD/LSBaddmode1.lut0o6/LUT5/O
                         net (fo=3, routed)           0.469     6.514    bd_0_i/hls_inst/inst/HLS_accel_hadd_16bkb_U22/HLS_accel_ap_hadd_3_full_dsp_16_u/U0/i_synth/ADDSUB_OP.ADDSUB/SPEED_OP.DSP.OP/DSP48E1_BODY_HP.EXP/NOT_LOW_LATENCY_NORM_DIST.STRUCT_ADD/gen_lut_pairs[1].lutpairmode1.lutXo6/I4
    SLICE_X67Y63         LUT6 (Prop_lut6_I4_O)        0.326     6.840 r  bd_0_i/hls_inst/inst/HLS_accel_hadd_16bkb_U22/HLS_accel_ap_hadd_3_full_dsp_16_u/U0/i_synth/ADDSUB_OP.ADDSUB/SPEED_OP.DSP.OP/DSP48E1_BODY_HP.EXP/NOT_LOW_LATENCY_NORM_DIST.STRUCT_ADD/gen_lut_pairs[1].lutpairmode1.lutXo6/LUT6/O
                         net (fo=1, routed)           0.000     6.840    bd_0_i/hls_inst/inst/HLS_accel_hadd_16bkb_U22/HLS_accel_ap_hadd_3_full_dsp_16_u/U0/i_synth/ADDSUB_OP.ADDSUB/SPEED_OP.DSP.OP/DSP48E1_BODY_HP.EXP/NOT_LOW_LATENCY_NORM_DIST.STRUCT_ADD/o6lut_i_1
    SLICE_X67Y63         CARRY4 (Prop_carry4_S[1]_CO[3])
                                                      0.550     7.390 r  bd_0_i/hls_inst/inst/HLS_accel_hadd_16bkb_U22/HLS_accel_ap_hadd_3_full_dsp_16_u/U0/i_synth/ADDSUB_OP.ADDSUB/SPEED_OP.DSP.OP/DSP48E1_BODY_HP.EXP/NOT_LOW_LATENCY_NORM_DIST.STRUCT_ADD/gen_carry4s[0].gen_carry4.y0.mcy00_CARRY4/CO[3]
                         net (fo=1, routed)           0.000     7.390    bd_0_i/hls_inst/inst/HLS_accel_hadd_16bkb_U22/HLS_accel_ap_hadd_3_full_dsp_16_u/U0/i_synth/ADDSUB_OP.ADDSUB/SPEED_OP.DSP.OP/DSP48E1_BODY_HP.EXP/NOT_LOW_LATENCY_NORM_DIST.STRUCT_ADD/carry_out_3
    SLICE_X67Y64         CARRY4 (Prop_carry4_CI_O[1])
                                                      0.334     7.724 f  bd_0_i/hls_inst/inst/HLS_accel_hadd_16bkb_U22/HLS_accel_ap_hadd_3_full_dsp_16_u/U0/i_synth/ADDSUB_OP.ADDSUB/SPEED_OP.DSP.OP/DSP48E1_BODY_HP.EXP/NOT_LOW_LATENCY_NORM_DIST.STRUCT_ADD/gen_carry4s[1].gen_carry4.yn.mcy00_CARRY4/O[1]
                         net (fo=2, routed)           0.964     8.688    bd_0_i/hls_inst/inst/HLS_accel_hadd_16bkb_U22/HLS_accel_ap_hadd_3_full_dsp_16_u/U0/i_synth/ADDSUB_OP.ADDSUB/SPEED_OP.DSP.OP/DSP48E1_BODY_HP.EXP/NOT_LOW_LATENCY_NORM_DIST.STRUCT_ADD/norm_exp_pad[5]
    SLICE_X66Y64         LUT6 (Prop_lut6_I1_O)        0.303     8.991 r  bd_0_i/hls_inst/inst/HLS_accel_hadd_16bkb_U22/HLS_accel_ap_hadd_3_full_dsp_16_u/U0/i_synth/ADDSUB_OP.ADDSUB/SPEED_OP.DSP.OP/DSP48E1_BODY_HP.EXP/NOT_LOW_LATENCY_NORM_DIST.STRUCT_ADD/opt_has_pipe.first_q[2]_i_2/O
                         net (fo=1, routed)           0.464     9.455    bd_0_i/hls_inst/inst/HLS_accel_hadd_16bkb_U22/HLS_accel_ap_hadd_3_full_dsp_16_u/U0/i_synth/ADDSUB_OP.ADDSUB/SPEED_OP.DSP.OP/DSP48E1_BODY_HP.EXP/NOT_LOW_LATENCY_NORM_DIST.STRUCT_ADD/exp_over_int
    SLICE_X66Y64         LUT2 (Prop_lut2_I0_O)        0.124     9.579 r  bd_0_i/hls_inst/inst/HLS_accel_hadd_16bkb_U22/HLS_accel_ap_hadd_3_full_dsp_16_u/U0/i_synth/ADDSUB_OP.ADDSUB/SPEED_OP.DSP.OP/DSP48E1_BODY_HP.EXP/NOT_LOW_LATENCY_NORM_DIST.STRUCT_ADD/opt_has_pipe.first_q[0]_i_1__6/O
                         net (fo=1, routed)           0.626    10.205    bd_0_i/hls_inst/inst/HLS_accel_hadd_16bkb_U22/HLS_accel_ap_hadd_3_full_dsp_16_u/U0/i_synth/ADDSUB_OP.ADDSUB/SPEED_OP.DSP.OP/DSP48E1_BODY_HP.EXP/NOT_LOW_LATENCY_NORM_DIST.SIGDELAY/i_pipe/D[0]
    SLICE_X59Y64         FDRE                                         r  bd_0_i/hls_inst/inst/HLS_accel_hadd_16bkb_U22/HLS_accel_ap_hadd_3_full_dsp_16_u/U0/i_synth/ADDSUB_OP.ADDSUB/SPEED_OP.DSP.OP/DSP48E1_BODY_HP.EXP/NOT_LOW_LATENCY_NORM_DIST.SIGDELAY/i_pipe/opt_has_pipe.first_q_reg[0]/D
  -------------------------------------------------------------------    -------------------

                         (clock ap_clk rise edge)    10.000    10.000 r  
                                                      0.000    10.000 r  ap_clk (IN)
                         net (fo=25350, unset)        0.924    10.924    bd_0_i/hls_inst/inst/HLS_accel_hadd_16bkb_U22/HLS_accel_ap_hadd_3_full_dsp_16_u/U0/i_synth/ADDSUB_OP.ADDSUB/SPEED_OP.DSP.OP/DSP48E1_BODY_HP.EXP/NOT_LOW_LATENCY_NORM_DIST.SIGDELAY/i_pipe/aclk
    SLICE_X59Y64         FDRE                                         r  bd_0_i/hls_inst/inst/HLS_accel_hadd_16bkb_U22/HLS_accel_ap_hadd_3_full_dsp_16_u/U0/i_synth/ADDSUB_OP.ADDSUB/SPEED_OP.DSP.OP/DSP48E1_BODY_HP.EXP/NOT_LOW_LATENCY_NORM_DIST.SIGDELAY/i_pipe/opt_has_pipe.first_q_reg[0]/C
                         clock pessimism              0.000    10.924    
                         clock uncertainty           -0.035    10.889    
    SLICE_X59Y64         FDRE (Setup_fdre_C_D)       -0.081    10.808    bd_0_i/hls_inst/inst/HLS_accel_hadd_16bkb_U22/HLS_accel_ap_hadd_3_full_dsp_16_u/U0/i_synth/ADDSUB_OP.ADDSUB/SPEED_OP.DSP.OP/DSP48E1_BODY_HP.EXP/NOT_LOW_LATENCY_NORM_DIST.SIGDELAY/i_pipe/opt_has_pipe.first_q_reg[0]
  -------------------------------------------------------------------
                         required time                         10.808    
                         arrival time                         -10.205    
  -------------------------------------------------------------------
                         slack                                  0.603    

Slack (MET) :             0.797ns  (required time - arrival time)
  Source:                 bd_0_i/hls_inst/inst/HLS_accel_hadd_16bkb_U7/HLS_accel_ap_hadd_3_full_dsp_16_u/U0/i_synth/ADDSUB_OP.ADDSUB/SPEED_OP.DSP.OP/DSP48E1_BODY_HP.ALIGN_ADD/DSP2/DSP/CLK
                            (rising edge-triggered cell DSP48E1 clocked by ap_clk  {rise@0.000ns fall@5.000ns period=10.000ns})
  Destination:            bd_0_i/hls_inst/inst/HLS_accel_hadd_16bkb_U7/HLS_accel_ap_hadd_3_full_dsp_16_u/U0/i_synth/ADDSUB_OP.ADDSUB/SPEED_OP.DSP.OP/DSP48E1_BODY_HP.EXP/NOT_LOW_LATENCY_NORM_DIST.SIGDELAY/i_pipe/opt_has_pipe.first_q_reg[0]/D
                            (rising edge-triggered cell FDRE clocked by ap_clk  {rise@0.000ns fall@5.000ns period=10.000ns})
  Path Group:             ap_clk
  Path Type:              Setup (Max at Slow Process Corner)
  Requirement:            10.000ns  (ap_clk rise@10.000ns - ap_clk rise@0.000ns)
  Data Path Delay:        9.052ns  (logic 3.032ns (33.495%)  route 6.020ns (66.505%))
  Logic Levels:           10  (CARRY4=3 LUT2=1 LUT3=1 LUT4=1 LUT5=1 LUT6=3)
  Clock Path Skew:        -0.049ns (DCD - SCD + CPR)
    Destination Clock Delay (DCD):    0.924ns = ( 10.924 - 10.000 ) 
    Source Clock Delay      (SCD):    0.973ns
    Clock Pessimism Removal (CPR):    0.000ns
  Clock Uncertainty:      0.035ns  ((TSJ^2 + TIJ^2)^1/2 + DJ) / 2 + PE
    Total System Jitter     (TSJ):    0.071ns
    Total Input Jitter      (TIJ):    0.000ns
    Discrete Jitter          (DJ):    0.000ns
    Phase Error              (PE):    0.000ns

    Location             Delay type                Incr(ns)  Path(ns)    Netlist Resource(s)
  -------------------------------------------------------------------    -------------------
                         (clock ap_clk rise edge)     0.000     0.000 r  
                                                      0.000     0.000 r  ap_clk (IN)
                         net (fo=25350, unset)        0.973     0.973    bd_0_i/hls_inst/inst/HLS_accel_hadd_16bkb_U7/HLS_accel_ap_hadd_3_full_dsp_16_u/U0/i_synth/ADDSUB_OP.ADDSUB/SPEED_OP.DSP.OP/DSP48E1_BODY_HP.ALIGN_ADD/DSP2/aclk
    DSP48_X3Y2           DSP48E1                                      r  bd_0_i/hls_inst/inst/HLS_accel_hadd_16bkb_U7/HLS_accel_ap_hadd_3_full_dsp_16_u/U0/i_synth/ADDSUB_OP.ADDSUB/SPEED_OP.DSP.OP/DSP48E1_BODY_HP.ALIGN_ADD/DSP2/DSP/CLK
  -------------------------------------------------------------------    -------------------
    DSP48_X3Y2           DSP48E1 (Prop_dsp48e1_CLK_P[23])
                                                      0.434     1.407 f  bd_0_i/hls_inst/inst/HLS_accel_hadd_16bkb_U7/HLS_accel_ap_hadd_3_full_dsp_16_u/U0/i_synth/ADDSUB_OP.ADDSUB/SPEED_OP.DSP.OP/DSP48E1_BODY_HP.ALIGN_ADD/DSP2/DSP/P[23]
                         net (fo=5, routed)           1.300     2.707    bd_0_i/hls_inst/inst/HLS_accel_hadd_16bkb_U7/HLS_accel_ap_hadd_3_full_dsp_16_u/U0/i_synth/ADDSUB_OP.ADDSUB/SPEED_OP.DSP.OP/DSP48E1_BODY_HP.NORM_RND/FULL_USAGE_DSP.LOD/P[10]
    SLICE_X93Y2          LUT4 (Prop_lut4_I0_O)        0.124     2.831 r  bd_0_i/hls_inst/inst/HLS_accel_hadd_16bkb_U7/HLS_accel_ap_hadd_3_full_dsp_16_u/U0/i_synth/ADDSUB_OP.ADDSUB/SPEED_OP.DSP.OP/DSP48E1_BODY_HP.NORM_RND/FULL_USAGE_DSP.LOD/DIST_ENC[0].i_det_lut1/O
                         net (fo=1, routed)           0.000     2.831    bd_0_i/hls_inst/inst/HLS_accel_hadd_16bkb_U7/HLS_accel_ap_hadd_3_full_dsp_16_u/U0/i_synth/ADDSUB_OP.ADDSUB/SPEED_OP.DSP.OP/DSP48E1_BODY_HP.NORM_RND/FULL_USAGE_DSP.LOD/det_lut_lzd_1
    SLICE_X93Y2          CARRY4 (Prop_carry4_S[1]_CO[3])
                                                      0.550     3.381 r  bd_0_i/hls_inst/inst/HLS_accel_hadd_16bkb_U7/HLS_accel_ap_hadd_3_full_dsp_16_u/U0/i_synth/ADDSUB_OP.ADDSUB/SPEED_OP.DSP.OP/DSP48E1_BODY_HP.NORM_RND/FULL_USAGE_DSP.LOD/DET_GEN[0].CARRY_MUX_CARRY4/CO[3]
                         net (fo=10, routed)          1.145     4.526    bd_0_i/hls_inst/inst/HLS_accel_hadd_16bkb_U7/HLS_accel_ap_hadd_3_full_dsp_16_u/U0/i_synth/ADDSUB_OP.ADDSUB/SPEED_OP.DSP.OP/DSP48E1_BODY_HP.NORM_RND/FULL_USAGE_DSP.LOD/DSP_0
    SLICE_X92Y2          LUT3 (Prop_lut3_I1_O)        0.124     4.650 r  bd_0_i/hls_inst/inst/HLS_accel_hadd_16bkb_U7/HLS_accel_ap_hadd_3_full_dsp_16_u/U0/i_synth/ADDSUB_OP.ADDSUB/SPEED_OP.DSP.OP/DSP48E1_BODY_HP.NORM_RND/FULL_USAGE_DSP.LOD/gen_lut_pairs[2].lutpairmode1.lutXo6_i_1/O
                         net (fo=3, routed)           0.578     5.228    bd_0_i/hls_inst/inst/HLS_accel_hadd_16bkb_U7/HLS_accel_ap_hadd_3_full_dsp_16_u/U0/i_synth/ADDSUB_OP.ADDSUB/SPEED_OP.DSP.OP/DSP48E1_BODY_HP.NORM_RND/FULL_USAGE_DSP.LOD/NORM_DIST[2]
    SLICE_X92Y3          LUT6 (Prop_lut6_I3_O)        0.124     5.352 f  bd_0_i/hls_inst/inst/HLS_accel_hadd_16bkb_U7/HLS_accel_ap_hadd_3_full_dsp_16_u/U0/i_synth/ADDSUB_OP.ADDSUB/SPEED_OP.DSP.OP/DSP48E1_BODY_HP.NORM_RND/FULL_USAGE_DSP.LOD/LSBaddmode1.lut0o6_i_1/O
                         net (fo=2, routed)           0.772     6.124    bd_0_i/hls_inst/inst/HLS_accel_hadd_16bkb_U7/HLS_accel_ap_hadd_3_full_dsp_16_u/U0/i_synth/ADDSUB_OP.ADDSUB/SPEED_OP.DSP.OP/DSP48E1_BODY_HP.EXP/NOT_LOW_LATENCY_NORM_DIST.STRUCT_ADD/LSBaddmode1.lut0o6/I4
    SLICE_X89Y3          LUT5 (Prop_lut5_I4_O)        0.118     6.242 r  bd_0_i/hls_inst/inst/HLS_accel_hadd_16bkb_U7/HLS_accel_ap_hadd_3_full_dsp_16_u/U0/i_synth/ADDSUB_OP.ADDSUB/SPEED_OP.DSP.OP/DSP48E1_BODY_HP.EXP/NOT_LOW_LATENCY_NORM_DIST.STRUCT_ADD/LSBaddmode1.lut0o6/LUT5/O
                         net (fo=3, routed)           0.469     6.710    bd_0_i/hls_inst/inst/HLS_accel_hadd_16bkb_U7/HLS_accel_ap_hadd_3_full_dsp_16_u/U0/i_synth/ADDSUB_OP.ADDSUB/SPEED_OP.DSP.OP/DSP48E1_BODY_HP.EXP/NOT_LOW_LATENCY_NORM_DIST.STRUCT_ADD/gen_lut_pairs[1].lutpairmode1.lutXo6/I4
    SLICE_X89Y3          LUT6 (Prop_lut6_I4_O)        0.326     7.036 r  bd_0_i/hls_inst/inst/HLS_accel_hadd_16bkb_U7/HLS_accel_ap_hadd_3_full_dsp_16_u/U0/i_synth/ADDSUB_OP.ADDSUB/SPEED_OP.DSP.OP/DSP48E1_BODY_HP.EXP/NOT_LOW_LATENCY_NORM_DIST.STRUCT_ADD/gen_lut_pairs[1].lutpairmode1.lutXo6/LUT6/O
                         net (fo=1, routed)           0.000     7.036    bd_0_i/hls_inst/inst/HLS_accel_hadd_16bkb_U7/HLS_accel_ap_hadd_3_full_dsp_16_u/U0/i_synth/ADDSUB_OP.ADDSUB/SPEED_OP.DSP.OP/DSP48E1_BODY_HP.EXP/NOT_LOW_LATENCY_NORM_DIST.STRUCT_ADD/o6lut_i_1
    SLICE_X89Y3          CARRY4 (Prop_carry4_S[1]_CO[3])
                                                      0.550     7.586 r  bd_0_i/hls_inst/inst/HLS_accel_hadd_16bkb_U7/HLS_accel_ap_hadd_3_full_dsp_16_u/U0/i_synth/ADDSUB_OP.ADDSUB/SPEED_OP.DSP.OP/DSP48E1_BODY_HP.EXP/NOT_LOW_LATENCY_NORM_DIST.STRUCT_ADD/gen_carry4s[0].gen_carry4.y0.mcy00_CARRY4/CO[3]
                         net (fo=1, routed)           0.000     7.586    bd_0_i/hls_inst/inst/HLS_accel_hadd_16bkb_U7/HLS_accel_ap_hadd_3_full_dsp_16_u/U0/i_synth/ADDSUB_OP.ADDSUB/SPEED_OP.DSP.OP/DSP48E1_BODY_HP.EXP/NOT_LOW_LATENCY_NORM_DIST.STRUCT_ADD/carry_out_3
    SLICE_X89Y4          CARRY4 (Prop_carry4_CI_O[2])
                                                      0.256     7.842 f  bd_0_i/hls_inst/inst/HLS_accel_hadd_16bkb_U7/HLS_accel_ap_hadd_3_full_dsp_16_u/U0/i_synth/ADDSUB_OP.ADDSUB/SPEED_OP.DSP.OP/DSP48E1_BODY_HP.EXP/NOT_LOW_LATENCY_NORM_DIST.STRUCT_ADD/gen_carry4s[1].gen_carry4.yn.mcy00_CARRY4/O[2]
                         net (fo=3, routed)           0.826     8.668    bd_0_i/hls_inst/inst/HLS_accel_hadd_16bkb_U7/HLS_accel_ap_hadd_3_full_dsp_16_u/U0/i_synth/ADDSUB_OP.ADDSUB/SPEED_OP.DSP.OP/DSP48E1_BODY_HP.EXP/NOT_LOW_LATENCY_NORM_DIST.STRUCT_ADD/o[5]
    SLICE_X87Y3          LUT6 (Prop_lut6_I0_O)        0.302     8.970 r  bd_0_i/hls_inst/inst/HLS_accel_hadd_16bkb_U7/HLS_accel_ap_hadd_3_full_dsp_16_u/U0/i_synth/ADDSUB_OP.ADDSUB/SPEED_OP.DSP.OP/DSP48E1_BODY_HP.EXP/NOT_LOW_LATENCY_NORM_DIST.STRUCT_ADD/opt_has_pipe.first_q[2]_i_2/O
                         net (fo=1, routed)           0.451     9.421    bd_0_i/hls_inst/inst/HLS_accel_hadd_16bkb_U7/HLS_accel_ap_hadd_3_full_dsp_16_u/U0/i_synth/ADDSUB_OP.ADDSUB/SPEED_OP.DSP.OP/DSP48E1_BODY_HP.EXP/NOT_LOW_LATENCY_NORM_DIST.STRUCT_ADD/exp_over_int
    SLICE_X87Y3          LUT2 (Prop_lut2_I0_O)        0.124     9.545 r  bd_0_i/hls_inst/inst/HLS_accel_hadd_16bkb_U7/HLS_accel_ap_hadd_3_full_dsp_16_u/U0/i_synth/ADDSUB_OP.ADDSUB/SPEED_OP.DSP.OP/DSP48E1_BODY_HP.EXP/NOT_LOW_LATENCY_NORM_DIST.STRUCT_ADD/opt_has_pipe.first_q[0]_i_1__6/O
                         net (fo=1, routed)           0.480    10.025    bd_0_i/hls_inst/inst/HLS_accel_hadd_16bkb_U7/HLS_accel_ap_hadd_3_full_dsp_16_u/U0/i_synth/ADDSUB_OP.ADDSUB/SPEED_OP.DSP.OP/DSP48E1_BODY_HP.EXP/NOT_LOW_LATENCY_NORM_DIST.SIGDELAY/i_pipe/D[0]
    SLICE_X88Y3          FDRE                                         r  bd_0_i/hls_inst/inst/HLS_accel_hadd_16bkb_U7/HLS_accel_ap_hadd_3_full_dsp_16_u/U0/i_synth/ADDSUB_OP.ADDSUB/SPEED_OP.DSP.OP/DSP48E1_BODY_HP.EXP/NOT_LOW_LATENCY_NORM_DIST.SIGDELAY/i_pipe/opt_has_pipe.first_q_reg[0]/D
  -------------------------------------------------------------------    -------------------

                         (clock ap_clk rise edge)    10.000    10.000 r  
                                                      0.000    10.000 r  ap_clk (IN)
                         net (fo=25350, unset)        0.924    10.924    bd_0_i/hls_inst/inst/HLS_accel_hadd_16bkb_U7/HLS_accel_ap_hadd_3_full_dsp_16_u/U0/i_synth/ADDSUB_OP.ADDSUB/SPEED_OP.DSP.OP/DSP48E1_BODY_HP.EXP/NOT_LOW_LATENCY_NORM_DIST.SIGDELAY/i_pipe/aclk
    SLICE_X88Y3          FDRE                                         r  bd_0_i/hls_inst/inst/HLS_accel_hadd_16bkb_U7/HLS_accel_ap_hadd_3_full_dsp_16_u/U0/i_synth/ADDSUB_OP.ADDSUB/SPEED_OP.DSP.OP/DSP48E1_BODY_HP.EXP/NOT_LOW_LATENCY_NORM_DIST.SIGDELAY/i_pipe/opt_has_pipe.first_q_reg[0]/C
                         clock pessimism              0.000    10.924    
                         clock uncertainty           -0.035    10.889    
    SLICE_X88Y3          FDRE (Setup_fdre_C_D)       -0.067    10.822    bd_0_i/hls_inst/inst/HLS_accel_hadd_16bkb_U7/HLS_accel_ap_hadd_3_full_dsp_16_u/U0/i_synth/ADDSUB_OP.ADDSUB/SPEED_OP.DSP.OP/DSP48E1_BODY_HP.EXP/NOT_LOW_LATENCY_NORM_DIST.SIGDELAY/i_pipe/opt_has_pipe.first_q_reg[0]
  -------------------------------------------------------------------
                         required time                         10.822    
                         arrival time                         -10.025    
  -------------------------------------------------------------------
                         slack                                  0.797    

Slack (MET) :             0.844ns  (required time - arrival time)
  Source:                 bd_0_i/hls_inst/inst/HLS_accel_hadd_16bkb_U2/HLS_accel_ap_hadd_3_full_dsp_16_u/U0/i_synth/ADDSUB_OP.ADDSUB/SPEED_OP.DSP.OP/DSP48E1_BODY_HP.ALIGN_ADD/DSP2/DSP/CLK
                            (rising edge-triggered cell DSP48E1 clocked by ap_clk  {rise@0.000ns fall@5.000ns period=10.000ns})
  Destination:            bd_0_i/hls_inst/inst/HLS_accel_hadd_16bkb_U2/HLS_accel_ap_hadd_3_full_dsp_16_u/U0/i_synth/ADDSUB_OP.ADDSUB/SPEED_OP.DSP.OP/DSP48E1_BODY_HP.EXP/NOT_LOW_LATENCY_NORM_DIST.SIGDELAY/i_pipe/opt_has_pipe.first_q_reg[0]/D
                            (rising edge-triggered cell FDRE clocked by ap_clk  {rise@0.000ns fall@5.000ns period=10.000ns})
  Path Group:             ap_clk
  Path Type:              Setup (Max at Slow Process Corner)
  Requirement:            10.000ns  (ap_clk rise@10.000ns - ap_clk rise@0.000ns)
  Data Path Delay:        9.010ns  (logic 2.806ns (31.142%)  route 6.204ns (68.858%))
  Logic Levels:           9  (CARRY4=2 LUT2=1 LUT3=1 LUT4=1 LUT5=1 LUT6=3)
  Clock Path Skew:        -0.049ns (DCD - SCD + CPR)
    Destination Clock Delay (DCD):    0.924ns = ( 10.924 - 10.000 ) 
    Source Clock Delay      (SCD):    0.973ns
    Clock Pessimism Removal (CPR):    0.000ns
  Clock Uncertainty:      0.035ns  ((TSJ^2 + TIJ^2)^1/2 + DJ) / 2 + PE
    Total System Jitter     (TSJ):    0.071ns
    Total Input Jitter      (TIJ):    0.000ns
    Discrete Jitter          (DJ):    0.000ns
    Phase Error              (PE):    0.000ns

    Location             Delay type                Incr(ns)  Path(ns)    Netlist Resource(s)
  -------------------------------------------------------------------    -------------------
                         (clock ap_clk rise edge)     0.000     0.000 r  
                                                      0.000     0.000 r  ap_clk (IN)
                         net (fo=25350, unset)        0.973     0.973    bd_0_i/hls_inst/inst/HLS_accel_hadd_16bkb_U2/HLS_accel_ap_hadd_3_full_dsp_16_u/U0/i_synth/ADDSUB_OP.ADDSUB/SPEED_OP.DSP.OP/DSP48E1_BODY_HP.ALIGN_ADD/DSP2/aclk
    DSP48_X1Y7           DSP48E1                                      r  bd_0_i/hls_inst/inst/HLS_accel_hadd_16bkb_U2/HLS_accel_ap_hadd_3_full_dsp_16_u/U0/i_synth/ADDSUB_OP.ADDSUB/SPEED_OP.DSP.OP/DSP48E1_BODY_HP.ALIGN_ADD/DSP2/DSP/CLK
  -------------------------------------------------------------------    -------------------
    DSP48_X1Y7           DSP48E1 (Prop_dsp48e1_CLK_P[23])
                                                      0.434     1.407 f  bd_0_i/hls_inst/inst/HLS_accel_hadd_16bkb_U2/HLS_accel_ap_hadd_3_full_dsp_16_u/U0/i_synth/ADDSUB_OP.ADDSUB/SPEED_OP.DSP.OP/DSP48E1_BODY_HP.ALIGN_ADD/DSP2/DSP/P[23]
                         net (fo=5, routed)           1.321     2.728    bd_0_i/hls_inst/inst/HLS_accel_hadd_16bkb_U2/HLS_accel_ap_hadd_3_full_dsp_16_u/U0/i_synth/ADDSUB_OP.ADDSUB/SPEED_OP.DSP.OP/DSP48E1_BODY_HP.NORM_RND/FULL_USAGE_DSP.LOD/P[10]
    SLICE_X23Y12         LUT4 (Prop_lut4_I0_O)        0.124     2.852 r  bd_0_i/hls_inst/inst/HLS_accel_hadd_16bkb_U2/HLS_accel_ap_hadd_3_full_dsp_16_u/U0/i_synth/ADDSUB_OP.ADDSUB/SPEED_OP.DSP.OP/DSP48E1_BODY_HP.NORM_RND/FULL_USAGE_DSP.LOD/DIST_ENC[0].i_det_lut1/O
                         net (fo=1, routed)           0.000     2.852    bd_0_i/hls_inst/inst/HLS_accel_hadd_16bkb_U2/HLS_accel_ap_hadd_3_full_dsp_16_u/U0/i_synth/ADDSUB_OP.ADDSUB/SPEED_OP.DSP.OP/DSP48E1_BODY_HP.NORM_RND/FULL_USAGE_DSP.LOD/det_lut_lzd_1
    SLICE_X23Y12         CARRY4 (Prop_carry4_S[1]_CO[3])
                                                      0.550     3.402 r  bd_0_i/hls_inst/inst/HLS_accel_hadd_16bkb_U2/HLS_accel_ap_hadd_3_full_dsp_16_u/U0/i_synth/ADDSUB_OP.ADDSUB/SPEED_OP.DSP.OP/DSP48E1_BODY_HP.NORM_RND/FULL_USAGE_DSP.LOD/DET_GEN[0].CARRY_MUX_CARRY4/CO[3]
                         net (fo=10, routed)          1.236     4.637    bd_0_i/hls_inst/inst/HLS_accel_hadd_16bkb_U2/HLS_accel_ap_hadd_3_full_dsp_16_u/U0/i_synth/ADDSUB_OP.ADDSUB/SPEED_OP.DSP.OP/DSP48E1_BODY_HP.NORM_RND/FULL_USAGE_DSP.LOD/DSP_0
    SLICE_X25Y12         LUT3 (Prop_lut3_I1_O)        0.124     4.761 r  bd_0_i/hls_inst/inst/HLS_accel_hadd_16bkb_U2/HLS_accel_ap_hadd_3_full_dsp_16_u/U0/i_synth/ADDSUB_OP.ADDSUB/SPEED_OP.DSP.OP/DSP48E1_BODY_HP.NORM_RND/FULL_USAGE_DSP.LOD/gen_lut_pairs[2].lutpairmode1.lutXo6_i_1/O
                         net (fo=3, routed)           0.634     5.396    bd_0_i/hls_inst/inst/HLS_accel_hadd_16bkb_U2/HLS_accel_ap_hadd_3_full_dsp_16_u/U0/i_synth/ADDSUB_OP.ADDSUB/SPEED_OP.DSP.OP/DSP48E1_BODY_HP.NORM_RND/FULL_USAGE_DSP.LOD/NORM_DIST[2]
    SLICE_X24Y12         LUT6 (Prop_lut6_I3_O)        0.124     5.520 f  bd_0_i/hls_inst/inst/HLS_accel_hadd_16bkb_U2/HLS_accel_ap_hadd_3_full_dsp_16_u/U0/i_synth/ADDSUB_OP.ADDSUB/SPEED_OP.DSP.OP/DSP48E1_BODY_HP.NORM_RND/FULL_USAGE_DSP.LOD/LSBaddmode1.lut0o6_i_1/O
                         net (fo=2, routed)           0.559     6.078    bd_0_i/hls_inst/inst/HLS_accel_hadd_16bkb_U2/HLS_accel_ap_hadd_3_full_dsp_16_u/U0/i_synth/ADDSUB_OP.ADDSUB/SPEED_OP.DSP.OP/DSP48E1_BODY_HP.EXP/NOT_LOW_LATENCY_NORM_DIST.STRUCT_ADD/LSBaddmode1.lut0o6/I4
    SLICE_X24Y11         LUT5 (Prop_lut5_I4_O)        0.118     6.196 r  bd_0_i/hls_inst/inst/HLS_accel_hadd_16bkb_U2/HLS_accel_ap_hadd_3_full_dsp_16_u/U0/i_synth/ADDSUB_OP.ADDSUB/SPEED_OP.DSP.OP/DSP48E1_BODY_HP.EXP/NOT_LOW_LATENCY_NORM_DIST.STRUCT_ADD/LSBaddmode1.lut0o6/LUT5/O
                         net (fo=3, routed)           0.484     6.680    bd_0_i/hls_inst/inst/HLS_accel_hadd_16bkb_U2/HLS_accel_ap_hadd_3_full_dsp_16_u/U0/i_synth/ADDSUB_OP.ADDSUB/SPEED_OP.DSP.OP/DSP48E1_BODY_HP.EXP/NOT_LOW_LATENCY_NORM_DIST.STRUCT_ADD/gen_lut_pairs[1].lutpairmode1.lutXo6/I4
    SLICE_X24Y11         LUT6 (Prop_lut6_I4_O)        0.326     7.006 r  bd_0_i/hls_inst/inst/HLS_accel_hadd_16bkb_U2/HLS_accel_ap_hadd_3_full_dsp_16_u/U0/i_synth/ADDSUB_OP.ADDSUB/SPEED_OP.DSP.OP/DSP48E1_BODY_HP.EXP/NOT_LOW_LATENCY_NORM_DIST.STRUCT_ADD/gen_lut_pairs[1].lutpairmode1.lutXo6/LUT6/O
                         net (fo=1, routed)           0.000     7.006    bd_0_i/hls_inst/inst/HLS_accel_hadd_16bkb_U2/HLS_accel_ap_hadd_3_full_dsp_16_u/U0/i_synth/ADDSUB_OP.ADDSUB/SPEED_OP.DSP.OP/DSP48E1_BODY_HP.EXP/NOT_LOW_LATENCY_NORM_DIST.STRUCT_ADD/o6lut_i_1
    SLICE_X24Y11         CARRY4 (Prop_carry4_S[1]_O[2])
                                                      0.580     7.586 r  bd_0_i/hls_inst/inst/HLS_accel_hadd_16bkb_U2/HLS_accel_ap_hadd_3_full_dsp_16_u/U0/i_synth/ADDSUB_OP.ADDSUB/SPEED_OP.DSP.OP/DSP48E1_BODY_HP.EXP/NOT_LOW_LATENCY_NORM_DIST.STRUCT_ADD/gen_carry4s[0].gen_carry4.y0.mcy00_CARRY4/O[2]
                         net (fo=3, routed)           1.049     8.635    bd_0_i/hls_inst/inst/HLS_accel_hadd_16bkb_U2/HLS_accel_ap_hadd_3_full_dsp_16_u/U0/i_synth/ADDSUB_OP.ADDSUB/SPEED_OP.DSP.OP/DSP48E1_BODY_HP.EXP/NOT_LOW_LATENCY_NORM_DIST.STRUCT_ADD/o[2]
    SLICE_X23Y11         LUT6 (Prop_lut6_I2_O)        0.302     8.937 r  bd_0_i/hls_inst/inst/HLS_accel_hadd_16bkb_U2/HLS_accel_ap_hadd_3_full_dsp_16_u/U0/i_synth/ADDSUB_OP.ADDSUB/SPEED_OP.DSP.OP/DSP48E1_BODY_HP.EXP/NOT_LOW_LATENCY_NORM_DIST.STRUCT_ADD/opt_has_pipe.first_q[2]_i_2/O
                         net (fo=1, routed)           0.403     9.340    bd_0_i/hls_inst/inst/HLS_accel_hadd_16bkb_U2/HLS_accel_ap_hadd_3_full_dsp_16_u/U0/i_synth/ADDSUB_OP.ADDSUB/SPEED_OP.DSP.OP/DSP48E1_BODY_HP.EXP/NOT_LOW_LATENCY_NORM_DIST.STRUCT_ADD/exp_over_int
    SLICE_X23Y11         LUT2 (Prop_lut2_I0_O)        0.124     9.464 r  bd_0_i/hls_inst/inst/HLS_accel_hadd_16bkb_U2/HLS_accel_ap_hadd_3_full_dsp_16_u/U0/i_synth/ADDSUB_OP.ADDSUB/SPEED_OP.DSP.OP/DSP48E1_BODY_HP.EXP/NOT_LOW_LATENCY_NORM_DIST.STRUCT_ADD/opt_has_pipe.first_q[0]_i_1__6/O
                         net (fo=1, routed)           0.519     9.983    bd_0_i/hls_inst/inst/HLS_accel_hadd_16bkb_U2/HLS_accel_ap_hadd_3_full_dsp_16_u/U0/i_synth/ADDSUB_OP.ADDSUB/SPEED_OP.DSP.OP/DSP48E1_BODY_HP.EXP/NOT_LOW_LATENCY_NORM_DIST.SIGDELAY/i_pipe/D[0]
    SLICE_X23Y11         FDRE                                         r  bd_0_i/hls_inst/inst/HLS_accel_hadd_16bkb_U2/HLS_accel_ap_hadd_3_full_dsp_16_u/U0/i_synth/ADDSUB_OP.ADDSUB/SPEED_OP.DSP.OP/DSP48E1_BODY_HP.EXP/NOT_LOW_LATENCY_NORM_DIST.SIGDELAY/i_pipe/opt_has_pipe.first_q_reg[0]/D
  -------------------------------------------------------------------    -------------------

                         (clock ap_clk rise edge)    10.000    10.000 r  
                                                      0.000    10.000 r  ap_clk (IN)
                         net (fo=25350, unset)        0.924    10.924    bd_0_i/hls_inst/inst/HLS_accel_hadd_16bkb_U2/HLS_accel_ap_hadd_3_full_dsp_16_u/U0/i_synth/ADDSUB_OP.ADDSUB/SPEED_OP.DSP.OP/DSP48E1_BODY_HP.EXP/NOT_LOW_LATENCY_NORM_DIST.SIGDELAY/i_pipe/aclk
    SLICE_X23Y11         FDRE                                         r  bd_0_i/hls_inst/inst/HLS_accel_hadd_16bkb_U2/HLS_accel_ap_hadd_3_full_dsp_16_u/U0/i_synth/ADDSUB_OP.ADDSUB/SPEED_OP.DSP.OP/DSP48E1_BODY_HP.EXP/NOT_LOW_LATENCY_NORM_DIST.SIGDELAY/i_pipe/opt_has_pipe.first_q_reg[0]/C
                         clock pessimism              0.000    10.924    
                         clock uncertainty           -0.035    10.889    
    SLICE_X23Y11         FDRE (Setup_fdre_C_D)       -0.062    10.827    bd_0_i/hls_inst/inst/HLS_accel_hadd_16bkb_U2/HLS_accel_ap_hadd_3_full_dsp_16_u/U0/i_synth/ADDSUB_OP.ADDSUB/SPEED_OP.DSP.OP/DSP48E1_BODY_HP.EXP/NOT_LOW_LATENCY_NORM_DIST.SIGDELAY/i_pipe/opt_has_pipe.first_q_reg[0]
  -------------------------------------------------------------------
                         required time                         10.827    
                         arrival time                          -9.983    
  -------------------------------------------------------------------
                         slack                                  0.844    

Slack (MET) :             0.968ns  (required time - arrival time)
  Source:                 bd_0_i/hls_inst/inst/HLS_accel_hadd_16bkb_U35/HLS_accel_ap_hadd_3_full_dsp_16_u/U0/i_synth/ADDSUB_OP.ADDSUB/SPEED_OP.DSP.OP/DSP48E1_BODY_HP.ALIGN_ADD/DSP2/DSP/CLK
                            (rising edge-triggered cell DSP48E1 clocked by ap_clk  {rise@0.000ns fall@5.000ns period=10.000ns})
  Destination:            bd_0_i/hls_inst/inst/HLS_accel_hadd_16bkb_U35/HLS_accel_ap_hadd_3_full_dsp_16_u/U0/i_synth/ADDSUB_OP.ADDSUB/SPEED_OP.DSP.OP/DSP48E1_BODY_HP.EXP/NOT_LOW_LATENCY_NORM_DIST.SIGDELAY/i_pipe/opt_has_pipe.first_q_reg[0]/D
                            (rising edge-triggered cell FDRE clocked by ap_clk  {rise@0.000ns fall@5.000ns period=10.000ns})
  Path Group:             ap_clk
  Path Type:              Setup (Max at Slow Process Corner)
  Requirement:            10.000ns  (ap_clk rise@10.000ns - ap_clk rise@0.000ns)
  Data Path Delay:        8.903ns  (logic 3.032ns (34.056%)  route 5.871ns (65.944%))
  Logic Levels:           10  (CARRY4=3 LUT2=1 LUT3=1 LUT4=1 LUT5=1 LUT6=3)
  Clock Path Skew:        -0.049ns (DCD - SCD + CPR)
    Destination Clock Delay (DCD):    0.924ns = ( 10.924 - 10.000 ) 
    Source Clock Delay      (SCD):    0.973ns
    Clock Pessimism Removal (CPR):    0.000ns
  Clock Uncertainty:      0.035ns  ((TSJ^2 + TIJ^2)^1/2 + DJ) / 2 + PE
    Total System Jitter     (TSJ):    0.071ns
    Total Input Jitter      (TIJ):    0.000ns
    Discrete Jitter          (DJ):    0.000ns
    Phase Error              (PE):    0.000ns

    Location             Delay type                Incr(ns)  Path(ns)    Netlist Resource(s)
  -------------------------------------------------------------------    -------------------
                         (clock ap_clk rise edge)     0.000     0.000 r  
                                                      0.000     0.000 r  ap_clk (IN)
                         net (fo=25350, unset)        0.973     0.973    bd_0_i/hls_inst/inst/HLS_accel_hadd_16bkb_U35/HLS_accel_ap_hadd_3_full_dsp_16_u/U0/i_synth/ADDSUB_OP.ADDSUB/SPEED_OP.DSP.OP/DSP48E1_BODY_HP.ALIGN_ADD/DSP2/aclk
    DSP48_X2Y31          DSP48E1                                      r  bd_0_i/hls_inst/inst/HLS_accel_hadd_16bkb_U35/HLS_accel_ap_hadd_3_full_dsp_16_u/U0/i_synth/ADDSUB_OP.ADDSUB/SPEED_OP.DSP.OP/DSP48E1_BODY_HP.ALIGN_ADD/DSP2/DSP/CLK
  -------------------------------------------------------------------    -------------------
    DSP48_X2Y31          DSP48E1 (Prop_dsp48e1_CLK_P[23])
                                                      0.434     1.407 f  bd_0_i/hls_inst/inst/HLS_accel_hadd_16bkb_U35/HLS_accel_ap_hadd_3_full_dsp_16_u/U0/i_synth/ADDSUB_OP.ADDSUB/SPEED_OP.DSP.OP/DSP48E1_BODY_HP.ALIGN_ADD/DSP2/DSP/P[23]
                         net (fo=5, routed)           1.226     2.633    bd_0_i/hls_inst/inst/HLS_accel_hadd_16bkb_U35/HLS_accel_ap_hadd_3_full_dsp_16_u/U0/i_synth/ADDSUB_OP.ADDSUB/SPEED_OP.DSP.OP/DSP48E1_BODY_HP.NORM_RND/FULL_USAGE_DSP.LOD/P[10]
    SLICE_X37Y80         LUT4 (Prop_lut4_I0_O)        0.124     2.757 r  bd_0_i/hls_inst/inst/HLS_accel_hadd_16bkb_U35/HLS_accel_ap_hadd_3_full_dsp_16_u/U0/i_synth/ADDSUB_OP.ADDSUB/SPEED_OP.DSP.OP/DSP48E1_BODY_HP.NORM_RND/FULL_USAGE_DSP.LOD/DIST_ENC[0].i_det_lut1/O
                         net (fo=1, routed)           0.000     2.757    bd_0_i/hls_inst/inst/HLS_accel_hadd_16bkb_U35/HLS_accel_ap_hadd_3_full_dsp_16_u/U0/i_synth/ADDSUB_OP.ADDSUB/SPEED_OP.DSP.OP/DSP48E1_BODY_HP.NORM_RND/FULL_USAGE_DSP.LOD/det_lut_lzd_1
    SLICE_X37Y80         CARRY4 (Prop_carry4_S[1]_CO[3])
                                                      0.550     3.307 r  bd_0_i/hls_inst/inst/HLS_accel_hadd_16bkb_U35/HLS_accel_ap_hadd_3_full_dsp_16_u/U0/i_synth/ADDSUB_OP.ADDSUB/SPEED_OP.DSP.OP/DSP48E1_BODY_HP.NORM_RND/FULL_USAGE_DSP.LOD/DET_GEN[0].CARRY_MUX_CARRY4/CO[3]
                         net (fo=10, routed)          1.135     4.442    bd_0_i/hls_inst/inst/HLS_accel_hadd_16bkb_U35/HLS_accel_ap_hadd_3_full_dsp_16_u/U0/i_synth/ADDSUB_OP.ADDSUB/SPEED_OP.DSP.OP/DSP48E1_BODY_HP.NORM_RND/FULL_USAGE_DSP.LOD/DSP_0
    SLICE_X34Y81         LUT3 (Prop_lut3_I1_O)        0.124     4.566 r  bd_0_i/hls_inst/inst/HLS_accel_hadd_16bkb_U35/HLS_accel_ap_hadd_3_full_dsp_16_u/U0/i_synth/ADDSUB_OP.ADDSUB/SPEED_OP.DSP.OP/DSP48E1_BODY_HP.NORM_RND/FULL_USAGE_DSP.LOD/gen_lut_pairs[2].lutpairmode1.lutXo6_i_1/O
                         net (fo=3, routed)           0.505     5.071    bd_0_i/hls_inst/inst/HLS_accel_hadd_16bkb_U35/HLS_accel_ap_hadd_3_full_dsp_16_u/U0/i_synth/ADDSUB_OP.ADDSUB/SPEED_OP.DSP.OP/DSP48E1_BODY_HP.NORM_RND/FULL_USAGE_DSP.LOD/NORM_DIST[2]
    SLICE_X34Y81         LUT6 (Prop_lut6_I3_O)        0.124     5.195 f  bd_0_i/hls_inst/inst/HLS_accel_hadd_16bkb_U35/HLS_accel_ap_hadd_3_full_dsp_16_u/U0/i_synth/ADDSUB_OP.ADDSUB/SPEED_OP.DSP.OP/DSP48E1_BODY_HP.NORM_RND/FULL_USAGE_DSP.LOD/LSBaddmode1.lut0o6_i_1/O
                         net (fo=2, routed)           0.686     5.882    bd_0_i/hls_inst/inst/HLS_accel_hadd_16bkb_U35/HLS_accel_ap_hadd_3_full_dsp_16_u/U0/i_synth/ADDSUB_OP.ADDSUB/SPEED_OP.DSP.OP/DSP48E1_BODY_HP.EXP/NOT_LOW_LATENCY_NORM_DIST.STRUCT_ADD/LSBaddmode1.lut0o6/I4
    SLICE_X35Y81         LUT5 (Prop_lut5_I4_O)        0.118     6.000 r  bd_0_i/hls_inst/inst/HLS_accel_hadd_16bkb_U35/HLS_accel_ap_hadd_3_full_dsp_16_u/U0/i_synth/ADDSUB_OP.ADDSUB/SPEED_OP.DSP.OP/DSP48E1_BODY_HP.EXP/NOT_LOW_LATENCY_NORM_DIST.STRUCT_ADD/LSBaddmode1.lut0o6/LUT5/O
                         net (fo=3, routed)           0.469     6.469    bd_0_i/hls_inst/inst/HLS_accel_hadd_16bkb_U35/HLS_accel_ap_hadd_3_full_dsp_16_u/U0/i_synth/ADDSUB_OP.ADDSUB/SPEED_OP.DSP.OP/DSP48E1_BODY_HP.EXP/NOT_LOW_LATENCY_NORM_DIST.STRUCT_ADD/gen_lut_pairs[1].lutpairmode1.lutXo6/I4
    SLICE_X35Y81         LUT6 (Prop_lut6_I4_O)        0.326     6.795 r  bd_0_i/hls_inst/inst/HLS_accel_hadd_16bkb_U35/HLS_accel_ap_hadd_3_full_dsp_16_u/U0/i_synth/ADDSUB_OP.ADDSUB/SPEED_OP.DSP.OP/DSP48E1_BODY_HP.EXP/NOT_LOW_LATENCY_NORM_DIST.STRUCT_ADD/gen_lut_pairs[1].lutpairmode1.lutXo6/LUT6/O
                         net (fo=1, routed)           0.000     6.795    bd_0_i/hls_inst/inst/HLS_accel_hadd_16bkb_U35/HLS_accel_ap_hadd_3_full_dsp_16_u/U0/i_synth/ADDSUB_OP.ADDSUB/SPEED_OP.DSP.OP/DSP48E1_BODY_HP.EXP/NOT_LOW_LATENCY_NORM_DIST.STRUCT_ADD/o6lut_i_1
    SLICE_X35Y81         CARRY4 (Prop_carry4_S[1]_CO[3])
                                                      0.550     7.345 r  bd_0_i/hls_inst/inst/HLS_accel_hadd_16bkb_U35/HLS_accel_ap_hadd_3_full_dsp_16_u/U0/i_synth/ADDSUB_OP.ADDSUB/SPEED_OP.DSP.OP/DSP48E1_BODY_HP.EXP/NOT_LOW_LATENCY_NORM_DIST.STRUCT_ADD/gen_carry4s[0].gen_carry4.y0.mcy00_CARRY4/CO[3]
                         net (fo=1, routed)           0.000     7.345    bd_0_i/hls_inst/inst/HLS_accel_hadd_16bkb_U35/HLS_accel_ap_hadd_3_full_dsp_16_u/U0/i_synth/ADDSUB_OP.ADDSUB/SPEED_OP.DSP.OP/DSP48E1_BODY_HP.EXP/NOT_LOW_LATENCY_NORM_DIST.STRUCT_ADD/carry_out_3
    SLICE_X35Y82         CARRY4 (Prop_carry4_CI_O[2])
                                                      0.256     7.601 f  bd_0_i/hls_inst/inst/HLS_accel_hadd_16bkb_U35/HLS_accel_ap_hadd_3_full_dsp_16_u/U0/i_synth/ADDSUB_OP.ADDSUB/SPEED_OP.DSP.OP/DSP48E1_BODY_HP.EXP/NOT_LOW_LATENCY_NORM_DIST.STRUCT_ADD/gen_carry4s[1].gen_carry4.yn.mcy00_CARRY4/O[2]
                         net (fo=3, routed)           0.845     8.446    bd_0_i/hls_inst/inst/HLS_accel_hadd_16bkb_U35/HLS_accel_ap_hadd_3_full_dsp_16_u/U0/i_synth/ADDSUB_OP.ADDSUB/SPEED_OP.DSP.OP/DSP48E1_BODY_HP.EXP/NOT_LOW_LATENCY_NORM_DIST.STRUCT_ADD/o[5]
    SLICE_X36Y82         LUT6 (Prop_lut6_I0_O)        0.302     8.748 r  bd_0_i/hls_inst/inst/HLS_accel_hadd_16bkb_U35/HLS_accel_ap_hadd_3_full_dsp_16_u/U0/i_synth/ADDSUB_OP.ADDSUB/SPEED_OP.DSP.OP/DSP48E1_BODY_HP.EXP/NOT_LOW_LATENCY_NORM_DIST.STRUCT_ADD/opt_has_pipe.first_q[2]_i_2/O
                         net (fo=1, routed)           0.680     9.428    bd_0_i/hls_inst/inst/HLS_accel_hadd_16bkb_U35/HLS_accel_ap_hadd_3_full_dsp_16_u/U0/i_synth/ADDSUB_OP.ADDSUB/SPEED_OP.DSP.OP/DSP48E1_BODY_HP.EXP/NOT_LOW_LATENCY_NORM_DIST.STRUCT_ADD/exp_over_int
    SLICE_X36Y82         LUT2 (Prop_lut2_I0_O)        0.124     9.552 r  bd_0_i/hls_inst/inst/HLS_accel_hadd_16bkb_U35/HLS_accel_ap_hadd_3_full_dsp_16_u/U0/i_synth/ADDSUB_OP.ADDSUB/SPEED_OP.DSP.OP/DSP48E1_BODY_HP.EXP/NOT_LOW_LATENCY_NORM_DIST.STRUCT_ADD/opt_has_pipe.first_q[0]_i_1__6/O
                         net (fo=1, routed)           0.324     9.876    bd_0_i/hls_inst/inst/HLS_accel_hadd_16bkb_U35/HLS_accel_ap_hadd_3_full_dsp_16_u/U0/i_synth/ADDSUB_OP.ADDSUB/SPEED_OP.DSP.OP/DSP48E1_BODY_HP.EXP/NOT_LOW_LATENCY_NORM_DIST.SIGDELAY/i_pipe/D[0]
    SLICE_X38Y82         FDRE                                         r  bd_0_i/hls_inst/inst/HLS_accel_hadd_16bkb_U35/HLS_accel_ap_hadd_3_full_dsp_16_u/U0/i_synth/ADDSUB_OP.ADDSUB/SPEED_OP.DSP.OP/DSP48E1_BODY_HP.EXP/NOT_LOW_LATENCY_NORM_DIST.SIGDELAY/i_pipe/opt_has_pipe.first_q_reg[0]/D
  -------------------------------------------------------------------    -------------------

                         (clock ap_clk rise edge)    10.000    10.000 r  
                                                      0.000    10.000 r  ap_clk (IN)
                         net (fo=25350, unset)        0.924    10.924    bd_0_i/hls_inst/inst/HLS_accel_hadd_16bkb_U35/HLS_accel_ap_hadd_3_full_dsp_16_u/U0/i_synth/ADDSUB_OP.ADDSUB/SPEED_OP.DSP.OP/DSP48E1_BODY_HP.EXP/NOT_LOW_LATENCY_NORM_DIST.SIGDELAY/i_pipe/aclk
    SLICE_X38Y82         FDRE                                         r  bd_0_i/hls_inst/inst/HLS_accel_hadd_16bkb_U35/HLS_accel_ap_hadd_3_full_dsp_16_u/U0/i_synth/ADDSUB_OP.ADDSUB/SPEED_OP.DSP.OP/DSP48E1_BODY_HP.EXP/NOT_LOW_LATENCY_NORM_DIST.SIGDELAY/i_pipe/opt_has_pipe.first_q_reg[0]/C
                         clock pessimism              0.000    10.924    
                         clock uncertainty           -0.035    10.889    
    SLICE_X38Y82         FDRE (Setup_fdre_C_D)       -0.045    10.844    bd_0_i/hls_inst/inst/HLS_accel_hadd_16bkb_U35/HLS_accel_ap_hadd_3_full_dsp_16_u/U0/i_synth/ADDSUB_OP.ADDSUB/SPEED_OP.DSP.OP/DSP48E1_BODY_HP.EXP/NOT_LOW_LATENCY_NORM_DIST.SIGDELAY/i_pipe/opt_has_pipe.first_q_reg[0]
  -------------------------------------------------------------------
                         required time                         10.844    
                         arrival time                          -9.876    
  -------------------------------------------------------------------
                         slack                                  0.968    

Slack (MET) :             1.030ns  (required time - arrival time)
  Source:                 bd_0_i/hls_inst/inst/HLS_accel_hadd_16bkb_U37/HLS_accel_ap_hadd_3_full_dsp_16_u/U0/i_synth/ADDSUB_OP.ADDSUB/SPEED_OP.DSP.OP/DSP48E1_BODY_HP.ALIGN_ADD/DSP2/DSP/CLK
                            (rising edge-triggered cell DSP48E1 clocked by ap_clk  {rise@0.000ns fall@5.000ns period=10.000ns})
  Destination:            bd_0_i/hls_inst/inst/HLS_accel_hadd_16bkb_U37/HLS_accel_ap_hadd_3_full_dsp_16_u/U0/i_synth/ADDSUB_OP.ADDSUB/SPEED_OP.DSP.OP/DSP48E1_BODY_HP.EXP/NOT_LOW_LATENCY_NORM_DIST.SIGDELAY/i_pipe/opt_has_pipe.first_q_reg[0]/D
                            (rising edge-triggered cell FDRE clocked by ap_clk  {rise@0.000ns fall@5.000ns period=10.000ns})
  Path Group:             ap_clk
  Path Type:              Setup (Max at Slow Process Corner)
  Requirement:            10.000ns  (ap_clk rise@10.000ns - ap_clk rise@0.000ns)
  Data Path Delay:        8.915ns  (logic 3.151ns (35.346%)  route 5.764ns (64.654%))
  Logic Levels:           10  (CARRY4=3 LUT2=1 LUT3=1 LUT4=1 LUT5=1 LUT6=3)
  Clock Path Skew:        -0.049ns (DCD - SCD + CPR)
    Destination Clock Delay (DCD):    0.924ns = ( 10.924 - 10.000 ) 
    Source Clock Delay      (SCD):    0.973ns
    Clock Pessimism Removal (CPR):    0.000ns
  Clock Uncertainty:      0.035ns  ((TSJ^2 + TIJ^2)^1/2 + DJ) / 2 + PE
    Total System Jitter     (TSJ):    0.071ns
    Total Input Jitter      (TIJ):    0.000ns
    Discrete Jitter          (DJ):    0.000ns
    Phase Error              (PE):    0.000ns

    Location             Delay type                Incr(ns)  Path(ns)    Netlist Resource(s)
  -------------------------------------------------------------------    -------------------
                         (clock ap_clk rise edge)     0.000     0.000 r  
                                                      0.000     0.000 r  ap_clk (IN)
                         net (fo=25350, unset)        0.973     0.973    bd_0_i/hls_inst/inst/HLS_accel_hadd_16bkb_U37/HLS_accel_ap_hadd_3_full_dsp_16_u/U0/i_synth/ADDSUB_OP.ADDSUB/SPEED_OP.DSP.OP/DSP48E1_BODY_HP.ALIGN_ADD/DSP2/aclk
    DSP48_X3Y38          DSP48E1                                      r  bd_0_i/hls_inst/inst/HLS_accel_hadd_16bkb_U37/HLS_accel_ap_hadd_3_full_dsp_16_u/U0/i_synth/ADDSUB_OP.ADDSUB/SPEED_OP.DSP.OP/DSP48E1_BODY_HP.ALIGN_ADD/DSP2/DSP/CLK
  -------------------------------------------------------------------    -------------------
    DSP48_X3Y38          DSP48E1 (Prop_dsp48e1_CLK_P[24])
                                                      0.434     1.407 f  bd_0_i/hls_inst/inst/HLS_accel_hadd_16bkb_U37/HLS_accel_ap_hadd_3_full_dsp_16_u/U0/i_synth/ADDSUB_OP.ADDSUB/SPEED_OP.DSP.OP/DSP48E1_BODY_HP.ALIGN_ADD/DSP2/DSP/P[24]
                         net (fo=8, routed)           1.642     3.049    bd_0_i/hls_inst/inst/HLS_accel_hadd_16bkb_U37/HLS_accel_ap_hadd_3_full_dsp_16_u/U0/i_synth/ADDSUB_OP.ADDSUB/SPEED_OP.DSP.OP/DSP48E1_BODY_HP.NORM_RND/FULL_USAGE_DSP.LOD/P[11]
    SLICE_X102Y99        LUT4 (Prop_lut4_I1_O)        0.124     3.173 r  bd_0_i/hls_inst/inst/HLS_accel_hadd_16bkb_U37/HLS_accel_ap_hadd_3_full_dsp_16_u/U0/i_synth/ADDSUB_OP.ADDSUB/SPEED_OP.DSP.OP/DSP48E1_BODY_HP.NORM_RND/FULL_USAGE_DSP.LOD/DIST_ENC[0].i_det_lut1/O
                         net (fo=1, routed)           0.000     3.173    bd_0_i/hls_inst/inst/HLS_accel_hadd_16bkb_U37/HLS_accel_ap_hadd_3_full_dsp_16_u/U0/i_synth/ADDSUB_OP.ADDSUB/SPEED_OP.DSP.OP/DSP48E1_BODY_HP.NORM_RND/FULL_USAGE_DSP.LOD/det_lut_lzd_1
    SLICE_X102Y99        CARRY4 (Prop_carry4_S[1]_CO[3])
                                                      0.533     3.706 r  bd_0_i/hls_inst/inst/HLS_accel_hadd_16bkb_U37/HLS_accel_ap_hadd_3_full_dsp_16_u/U0/i_synth/ADDSUB_OP.ADDSUB/SPEED_OP.DSP.OP/DSP48E1_BODY_HP.NORM_RND/FULL_USAGE_DSP.LOD/DET_GEN[0].CARRY_MUX_CARRY4/CO[3]
                         net (fo=10, routed)          0.001     3.707    bd_0_i/hls_inst/inst/HLS_accel_hadd_16bkb_U37/HLS_accel_ap_hadd_3_full_dsp_16_u/U0/i_synth/ADDSUB_OP.ADDSUB/SPEED_OP.DSP.OP/DSP48E1_BODY_HP.NORM_RND/FULL_USAGE_DSP.LOD/DSP_0
    SLICE_X102Y100       CARRY4 (Prop_carry4_CI_CO[1])
                                                      0.157     3.864 r  bd_0_i/hls_inst/inst/HLS_accel_hadd_16bkb_U37/HLS_accel_ap_hadd_3_full_dsp_16_u/U0/i_synth/ADDSUB_OP.ADDSUB/SPEED_OP.DSP.OP/DSP48E1_BODY_HP.NORM_RND/FULL_USAGE_DSP.LOD/DET_GEN[4].CARRY_MUX_CARRY4/CO[1]
                         net (fo=5, routed)           0.584     4.447    bd_0_i/hls_inst/inst/HLS_accel_hadd_16bkb_U37/HLS_accel_ap_hadd_3_full_dsp_16_u/U0/i_synth/ADDSUB_OP.ADDSUB/SPEED_OP.DSP.OP/DSP48E1_BODY_HP.NORM_RND/FULL_USAGE_DSP.LOD/zero_pair_lzd_6
    SLICE_X103Y99        LUT3 (Prop_lut3_I0_O)        0.332     4.779 r  bd_0_i/hls_inst/inst/HLS_accel_hadd_16bkb_U37/HLS_accel_ap_hadd_3_full_dsp_16_u/U0/i_synth/ADDSUB_OP.ADDSUB/SPEED_OP.DSP.OP/DSP48E1_BODY_HP.NORM_RND/FULL_USAGE_DSP.LOD/gen_lut_pairs[2].lutpairmode1.lutXo6_i_1/O
                         net (fo=3, routed)           0.587     5.366    bd_0_i/hls_inst/inst/HLS_accel_hadd_16bkb_U37/HLS_accel_ap_hadd_3_full_dsp_16_u/U0/i_synth/ADDSUB_OP.ADDSUB/SPEED_OP.DSP.OP/DSP48E1_BODY_HP.NORM_RND/FULL_USAGE_DSP.LOD/NORM_DIST[2]
    SLICE_X103Y99        LUT6 (Prop_lut6_I3_O)        0.124     5.490 f  bd_0_i/hls_inst/inst/HLS_accel_hadd_16bkb_U37/HLS_accel_ap_hadd_3_full_dsp_16_u/U0/i_synth/ADDSUB_OP.ADDSUB/SPEED_OP.DSP.OP/DSP48E1_BODY_HP.NORM_RND/FULL_USAGE_DSP.LOD/LSBaddmode1.lut0o6_i_1/O
                         net (fo=2, routed)           0.762     6.252    bd_0_i/hls_inst/inst/HLS_accel_hadd_16bkb_U37/HLS_accel_ap_hadd_3_full_dsp_16_u/U0/i_synth/ADDSUB_OP.ADDSUB/SPEED_OP.DSP.OP/DSP48E1_BODY_HP.EXP/NOT_LOW_LATENCY_NORM_DIST.STRUCT_ADD/LSBaddmode1.lut0o6/I4
    SLICE_X102Y95        LUT5 (Prop_lut5_I4_O)        0.116     6.368 r  bd_0_i/hls_inst/inst/HLS_accel_hadd_16bkb_U37/HLS_accel_ap_hadd_3_full_dsp_16_u/U0/i_synth/ADDSUB_OP.ADDSUB/SPEED_OP.DSP.OP/DSP48E1_BODY_HP.EXP/NOT_LOW_LATENCY_NORM_DIST.STRUCT_ADD/LSBaddmode1.lut0o6/LUT5/O
                         net (fo=3, routed)           0.490     6.858    bd_0_i/hls_inst/inst/HLS_accel_hadd_16bkb_U37/HLS_accel_ap_hadd_3_full_dsp_16_u/U0/i_synth/ADDSUB_OP.ADDSUB/SPEED_OP.DSP.OP/DSP48E1_BODY_HP.EXP/NOT_LOW_LATENCY_NORM_DIST.STRUCT_ADD/gen_lut_pairs[1].lutpairmode1.lutXo6/I4
    SLICE_X102Y95        LUT6 (Prop_lut6_I4_O)        0.328     7.186 r  bd_0_i/hls_inst/inst/HLS_accel_hadd_16bkb_U37/HLS_accel_ap_hadd_3_full_dsp_16_u/U0/i_synth/ADDSUB_OP.ADDSUB/SPEED_OP.DSP.OP/DSP48E1_BODY_HP.EXP/NOT_LOW_LATENCY_NORM_DIST.STRUCT_ADD/gen_lut_pairs[1].lutpairmode1.lutXo6/LUT6/O
                         net (fo=1, routed)           0.000     7.186    bd_0_i/hls_inst/inst/HLS_accel_hadd_16bkb_U37/HLS_accel_ap_hadd_3_full_dsp_16_u/U0/i_synth/ADDSUB_OP.ADDSUB/SPEED_OP.DSP.OP/DSP48E1_BODY_HP.EXP/NOT_LOW_LATENCY_NORM_DIST.STRUCT_ADD/o6lut_i_1
    SLICE_X102Y95        CARRY4 (Prop_carry4_S[1]_O[2])
                                                      0.578     7.764 r  bd_0_i/hls_inst/inst/HLS_accel_hadd_16bkb_U37/HLS_accel_ap_hadd_3_full_dsp_16_u/U0/i_synth/ADDSUB_OP.ADDSUB/SPEED_OP.DSP.OP/DSP48E1_BODY_HP.EXP/NOT_LOW_LATENCY_NORM_DIST.STRUCT_ADD/gen_carry4s[0].gen_carry4.y0.mcy00_CARRY4/O[2]
                         net (fo=3, routed)           1.273     9.037    bd_0_i/hls_inst/inst/HLS_accel_hadd_16bkb_U37/HLS_accel_ap_hadd_3_full_dsp_16_u/U0/i_synth/ADDSUB_OP.ADDSUB/SPEED_OP.DSP.OP/DSP48E1_BODY_HP.EXP/NOT_LOW_LATENCY_NORM_DIST.STRUCT_ADD/o[2]
    SLICE_X106Y96        LUT6 (Prop_lut6_I2_O)        0.301     9.338 r  bd_0_i/hls_inst/inst/HLS_accel_hadd_16bkb_U37/HLS_accel_ap_hadd_3_full_dsp_16_u/U0/i_synth/ADDSUB_OP.ADDSUB/SPEED_OP.DSP.OP/DSP48E1_BODY_HP.EXP/NOT_LOW_LATENCY_NORM_DIST.STRUCT_ADD/opt_has_pipe.first_q[2]_i_2/O
                         net (fo=1, routed)           0.426     9.764    bd_0_i/hls_inst/inst/HLS_accel_hadd_16bkb_U37/HLS_accel_ap_hadd_3_full_dsp_16_u/U0/i_synth/ADDSUB_OP.ADDSUB/SPEED_OP.DSP.OP/DSP48E1_BODY_HP.EXP/NOT_LOW_LATENCY_NORM_DIST.STRUCT_ADD/exp_over_int
    SLICE_X106Y96        LUT2 (Prop_lut2_I0_O)        0.124     9.888 r  bd_0_i/hls_inst/inst/HLS_accel_hadd_16bkb_U37/HLS_accel_ap_hadd_3_full_dsp_16_u/U0/i_synth/ADDSUB_OP.ADDSUB/SPEED_OP.DSP.OP/DSP48E1_BODY_HP.EXP/NOT_LOW_LATENCY_NORM_DIST.STRUCT_ADD/opt_has_pipe.first_q[0]_i_1__6/O
                         net (fo=1, routed)           0.000     9.888    bd_0_i/hls_inst/inst/HLS_accel_hadd_16bkb_U37/HLS_accel_ap_hadd_3_full_dsp_16_u/U0/i_synth/ADDSUB_OP.ADDSUB/SPEED_OP.DSP.OP/DSP48E1_BODY_HP.EXP/NOT_LOW_LATENCY_NORM_DIST.SIGDELAY/i_pipe/D[0]
    SLICE_X106Y96        FDRE                                         r  bd_0_i/hls_inst/inst/HLS_accel_hadd_16bkb_U37/HLS_accel_ap_hadd_3_full_dsp_16_u/U0/i_synth/ADDSUB_OP.ADDSUB/SPEED_OP.DSP.OP/DSP48E1_BODY_HP.EXP/NOT_LOW_LATENCY_NORM_DIST.SIGDELAY/i_pipe/opt_has_pipe.first_q_reg[0]/D
  -------------------------------------------------------------------    -------------------

                         (clock ap_clk rise edge)    10.000    10.000 r  
                                                      0.000    10.000 r  ap_clk (IN)
                         net (fo=25350, unset)        0.924    10.924    bd_0_i/hls_inst/inst/HLS_accel_hadd_16bkb_U37/HLS_accel_ap_hadd_3_full_dsp_16_u/U0/i_synth/ADDSUB_OP.ADDSUB/SPEED_OP.DSP.OP/DSP48E1_BODY_HP.EXP/NOT_LOW_LATENCY_NORM_DIST.SIGDELAY/i_pipe/aclk
    SLICE_X106Y96        FDRE                                         r  bd_0_i/hls_inst/inst/HLS_accel_hadd_16bkb_U37/HLS_accel_ap_hadd_3_full_dsp_16_u/U0/i_synth/ADDSUB_OP.ADDSUB/SPEED_OP.DSP.OP/DSP48E1_BODY_HP.EXP/NOT_LOW_LATENCY_NORM_DIST.SIGDELAY/i_pipe/opt_has_pipe.first_q_reg[0]/C
                         clock pessimism              0.000    10.924    
                         clock uncertainty           -0.035    10.889    
    SLICE_X106Y96        FDRE (Setup_fdre_C_D)        0.029    10.918    bd_0_i/hls_inst/inst/HLS_accel_hadd_16bkb_U37/HLS_accel_ap_hadd_3_full_dsp_16_u/U0/i_synth/ADDSUB_OP.ADDSUB/SPEED_OP.DSP.OP/DSP48E1_BODY_HP.EXP/NOT_LOW_LATENCY_NORM_DIST.SIGDELAY/i_pipe/opt_has_pipe.first_q_reg[0]
  -------------------------------------------------------------------
                         required time                         10.918    
                         arrival time                          -9.888    
  -------------------------------------------------------------------
                         slack                                  1.030    

Slack (MET) :             1.058ns  (required time - arrival time)
  Source:                 bd_0_i/hls_inst/inst/HLS_accel_hadd_16bkb_U48/HLS_accel_ap_hadd_3_full_dsp_16_u/U0/i_synth/ADDSUB_OP.ADDSUB/SPEED_OP.DSP.OP/DSP48E1_BODY_HP.ALIGN_ADD/DSP2/DSP/CLK
                            (rising edge-triggered cell DSP48E1 clocked by ap_clk  {rise@0.000ns fall@5.000ns period=10.000ns})
  Destination:            bd_0_i/hls_inst/inst/HLS_accel_hadd_16bkb_U48/HLS_accel_ap_hadd_3_full_dsp_16_u/U0/i_synth/ADDSUB_OP.ADDSUB/SPEED_OP.DSP.OP/DSP48E1_BODY_HP.EXP/NOT_LOW_LATENCY_NORM_DIST.SIGDELAY/i_pipe/opt_has_pipe.first_q_reg[0]/D
                            (rising edge-triggered cell FDRE clocked by ap_clk  {rise@0.000ns fall@5.000ns period=10.000ns})
  Path Group:             ap_clk
  Path Type:              Setup (Max at Slow Process Corner)
  Requirement:            10.000ns  (ap_clk rise@10.000ns - ap_clk rise@0.000ns)
  Data Path Delay:        8.813ns  (logic 2.806ns (31.838%)  route 6.007ns (68.162%))
  Logic Levels:           9  (CARRY4=2 LUT2=1 LUT3=1 LUT4=1 LUT5=1 LUT6=3)
  Clock Path Skew:        -0.049ns (DCD - SCD + CPR)
    Destination Clock Delay (DCD):    0.924ns = ( 10.924 - 10.000 ) 
    Source Clock Delay      (SCD):    0.973ns
    Clock Pessimism Removal (CPR):    0.000ns
  Clock Uncertainty:      0.035ns  ((TSJ^2 + TIJ^2)^1/2 + DJ) / 2 + PE
    Total System Jitter     (TSJ):    0.071ns
    Total Input Jitter      (TIJ):    0.000ns
    Discrete Jitter          (DJ):    0.000ns
    Phase Error              (PE):    0.000ns

    Location             Delay type                Incr(ns)  Path(ns)    Netlist Resource(s)
  -------------------------------------------------------------------    -------------------
                         (clock ap_clk rise edge)     0.000     0.000 r  
                                                      0.000     0.000 r  ap_clk (IN)
                         net (fo=25350, unset)        0.973     0.973    bd_0_i/hls_inst/inst/HLS_accel_hadd_16bkb_U48/HLS_accel_ap_hadd_3_full_dsp_16_u/U0/i_synth/ADDSUB_OP.ADDSUB/SPEED_OP.DSP.OP/DSP48E1_BODY_HP.ALIGN_ADD/DSP2/aclk
    DSP48_X3Y55          DSP48E1                                      r  bd_0_i/hls_inst/inst/HLS_accel_hadd_16bkb_U48/HLS_accel_ap_hadd_3_full_dsp_16_u/U0/i_synth/ADDSUB_OP.ADDSUB/SPEED_OP.DSP.OP/DSP48E1_BODY_HP.ALIGN_ADD/DSP2/DSP/CLK
  -------------------------------------------------------------------    -------------------
    DSP48_X3Y55          DSP48E1 (Prop_dsp48e1_CLK_P[23])
                                                      0.434     1.407 f  bd_0_i/hls_inst/inst/HLS_accel_hadd_16bkb_U48/HLS_accel_ap_hadd_3_full_dsp_16_u/U0/i_synth/ADDSUB_OP.ADDSUB/SPEED_OP.DSP.OP/DSP48E1_BODY_HP.ALIGN_ADD/DSP2/DSP/P[23]
                         net (fo=5, routed)           1.668     3.075    bd_0_i/hls_inst/inst/HLS_accel_hadd_16bkb_U48/HLS_accel_ap_hadd_3_full_dsp_16_u/U0/i_synth/ADDSUB_OP.ADDSUB/SPEED_OP.DSP.OP/DSP48E1_BODY_HP.NORM_RND/FULL_USAGE_DSP.LOD/P[10]
    SLICE_X80Y139        LUT4 (Prop_lut4_I0_O)        0.124     3.199 r  bd_0_i/hls_inst/inst/HLS_accel_hadd_16bkb_U48/HLS_accel_ap_hadd_3_full_dsp_16_u/U0/i_synth/ADDSUB_OP.ADDSUB/SPEED_OP.DSP.OP/DSP48E1_BODY_HP.NORM_RND/FULL_USAGE_DSP.LOD/DIST_ENC[0].i_det_lut1/O
                         net (fo=1, routed)           0.000     3.199    bd_0_i/hls_inst/inst/HLS_accel_hadd_16bkb_U48/HLS_accel_ap_hadd_3_full_dsp_16_u/U0/i_synth/ADDSUB_OP.ADDSUB/SPEED_OP.DSP.OP/DSP48E1_BODY_HP.NORM_RND/FULL_USAGE_DSP.LOD/det_lut_lzd_1
    SLICE_X80Y139        CARRY4 (Prop_carry4_S[1]_CO[3])
                                                      0.550     3.749 r  bd_0_i/hls_inst/inst/HLS_accel_hadd_16bkb_U48/HLS_accel_ap_hadd_3_full_dsp_16_u/U0/i_synth/ADDSUB_OP.ADDSUB/SPEED_OP.DSP.OP/DSP48E1_BODY_HP.NORM_RND/FULL_USAGE_DSP.LOD/DET_GEN[0].CARRY_MUX_CARRY4/CO[3]
                         net (fo=10, routed)          0.974     4.722    bd_0_i/hls_inst/inst/HLS_accel_hadd_16bkb_U48/HLS_accel_ap_hadd_3_full_dsp_16_u/U0/i_synth/ADDSUB_OP.ADDSUB/SPEED_OP.DSP.OP/DSP48E1_BODY_HP.NORM_RND/FULL_USAGE_DSP.LOD/DSP_0
    SLICE_X81Y139        LUT3 (Prop_lut3_I1_O)        0.124     4.846 r  bd_0_i/hls_inst/inst/HLS_accel_hadd_16bkb_U48/HLS_accel_ap_hadd_3_full_dsp_16_u/U0/i_synth/ADDSUB_OP.ADDSUB/SPEED_OP.DSP.OP/DSP48E1_BODY_HP.NORM_RND/FULL_USAGE_DSP.LOD/gen_lut_pairs[2].lutpairmode1.lutXo6_i_1/O
                         net (fo=3, routed)           0.167     5.013    bd_0_i/hls_inst/inst/HLS_accel_hadd_16bkb_U48/HLS_accel_ap_hadd_3_full_dsp_16_u/U0/i_synth/ADDSUB_OP.ADDSUB/SPEED_OP.DSP.OP/DSP48E1_BODY_HP.NORM_RND/FULL_USAGE_DSP.LOD/NORM_DIST[2]
    SLICE_X81Y139        LUT6 (Prop_lut6_I3_O)        0.124     5.137 f  bd_0_i/hls_inst/inst/HLS_accel_hadd_16bkb_U48/HLS_accel_ap_hadd_3_full_dsp_16_u/U0/i_synth/ADDSUB_OP.ADDSUB/SPEED_OP.DSP.OP/DSP48E1_BODY_HP.NORM_RND/FULL_USAGE_DSP.LOD/LSBaddmode1.lut0o6_i_1/O
                         net (fo=2, routed)           0.840     5.977    bd_0_i/hls_inst/inst/HLS_accel_hadd_16bkb_U48/HLS_accel_ap_hadd_3_full_dsp_16_u/U0/i_synth/ADDSUB_OP.ADDSUB/SPEED_OP.DSP.OP/DSP48E1_BODY_HP.EXP/NOT_LOW_LATENCY_NORM_DIST.STRUCT_ADD/LSBaddmode1.lut0o6/I4
    SLICE_X61Y139        LUT5 (Prop_lut5_I4_O)        0.118     6.095 r  bd_0_i/hls_inst/inst/HLS_accel_hadd_16bkb_U48/HLS_accel_ap_hadd_3_full_dsp_16_u/U0/i_synth/ADDSUB_OP.ADDSUB/SPEED_OP.DSP.OP/DSP48E1_BODY_HP.EXP/NOT_LOW_LATENCY_NORM_DIST.STRUCT_ADD/LSBaddmode1.lut0o6/LUT5/O
                         net (fo=3, routed)           0.469     6.564    bd_0_i/hls_inst/inst/HLS_accel_hadd_16bkb_U48/HLS_accel_ap_hadd_3_full_dsp_16_u/U0/i_synth/ADDSUB_OP.ADDSUB/SPEED_OP.DSP.OP/DSP48E1_BODY_HP.EXP/NOT_LOW_LATENCY_NORM_DIST.STRUCT_ADD/gen_lut_pairs[1].lutpairmode1.lutXo6/I4
    SLICE_X61Y139        LUT6 (Prop_lut6_I4_O)        0.326     6.890 r  bd_0_i/hls_inst/inst/HLS_accel_hadd_16bkb_U48/HLS_accel_ap_hadd_3_full_dsp_16_u/U0/i_synth/ADDSUB_OP.ADDSUB/SPEED_OP.DSP.OP/DSP48E1_BODY_HP.EXP/NOT_LOW_LATENCY_NORM_DIST.STRUCT_ADD/gen_lut_pairs[1].lutpairmode1.lutXo6/LUT6/O
                         net (fo=1, routed)           0.000     6.890    bd_0_i/hls_inst/inst/HLS_accel_hadd_16bkb_U48/HLS_accel_ap_hadd_3_full_dsp_16_u/U0/i_synth/ADDSUB_OP.ADDSUB/SPEED_OP.DSP.OP/DSP48E1_BODY_HP.EXP/NOT_LOW_LATENCY_NORM_DIST.STRUCT_ADD/o6lut_i_1
    SLICE_X61Y139        CARRY4 (Prop_carry4_S[1]_O[2])
                                                      0.580     7.470 r  bd_0_i/hls_inst/inst/HLS_accel_hadd_16bkb_U48/HLS_accel_ap_hadd_3_full_dsp_16_u/U0/i_synth/ADDSUB_OP.ADDSUB/SPEED_OP.DSP.OP/DSP48E1_BODY_HP.EXP/NOT_LOW_LATENCY_NORM_DIST.STRUCT_ADD/gen_carry4s[0].gen_carry4.y0.mcy00_CARRY4/O[2]
                         net (fo=3, routed)           0.994     8.464    bd_0_i/hls_inst/inst/HLS_accel_hadd_16bkb_U48/HLS_accel_ap_hadd_3_full_dsp_16_u/U0/i_synth/ADDSUB_OP.ADDSUB/SPEED_OP.DSP.OP/DSP48E1_BODY_HP.EXP/NOT_LOW_LATENCY_NORM_DIST.STRUCT_ADD/o[2]
    SLICE_X54Y140        LUT6 (Prop_lut6_I2_O)        0.302     8.766 r  bd_0_i/hls_inst/inst/HLS_accel_hadd_16bkb_U48/HLS_accel_ap_hadd_3_full_dsp_16_u/U0/i_synth/ADDSUB_OP.ADDSUB/SPEED_OP.DSP.OP/DSP48E1_BODY_HP.EXP/NOT_LOW_LATENCY_NORM_DIST.STRUCT_ADD/opt_has_pipe.first_q[2]_i_2/O
                         net (fo=1, routed)           0.425     9.191    bd_0_i/hls_inst/inst/HLS_accel_hadd_16bkb_U48/HLS_accel_ap_hadd_3_full_dsp_16_u/U0/i_synth/ADDSUB_OP.ADDSUB/SPEED_OP.DSP.OP/DSP48E1_BODY_HP.EXP/NOT_LOW_LATENCY_NORM_DIST.STRUCT_ADD/exp_over_int
    SLICE_X54Y140        LUT2 (Prop_lut2_I0_O)        0.124     9.315 r  bd_0_i/hls_inst/inst/HLS_accel_hadd_16bkb_U48/HLS_accel_ap_hadd_3_full_dsp_16_u/U0/i_synth/ADDSUB_OP.ADDSUB/SPEED_OP.DSP.OP/DSP48E1_BODY_HP.EXP/NOT_LOW_LATENCY_NORM_DIST.STRUCT_ADD/opt_has_pipe.first_q[0]_i_1__6/O
                         net (fo=1, routed)           0.471     9.786    bd_0_i/hls_inst/inst/HLS_accel_hadd_16bkb_U48/HLS_accel_ap_hadd_3_full_dsp_16_u/U0/i_synth/ADDSUB_OP.ADDSUB/SPEED_OP.DSP.OP/DSP48E1_BODY_HP.EXP/NOT_LOW_LATENCY_NORM_DIST.SIGDELAY/i_pipe/D[0]
    SLICE_X54Y139        FDRE                                         r  bd_0_i/hls_inst/inst/HLS_accel_hadd_16bkb_U48/HLS_accel_ap_hadd_3_full_dsp_16_u/U0/i_synth/ADDSUB_OP.ADDSUB/SPEED_OP.DSP.OP/DSP48E1_BODY_HP.EXP/NOT_LOW_LATENCY_NORM_DIST.SIGDELAY/i_pipe/opt_has_pipe.first_q_reg[0]/D
  -------------------------------------------------------------------    -------------------

                         (clock ap_clk rise edge)    10.000    10.000 r  
                                                      0.000    10.000 r  ap_clk (IN)
                         net (fo=25350, unset)        0.924    10.924    bd_0_i/hls_inst/inst/HLS_accel_hadd_16bkb_U48/HLS_accel_ap_hadd_3_full_dsp_16_u/U0/i_synth/ADDSUB_OP.ADDSUB/SPEED_OP.DSP.OP/DSP48E1_BODY_HP.EXP/NOT_LOW_LATENCY_NORM_DIST.SIGDELAY/i_pipe/aclk
    SLICE_X54Y139        FDRE                                         r  bd_0_i/hls_inst/inst/HLS_accel_hadd_16bkb_U48/HLS_accel_ap_hadd_3_full_dsp_16_u/U0/i_synth/ADDSUB_OP.ADDSUB/SPEED_OP.DSP.OP/DSP48E1_BODY_HP.EXP/NOT_LOW_LATENCY_NORM_DIST.SIGDELAY/i_pipe/opt_has_pipe.first_q_reg[0]/C
                         clock pessimism              0.000    10.924    
                         clock uncertainty           -0.035    10.889    
    SLICE_X54Y139        FDRE (Setup_fdre_C_D)       -0.045    10.844    bd_0_i/hls_inst/inst/HLS_accel_hadd_16bkb_U48/HLS_accel_ap_hadd_3_full_dsp_16_u/U0/i_synth/ADDSUB_OP.ADDSUB/SPEED_OP.DSP.OP/DSP48E1_BODY_HP.EXP/NOT_LOW_LATENCY_NORM_DIST.SIGDELAY/i_pipe/opt_has_pipe.first_q_reg[0]
  -------------------------------------------------------------------
                         required time                         10.844    
                         arrival time                          -9.786    
  -------------------------------------------------------------------
                         slack                                  1.058    

Slack (MET) :             1.074ns  (required time - arrival time)
  Source:                 bd_0_i/hls_inst/inst/HLS_accel_hadd_16bkb_U33/HLS_accel_ap_hadd_3_full_dsp_16_u/U0/i_synth/ADDSUB_OP.ADDSUB/SPEED_OP.DSP.OP/DSP48E1_BODY_HP.ALIGN_ADD/DSP2/DSP/CLK
                            (rising edge-triggered cell DSP48E1 clocked by ap_clk  {rise@0.000ns fall@5.000ns period=10.000ns})
  Destination:            bd_0_i/hls_inst/inst/HLS_accel_hadd_16bkb_U33/HLS_accel_ap_hadd_3_full_dsp_16_u/U0/i_synth/ADDSUB_OP.ADDSUB/SPEED_OP.DSP.OP/DSP48E1_BODY_HP.EXP/NOT_LOW_LATENCY_NORM_DIST.SIGDELAY/i_pipe/opt_has_pipe.first_q_reg[0]/D
                            (rising edge-triggered cell FDRE clocked by ap_clk  {rise@0.000ns fall@5.000ns period=10.000ns})
  Path Group:             ap_clk
  Path Type:              Setup (Max at Slow Process Corner)
  Requirement:            10.000ns  (ap_clk rise@10.000ns - ap_clk rise@0.000ns)
  Data Path Delay:        8.780ns  (logic 2.803ns (31.923%)  route 5.977ns (68.077%))
  Logic Levels:           9  (CARRY4=2 LUT2=1 LUT3=1 LUT4=1 LUT5=1 LUT6=3)
  Clock Path Skew:        -0.049ns (DCD - SCD + CPR)
    Destination Clock Delay (DCD):    0.924ns = ( 10.924 - 10.000 ) 
    Source Clock Delay      (SCD):    0.973ns
    Clock Pessimism Removal (CPR):    0.000ns
  Clock Uncertainty:      0.035ns  ((TSJ^2 + TIJ^2)^1/2 + DJ) / 2 + PE
    Total System Jitter     (TSJ):    0.071ns
    Total Input Jitter      (TIJ):    0.000ns
    Discrete Jitter          (DJ):    0.000ns
    Phase Error              (PE):    0.000ns

    Location             Delay type                Incr(ns)  Path(ns)    Netlist Resource(s)
  -------------------------------------------------------------------    -------------------
                         (clock ap_clk rise edge)     0.000     0.000 r  
                                                      0.000     0.000 r  ap_clk (IN)
                         net (fo=25350, unset)        0.973     0.973    bd_0_i/hls_inst/inst/HLS_accel_hadd_16bkb_U33/HLS_accel_ap_hadd_3_full_dsp_16_u/U0/i_synth/ADDSUB_OP.ADDSUB/SPEED_OP.DSP.OP/DSP48E1_BODY_HP.ALIGN_ADD/DSP2/aclk
    DSP48_X2Y21          DSP48E1                                      r  bd_0_i/hls_inst/inst/HLS_accel_hadd_16bkb_U33/HLS_accel_ap_hadd_3_full_dsp_16_u/U0/i_synth/ADDSUB_OP.ADDSUB/SPEED_OP.DSP.OP/DSP48E1_BODY_HP.ALIGN_ADD/DSP2/DSP/CLK
  -------------------------------------------------------------------    -------------------
    DSP48_X2Y21          DSP48E1 (Prop_dsp48e1_CLK_P[23])
                                                      0.434     1.407 f  bd_0_i/hls_inst/inst/HLS_accel_hadd_16bkb_U33/HLS_accel_ap_hadd_3_full_dsp_16_u/U0/i_synth/ADDSUB_OP.ADDSUB/SPEED_OP.DSP.OP/DSP48E1_BODY_HP.ALIGN_ADD/DSP2/DSP/P[23]
                         net (fo=5, routed)           1.496     2.903    bd_0_i/hls_inst/inst/HLS_accel_hadd_16bkb_U33/HLS_accel_ap_hadd_3_full_dsp_16_u/U0/i_synth/ADDSUB_OP.ADDSUB/SPEED_OP.DSP.OP/DSP48E1_BODY_HP.NORM_RND/FULL_USAGE_DSP.LOD/P[10]
    SLICE_X35Y60         LUT4 (Prop_lut4_I0_O)        0.124     3.027 r  bd_0_i/hls_inst/inst/HLS_accel_hadd_16bkb_U33/HLS_accel_ap_hadd_3_full_dsp_16_u/U0/i_synth/ADDSUB_OP.ADDSUB/SPEED_OP.DSP.OP/DSP48E1_BODY_HP.NORM_RND/FULL_USAGE_DSP.LOD/DIST_ENC[0].i_det_lut1/O
                         net (fo=1, routed)           0.000     3.027    bd_0_i/hls_inst/inst/HLS_accel_hadd_16bkb_U33/HLS_accel_ap_hadd_3_full_dsp_16_u/U0/i_synth/ADDSUB_OP.ADDSUB/SPEED_OP.DSP.OP/DSP48E1_BODY_HP.NORM_RND/FULL_USAGE_DSP.LOD/det_lut_lzd_1
    SLICE_X35Y60         CARRY4 (Prop_carry4_S[1]_CO[3])
                                                      0.550     3.577 r  bd_0_i/hls_inst/inst/HLS_accel_hadd_16bkb_U33/HLS_accel_ap_hadd_3_full_dsp_16_u/U0/i_synth/ADDSUB_OP.ADDSUB/SPEED_OP.DSP.OP/DSP48E1_BODY_HP.NORM_RND/FULL_USAGE_DSP.LOD/DET_GEN[0].CARRY_MUX_CARRY4/CO[3]
                         net (fo=10, routed)          1.109     4.686    bd_0_i/hls_inst/inst/HLS_accel_hadd_16bkb_U33/HLS_accel_ap_hadd_3_full_dsp_16_u/U0/i_synth/ADDSUB_OP.ADDSUB/SPEED_OP.DSP.OP/DSP48E1_BODY_HP.NORM_RND/FULL_USAGE_DSP.LOD/DSP_0
    SLICE_X35Y62         LUT3 (Prop_lut3_I1_O)        0.124     4.810 r  bd_0_i/hls_inst/inst/HLS_accel_hadd_16bkb_U33/HLS_accel_ap_hadd_3_full_dsp_16_u/U0/i_synth/ADDSUB_OP.ADDSUB/SPEED_OP.DSP.OP/DSP48E1_BODY_HP.NORM_RND/FULL_USAGE_DSP.LOD/gen_lut_pairs[2].lutpairmode1.lutXo6_i_1/O
                         net (fo=3, routed)           0.415     5.225    bd_0_i/hls_inst/inst/HLS_accel_hadd_16bkb_U33/HLS_accel_ap_hadd_3_full_dsp_16_u/U0/i_synth/ADDSUB_OP.ADDSUB/SPEED_OP.DSP.OP/DSP48E1_BODY_HP.NORM_RND/FULL_USAGE_DSP.LOD/NORM_DIST[2]
    SLICE_X35Y62         LUT6 (Prop_lut6_I3_O)        0.124     5.349 f  bd_0_i/hls_inst/inst/HLS_accel_hadd_16bkb_U33/HLS_accel_ap_hadd_3_full_dsp_16_u/U0/i_synth/ADDSUB_OP.ADDSUB/SPEED_OP.DSP.OP/DSP48E1_BODY_HP.NORM_RND/FULL_USAGE_DSP.LOD/LSBaddmode1.lut0o6_i_1/O
                         net (fo=2, routed)           0.627     5.976    bd_0_i/hls_inst/inst/HLS_accel_hadd_16bkb_U33/HLS_accel_ap_hadd_3_full_dsp_16_u/U0/i_synth/ADDSUB_OP.ADDSUB/SPEED_OP.DSP.OP/DSP48E1_BODY_HP.EXP/NOT_LOW_LATENCY_NORM_DIST.STRUCT_ADD/LSBaddmode1.lut0o6/I4
    SLICE_X32Y61         LUT5 (Prop_lut5_I4_O)        0.116     6.092 r  bd_0_i/hls_inst/inst/HLS_accel_hadd_16bkb_U33/HLS_accel_ap_hadd_3_full_dsp_16_u/U0/i_synth/ADDSUB_OP.ADDSUB/SPEED_OP.DSP.OP/DSP48E1_BODY_HP.EXP/NOT_LOW_LATENCY_NORM_DIST.STRUCT_ADD/LSBaddmode1.lut0o6/LUT5/O
                         net (fo=3, routed)           0.490     6.582    bd_0_i/hls_inst/inst/HLS_accel_hadd_16bkb_U33/HLS_accel_ap_hadd_3_full_dsp_16_u/U0/i_synth/ADDSUB_OP.ADDSUB/SPEED_OP.DSP.OP/DSP48E1_BODY_HP.EXP/NOT_LOW_LATENCY_NORM_DIST.STRUCT_ADD/gen_lut_pairs[1].lutpairmode1.lutXo6/I4
    SLICE_X32Y61         LUT6 (Prop_lut6_I4_O)        0.328     6.910 r  bd_0_i/hls_inst/inst/HLS_accel_hadd_16bkb_U33/HLS_accel_ap_hadd_3_full_dsp_16_u/U0/i_synth/ADDSUB_OP.ADDSUB/SPEED_OP.DSP.OP/DSP48E1_BODY_HP.EXP/NOT_LOW_LATENCY_NORM_DIST.STRUCT_ADD/gen_lut_pairs[1].lutpairmode1.lutXo6/LUT6/O
                         net (fo=1, routed)           0.000     6.910    bd_0_i/hls_inst/inst/HLS_accel_hadd_16bkb_U33/HLS_accel_ap_hadd_3_full_dsp_16_u/U0/i_synth/ADDSUB_OP.ADDSUB/SPEED_OP.DSP.OP/DSP48E1_BODY_HP.EXP/NOT_LOW_LATENCY_NORM_DIST.STRUCT_ADD/o6lut_i_1
    SLICE_X32Y61         CARRY4 (Prop_carry4_S[1]_O[2])
                                                      0.578     7.488 r  bd_0_i/hls_inst/inst/HLS_accel_hadd_16bkb_U33/HLS_accel_ap_hadd_3_full_dsp_16_u/U0/i_synth/ADDSUB_OP.ADDSUB/SPEED_OP.DSP.OP/DSP48E1_BODY_HP.EXP/NOT_LOW_LATENCY_NORM_DIST.STRUCT_ADD/gen_carry4s[0].gen_carry4.y0.mcy00_CARRY4/O[2]
                         net (fo=3, routed)           0.826     8.313    bd_0_i/hls_inst/inst/HLS_accel_hadd_16bkb_U33/HLS_accel_ap_hadd_3_full_dsp_16_u/U0/i_synth/ADDSUB_OP.ADDSUB/SPEED_OP.DSP.OP/DSP48E1_BODY_HP.EXP/NOT_LOW_LATENCY_NORM_DIST.STRUCT_ADD/o[2]
    SLICE_X33Y62         LUT6 (Prop_lut6_I2_O)        0.301     8.614 r  bd_0_i/hls_inst/inst/HLS_accel_hadd_16bkb_U33/HLS_accel_ap_hadd_3_full_dsp_16_u/U0/i_synth/ADDSUB_OP.ADDSUB/SPEED_OP.DSP.OP/DSP48E1_BODY_HP.EXP/NOT_LOW_LATENCY_NORM_DIST.STRUCT_ADD/opt_has_pipe.first_q[2]_i_2/O
                         net (fo=1, routed)           0.403     9.017    bd_0_i/hls_inst/inst/HLS_accel_hadd_16bkb_U33/HLS_accel_ap_hadd_3_full_dsp_16_u/U0/i_synth/ADDSUB_OP.ADDSUB/SPEED_OP.DSP.OP/DSP48E1_BODY_HP.EXP/NOT_LOW_LATENCY_NORM_DIST.STRUCT_ADD/exp_over_int
    SLICE_X33Y62         LUT2 (Prop_lut2_I0_O)        0.124     9.141 r  bd_0_i/hls_inst/inst/HLS_accel_hadd_16bkb_U33/HLS_accel_ap_hadd_3_full_dsp_16_u/U0/i_synth/ADDSUB_OP.ADDSUB/SPEED_OP.DSP.OP/DSP48E1_BODY_HP.EXP/NOT_LOW_LATENCY_NORM_DIST.STRUCT_ADD/opt_has_pipe.first_q[0]_i_1__6/O
                         net (fo=1, routed)           0.612     9.753    bd_0_i/hls_inst/inst/HLS_accel_hadd_16bkb_U33/HLS_accel_ap_hadd_3_full_dsp_16_u/U0/i_synth/ADDSUB_OP.ADDSUB/SPEED_OP.DSP.OP/DSP48E1_BODY_HP.EXP/NOT_LOW_LATENCY_NORM_DIST.SIGDELAY/i_pipe/D[0]
    SLICE_X33Y62         FDRE                                         r  bd_0_i/hls_inst/inst/HLS_accel_hadd_16bkb_U33/HLS_accel_ap_hadd_3_full_dsp_16_u/U0/i_synth/ADDSUB_OP.ADDSUB/SPEED_OP.DSP.OP/DSP48E1_BODY_HP.EXP/NOT_LOW_LATENCY_NORM_DIST.SIGDELAY/i_pipe/opt_has_pipe.first_q_reg[0]/D
  -------------------------------------------------------------------    -------------------

                         (clock ap_clk rise edge)    10.000    10.000 r  
                                                      0.000    10.000 r  ap_clk (IN)
                         net (fo=25350, unset)        0.924    10.924    bd_0_i/hls_inst/inst/HLS_accel_hadd_16bkb_U33/HLS_accel_ap_hadd_3_full_dsp_16_u/U0/i_synth/ADDSUB_OP.ADDSUB/SPEED_OP.DSP.OP/DSP48E1_BODY_HP.EXP/NOT_LOW_LATENCY_NORM_DIST.SIGDELAY/i_pipe/aclk
    SLICE_X33Y62         FDRE                                         r  bd_0_i/hls_inst/inst/HLS_accel_hadd_16bkb_U33/HLS_accel_ap_hadd_3_full_dsp_16_u/U0/i_synth/ADDSUB_OP.ADDSUB/SPEED_OP.DSP.OP/DSP48E1_BODY_HP.EXP/NOT_LOW_LATENCY_NORM_DIST.SIGDELAY/i_pipe/opt_has_pipe.first_q_reg[0]/C
                         clock pessimism              0.000    10.924    
                         clock uncertainty           -0.035    10.889    
    SLICE_X33Y62         FDRE (Setup_fdre_C_D)       -0.062    10.827    bd_0_i/hls_inst/inst/HLS_accel_hadd_16bkb_U33/HLS_accel_ap_hadd_3_full_dsp_16_u/U0/i_synth/ADDSUB_OP.ADDSUB/SPEED_OP.DSP.OP/DSP48E1_BODY_HP.EXP/NOT_LOW_LATENCY_NORM_DIST.SIGDELAY/i_pipe/opt_has_pipe.first_q_reg[0]
  -------------------------------------------------------------------
                         required time                         10.827    
                         arrival time                          -9.753    
  -------------------------------------------------------------------
                         slack                                  1.074    

Slack (MET) :             1.178ns  (required time - arrival time)
  Source:                 bd_0_i/hls_inst/inst/HLS_accel_hadd_16bkb_U37/HLS_accel_ap_hadd_3_full_dsp_16_u/U0/i_synth/ADDSUB_OP.ADDSUB/SPEED_OP.DSP.OP/DSP48E1_BODY_HP.ALIGN_ADD/DSP2/DSP/CLK
                            (rising edge-triggered cell DSP48E1 clocked by ap_clk  {rise@0.000ns fall@5.000ns period=10.000ns})
  Destination:            bd_0_i/hls_inst/inst/HLS_accel_hadd_16bkb_U37/HLS_accel_ap_hadd_3_full_dsp_16_u/U0/i_synth/ADDSUB_OP.ADDSUB/SPEED_OP.DSP.OP/DSP48E1_BODY_HP.EXP/NOT_LOW_LATENCY_NORM_DIST.SIGDELAY/i_pipe/opt_has_pipe.first_q_reg[3]/D
                            (rising edge-triggered cell FDRE clocked by ap_clk  {rise@0.000ns fall@5.000ns period=10.000ns})
  Path Group:             ap_clk
  Path Type:              Setup (Max at Slow Process Corner)
  Requirement:            10.000ns  (ap_clk rise@10.000ns - ap_clk rise@0.000ns)
  Data Path Delay:        8.769ns  (logic 3.452ns (39.364%)  route 5.317ns (60.636%))
  Logic Levels:           10  (CARRY4=3 LUT3=1 LUT4=3 LUT5=1 LUT6=2)
  Clock Path Skew:        -0.049ns (DCD - SCD + CPR)
    Destination Clock Delay (DCD):    0.924ns = ( 10.924 - 10.000 ) 
    Source Clock Delay      (SCD):    0.973ns
    Clock Pessimism Removal (CPR):    0.000ns
  Clock Uncertainty:      0.035ns  ((TSJ^2 + TIJ^2)^1/2 + DJ) / 2 + PE
    Total System Jitter     (TSJ):    0.071ns
    Total Input Jitter      (TIJ):    0.000ns
    Discrete Jitter          (DJ):    0.000ns
    Phase Error              (PE):    0.000ns

    Location             Delay type                Incr(ns)  Path(ns)    Netlist Resource(s)
  -------------------------------------------------------------------    -------------------
                         (clock ap_clk rise edge)     0.000     0.000 r  
                                                      0.000     0.000 r  ap_clk (IN)
                         net (fo=25350, unset)        0.973     0.973    bd_0_i/hls_inst/inst/HLS_accel_hadd_16bkb_U37/HLS_accel_ap_hadd_3_full_dsp_16_u/U0/i_synth/ADDSUB_OP.ADDSUB/SPEED_OP.DSP.OP/DSP48E1_BODY_HP.ALIGN_ADD/DSP2/aclk
    DSP48_X3Y38          DSP48E1                                      r  bd_0_i/hls_inst/inst/HLS_accel_hadd_16bkb_U37/HLS_accel_ap_hadd_3_full_dsp_16_u/U0/i_synth/ADDSUB_OP.ADDSUB/SPEED_OP.DSP.OP/DSP48E1_BODY_HP.ALIGN_ADD/DSP2/DSP/CLK
  -------------------------------------------------------------------    -------------------
    DSP48_X3Y38          DSP48E1 (Prop_dsp48e1_CLK_P[24])
                                                      0.434     1.407 f  bd_0_i/hls_inst/inst/HLS_accel_hadd_16bkb_U37/HLS_accel_ap_hadd_3_full_dsp_16_u/U0/i_synth/ADDSUB_OP.ADDSUB/SPEED_OP.DSP.OP/DSP48E1_BODY_HP.ALIGN_ADD/DSP2/DSP/P[24]
                         net (fo=8, routed)           1.642     3.049    bd_0_i/hls_inst/inst/HLS_accel_hadd_16bkb_U37/HLS_accel_ap_hadd_3_full_dsp_16_u/U0/i_synth/ADDSUB_OP.ADDSUB/SPEED_OP.DSP.OP/DSP48E1_BODY_HP.NORM_RND/FULL_USAGE_DSP.LOD/P[11]
    SLICE_X102Y99        LUT4 (Prop_lut4_I1_O)        0.124     3.173 r  bd_0_i/hls_inst/inst/HLS_accel_hadd_16bkb_U37/HLS_accel_ap_hadd_3_full_dsp_16_u/U0/i_synth/ADDSUB_OP.ADDSUB/SPEED_OP.DSP.OP/DSP48E1_BODY_HP.NORM_RND/FULL_USAGE_DSP.LOD/DIST_ENC[0].i_det_lut1/O
                         net (fo=1, routed)           0.000     3.173    bd_0_i/hls_inst/inst/HLS_accel_hadd_16bkb_U37/HLS_accel_ap_hadd_3_full_dsp_16_u/U0/i_synth/ADDSUB_OP.ADDSUB/SPEED_OP.DSP.OP/DSP48E1_BODY_HP.NORM_RND/FULL_USAGE_DSP.LOD/det_lut_lzd_1
    SLICE_X102Y99        CARRY4 (Prop_carry4_S[1]_CO[3])
                                                      0.533     3.706 r  bd_0_i/hls_inst/inst/HLS_accel_hadd_16bkb_U37/HLS_accel_ap_hadd_3_full_dsp_16_u/U0/i_synth/ADDSUB_OP.ADDSUB/SPEED_OP.DSP.OP/DSP48E1_BODY_HP.NORM_RND/FULL_USAGE_DSP.LOD/DET_GEN[0].CARRY_MUX_CARRY4/CO[3]
                         net (fo=10, routed)          0.001     3.707    bd_0_i/hls_inst/inst/HLS_accel_hadd_16bkb_U37/HLS_accel_ap_hadd_3_full_dsp_16_u/U0/i_synth/ADDSUB_OP.ADDSUB/SPEED_OP.DSP.OP/DSP48E1_BODY_HP.NORM_RND/FULL_USAGE_DSP.LOD/DSP_0
    SLICE_X102Y100       CARRY4 (Prop_carry4_CI_CO[1])
                                                      0.157     3.864 r  bd_0_i/hls_inst/inst/HLS_accel_hadd_16bkb_U37/HLS_accel_ap_hadd_3_full_dsp_16_u/U0/i_synth/ADDSUB_OP.ADDSUB/SPEED_OP.DSP.OP/DSP48E1_BODY_HP.NORM_RND/FULL_USAGE_DSP.LOD/DET_GEN[4].CARRY_MUX_CARRY4/CO[1]
                         net (fo=5, routed)           0.584     4.447    bd_0_i/hls_inst/inst/HLS_accel_hadd_16bkb_U37/HLS_accel_ap_hadd_3_full_dsp_16_u/U0/i_synth/ADDSUB_OP.ADDSUB/SPEED_OP.DSP.OP/DSP48E1_BODY_HP.NORM_RND/FULL_USAGE_DSP.LOD/zero_pair_lzd_6
    SLICE_X103Y99        LUT3 (Prop_lut3_I0_O)        0.332     4.779 r  bd_0_i/hls_inst/inst/HLS_accel_hadd_16bkb_U37/HLS_accel_ap_hadd_3_full_dsp_16_u/U0/i_synth/ADDSUB_OP.ADDSUB/SPEED_OP.DSP.OP/DSP48E1_BODY_HP.NORM_RND/FULL_USAGE_DSP.LOD/gen_lut_pairs[2].lutpairmode1.lutXo6_i_1/O
                         net (fo=3, routed)           0.587     5.366    bd_0_i/hls_inst/inst/HLS_accel_hadd_16bkb_U37/HLS_accel_ap_hadd_3_full_dsp_16_u/U0/i_synth/ADDSUB_OP.ADDSUB/SPEED_OP.DSP.OP/DSP48E1_BODY_HP.NORM_RND/FULL_USAGE_DSP.LOD/NORM_DIST[2]
    SLICE_X103Y99        LUT6 (Prop_lut6_I3_O)        0.124     5.490 f  bd_0_i/hls_inst/inst/HLS_accel_hadd_16bkb_U37/HLS_accel_ap_hadd_3_full_dsp_16_u/U0/i_synth/ADDSUB_OP.ADDSUB/SPEED_OP.DSP.OP/DSP48E1_BODY_HP.NORM_RND/FULL_USAGE_DSP.LOD/LSBaddmode1.lut0o6_i_1/O
                         net (fo=2, routed)           0.762     6.252    bd_0_i/hls_inst/inst/HLS_accel_hadd_16bkb_U37/HLS_accel_ap_hadd_3_full_dsp_16_u/U0/i_synth/ADDSUB_OP.ADDSUB/SPEED_OP.DSP.OP/DSP48E1_BODY_HP.EXP/NOT_LOW_LATENCY_NORM_DIST.STRUCT_ADD/LSBaddmode1.lut0o6/I4
    SLICE_X102Y95        LUT5 (Prop_lut5_I4_O)        0.116     6.368 r  bd_0_i/hls_inst/inst/HLS_accel_hadd_16bkb_U37/HLS_accel_ap_hadd_3_full_dsp_16_u/U0/i_synth/ADDSUB_OP.ADDSUB/SPEED_OP.DSP.OP/DSP48E1_BODY_HP.EXP/NOT_LOW_LATENCY_NORM_DIST.STRUCT_ADD/LSBaddmode1.lut0o6/LUT5/O
                         net (fo=3, routed)           0.490     6.858    bd_0_i/hls_inst/inst/HLS_accel_hadd_16bkb_U37/HLS_accel_ap_hadd_3_full_dsp_16_u/U0/i_synth/ADDSUB_OP.ADDSUB/SPEED_OP.DSP.OP/DSP48E1_BODY_HP.EXP/NOT_LOW_LATENCY_NORM_DIST.STRUCT_ADD/gen_lut_pairs[1].lutpairmode1.lutXo6/I4
    SLICE_X102Y95        LUT6 (Prop_lut6_I4_O)        0.328     7.186 r  bd_0_i/hls_inst/inst/HLS_accel_hadd_16bkb_U37/HLS_accel_ap_hadd_3_full_dsp_16_u/U0/i_synth/ADDSUB_OP.ADDSUB/SPEED_OP.DSP.OP/DSP48E1_BODY_HP.EXP/NOT_LOW_LATENCY_NORM_DIST.STRUCT_ADD/gen_lut_pairs[1].lutpairmode1.lutXo6/LUT6/O
                         net (fo=1, routed)           0.000     7.186    bd_0_i/hls_inst/inst/HLS_accel_hadd_16bkb_U37/HLS_accel_ap_hadd_3_full_dsp_16_u/U0/i_synth/ADDSUB_OP.ADDSUB/SPEED_OP.DSP.OP/DSP48E1_BODY_HP.EXP/NOT_LOW_LATENCY_NORM_DIST.STRUCT_ADD/o6lut_i_1
    SLICE_X102Y95        CARRY4 (Prop_carry4_S[1]_O[3])
                                                      0.643     7.829 f  bd_0_i/hls_inst/inst/HLS_accel_hadd_16bkb_U37/HLS_accel_ap_hadd_3_full_dsp_16_u/U0/i_synth/ADDSUB_OP.ADDSUB/SPEED_OP.DSP.OP/DSP48E1_BODY_HP.EXP/NOT_LOW_LATENCY_NORM_DIST.STRUCT_ADD/gen_carry4s[0].gen_carry4.y0.mcy00_CARRY4/O[3]
                         net (fo=3, routed)           1.091     8.920    bd_0_i/hls_inst/inst/HLS_accel_hadd_16bkb_U37/HLS_accel_ap_hadd_3_full_dsp_16_u/U0/i_synth/ADDSUB_OP.ADDSUB/SPEED_OP.DSP.OP/DSP48E1_BODY_HP.EXP/NOT_LOW_LATENCY_NORM_DIST.STRUCT_ADD/o[3]
    SLICE_X106Y96        LUT4 (Prop_lut4_I1_O)        0.335     9.255 f  bd_0_i/hls_inst/inst/HLS_accel_hadd_16bkb_U37/HLS_accel_ap_hadd_3_full_dsp_16_u/U0/i_synth/ADDSUB_OP.ADDSUB/SPEED_OP.DSP.OP/DSP48E1_BODY_HP.EXP/NOT_LOW_LATENCY_NORM_DIST.STRUCT_ADD/opt_has_pipe.first_q[3]_i_2/O
                         net (fo=1, routed)           0.162     9.416    bd_0_i/hls_inst/inst/HLS_accel_hadd_16bkb_U37/HLS_accel_ap_hadd_3_full_dsp_16_u/U0/i_synth/ADDSUB_OP.ADDSUB/SPEED_OP.DSP.OP/DSP48E1_BODY_HP.EXP/NOT_LOW_LATENCY_NORM_DIST.STRUCT_ADD/opt_has_pipe.first_q[3]_i_2_n_3
    SLICE_X106Y96        LUT4 (Prop_lut4_I3_O)        0.326     9.742 r  bd_0_i/hls_inst/inst/HLS_accel_hadd_16bkb_U37/HLS_accel_ap_hadd_3_full_dsp_16_u/U0/i_synth/ADDSUB_OP.ADDSUB/SPEED_OP.DSP.OP/DSP48E1_BODY_HP.EXP/NOT_LOW_LATENCY_NORM_DIST.STRUCT_ADD/opt_has_pipe.first_q[3]_i_1/O
                         net (fo=1, routed)           0.000     9.742    bd_0_i/hls_inst/inst/HLS_accel_hadd_16bkb_U37/HLS_accel_ap_hadd_3_full_dsp_16_u/U0/i_synth/ADDSUB_OP.ADDSUB/SPEED_OP.DSP.OP/DSP48E1_BODY_HP.EXP/NOT_LOW_LATENCY_NORM_DIST.SIGDELAY/i_pipe/D[3]
    SLICE_X106Y96        FDRE                                         r  bd_0_i/hls_inst/inst/HLS_accel_hadd_16bkb_U37/HLS_accel_ap_hadd_3_full_dsp_16_u/U0/i_synth/ADDSUB_OP.ADDSUB/SPEED_OP.DSP.OP/DSP48E1_BODY_HP.EXP/NOT_LOW_LATENCY_NORM_DIST.SIGDELAY/i_pipe/opt_has_pipe.first_q_reg[3]/D
  -------------------------------------------------------------------    -------------------

                         (clock ap_clk rise edge)    10.000    10.000 r  
                                                      0.000    10.000 r  ap_clk (IN)
                         net (fo=25350, unset)        0.924    10.924    bd_0_i/hls_inst/inst/HLS_accel_hadd_16bkb_U37/HLS_accel_ap_hadd_3_full_dsp_16_u/U0/i_synth/ADDSUB_OP.ADDSUB/SPEED_OP.DSP.OP/DSP48E1_BODY_HP.EXP/NOT_LOW_LATENCY_NORM_DIST.SIGDELAY/i_pipe/aclk
    SLICE_X106Y96        FDRE                                         r  bd_0_i/hls_inst/inst/HLS_accel_hadd_16bkb_U37/HLS_accel_ap_hadd_3_full_dsp_16_u/U0/i_synth/ADDSUB_OP.ADDSUB/SPEED_OP.DSP.OP/DSP48E1_BODY_HP.EXP/NOT_LOW_LATENCY_NORM_DIST.SIGDELAY/i_pipe/opt_has_pipe.first_q_reg[3]/C
                         clock pessimism              0.000    10.924    
                         clock uncertainty           -0.035    10.889    
    SLICE_X106Y96        FDRE (Setup_fdre_C_D)        0.031    10.920    bd_0_i/hls_inst/inst/HLS_accel_hadd_16bkb_U37/HLS_accel_ap_hadd_3_full_dsp_16_u/U0/i_synth/ADDSUB_OP.ADDSUB/SPEED_OP.DSP.OP/DSP48E1_BODY_HP.EXP/NOT_LOW_LATENCY_NORM_DIST.SIGDELAY/i_pipe/opt_has_pipe.first_q_reg[3]
  -------------------------------------------------------------------
                         required time                         10.920    
                         arrival time                          -9.742    
  -------------------------------------------------------------------
                         slack                                  1.178    

Slack (MET) :             1.181ns  (required time - arrival time)
  Source:                 bd_0_i/hls_inst/inst/INPUT_STREAM_data_V_0_sel_rd_reg/C
                            (rising edge-triggered cell FDRE clocked by ap_clk  {rise@0.000ns fall@5.000ns period=10.000ns})
  Destination:            bd_0_i/hls_inst/inst/b_8_U/HLS_accel_a_0_ram_U/ram_reg_0_15_0_0__4/SP/I
                            (rising edge-triggered cell RAMS32 clocked by ap_clk  {rise@0.000ns fall@5.000ns period=10.000ns})
  Path Group:             ap_clk
  Path Type:              Setup (Max at Slow Process Corner)
  Requirement:            10.000ns  (ap_clk rise@10.000ns - ap_clk rise@0.000ns)
  Data Path Delay:        8.477ns  (logic 0.580ns (6.842%)  route 7.897ns (93.158%))
  Logic Levels:           1  (LUT3=1)
  Clock Path Skew:        -0.049ns (DCD - SCD + CPR)
    Destination Clock Delay (DCD):    0.924ns = ( 10.924 - 10.000 ) 
    Source Clock Delay      (SCD):    0.973ns
    Clock Pessimism Removal (CPR):    0.000ns
  Clock Uncertainty:      0.035ns  ((TSJ^2 + TIJ^2)^1/2 + DJ) / 2 + PE
    Total System Jitter     (TSJ):    0.071ns
    Total Input Jitter      (TIJ):    0.000ns
    Discrete Jitter          (DJ):    0.000ns
    Phase Error              (PE):    0.000ns

    Location             Delay type                Incr(ns)  Path(ns)    Netlist Resource(s)
  -------------------------------------------------------------------    -------------------
                         (clock ap_clk rise edge)     0.000     0.000 r  
                                                      0.000     0.000 r  ap_clk (IN)
                         net (fo=25350, unset)        0.973     0.973    bd_0_i/hls_inst/inst/ap_clk
    SLICE_X56Y75         FDRE                                         r  bd_0_i/hls_inst/inst/INPUT_STREAM_data_V_0_sel_rd_reg/C
  -------------------------------------------------------------------    -------------------
    SLICE_X56Y75         FDRE (Prop_fdre_C_Q)         0.456     1.429 r  bd_0_i/hls_inst/inst/INPUT_STREAM_data_V_0_sel_rd_reg/Q
                         net (fo=17, routed)          0.788     2.217    bd_0_i/hls_inst/inst/b_4_U/HLS_accel_a_0_ram_U/INPUT_STREAM_data_V_0_sel
    SLICE_X59Y77         LUT3 (Prop_lut3_I2_O)        0.124     2.341 r  bd_0_i/hls_inst/inst/b_4_U/HLS_accel_a_0_ram_U/ram_reg_0_31_0_0__1_i_1/O
                         net (fo=324, routed)         7.109     9.450    bd_0_i/hls_inst/inst/b_8_U/HLS_accel_a_0_ram_U/ram_reg_0_15_0_0__4/D
    SLICE_X96Y11         RAMS32                                       r  bd_0_i/hls_inst/inst/b_8_U/HLS_accel_a_0_ram_U/ram_reg_0_15_0_0__4/SP/I
  -------------------------------------------------------------------    -------------------

                         (clock ap_clk rise edge)    10.000    10.000 r  
                                                      0.000    10.000 r  ap_clk (IN)
                         net (fo=25350, unset)        0.924    10.924    bd_0_i/hls_inst/inst/b_8_U/HLS_accel_a_0_ram_U/ram_reg_0_15_0_0__4/WCLK
    SLICE_X96Y11         RAMS32                                       r  bd_0_i/hls_inst/inst/b_8_U/HLS_accel_a_0_ram_U/ram_reg_0_15_0_0__4/SP/CLK
                         clock pessimism              0.000    10.924    
                         clock uncertainty           -0.035    10.889    
    SLICE_X96Y11         RAMS32 (Setup_rams32_CLK_I)
                                                     -0.258    10.631    bd_0_i/hls_inst/inst/b_8_U/HLS_accel_a_0_ram_U/ram_reg_0_15_0_0__4/SP
  -------------------------------------------------------------------
                         required time                         10.631    
                         arrival time                          -9.450    
  -------------------------------------------------------------------
                         slack                                  1.181    

Slack (MET) :             1.189ns  (required time - arrival time)
  Source:                 bd_0_i/hls_inst/inst/indvar_flatten_reg_2757_reg[0]/C
                            (rising edge-triggered cell FDRE clocked by ap_clk  {rise@0.000ns fall@5.000ns period=10.000ns})
  Destination:            bd_0_i/hls_inst/inst/a_28_U/HLS_accel_a_0_ram_U/ram_reg_0_15_0_0__23/SP/WE
                            (rising edge-triggered cell RAMS32 clocked by ap_clk  {rise@0.000ns fall@5.000ns period=10.000ns})
  Path Group:             ap_clk
  Path Type:              Setup (Max at Slow Process Corner)
  Requirement:            10.000ns  (ap_clk rise@10.000ns - ap_clk rise@0.000ns)
  Data Path Delay:        8.199ns  (logic 1.200ns (14.636%)  route 6.999ns (85.364%))
  Logic Levels:           6  (LUT3=1 LUT4=1 LUT6=4)
  Clock Path Skew:        -0.049ns (DCD - SCD + CPR)
    Destination Clock Delay (DCD):    0.924ns = ( 10.924 - 10.000 ) 
    Source Clock Delay      (SCD):    0.973ns
    Clock Pessimism Removal (CPR):    0.000ns
  Clock Uncertainty:      0.035ns  ((TSJ^2 + TIJ^2)^1/2 + DJ) / 2 + PE
    Total System Jitter     (TSJ):    0.071ns
    Total Input Jitter      (TIJ):    0.000ns
    Discrete Jitter          (DJ):    0.000ns
    Phase Error              (PE):    0.000ns

    Location             Delay type                Incr(ns)  Path(ns)    Netlist Resource(s)
  -------------------------------------------------------------------    -------------------
                         (clock ap_clk rise edge)     0.000     0.000 r  
                                                      0.000     0.000 r  ap_clk (IN)
                         net (fo=25350, unset)        0.973     0.973    bd_0_i/hls_inst/inst/ap_clk
    SLICE_X63Y71         FDRE                                         r  bd_0_i/hls_inst/inst/indvar_flatten_reg_2757_reg[0]/C
  -------------------------------------------------------------------    -------------------
    SLICE_X63Y71         FDRE (Prop_fdre_C_Q)         0.456     1.429 f  bd_0_i/hls_inst/inst/indvar_flatten_reg_2757_reg[0]/Q
                         net (fo=2, routed)           0.861     2.290    bd_0_i/hls_inst/inst/a_11_U/HLS_accel_a_0_ram_U/out[0]
    SLICE_X62Y71         LUT4 (Prop_lut4_I1_O)        0.124     2.414 r  bd_0_i/hls_inst/inst/a_11_U/HLS_accel_a_0_ram_U/INPUT_STREAM_dest_V_0_state[1]_i_5/O
                         net (fo=5, routed)           0.626     3.040    bd_0_i/hls_inst/inst/a_11_U/HLS_accel_a_0_ram_U/indvar_flatten_reg_2757_reg[1]
    SLICE_X62Y71         LUT6 (Prop_lut6_I5_O)        0.124     3.164 r  bd_0_i/hls_inst/inst/a_11_U/HLS_accel_a_0_ram_U/ap_CS_fsm[2]_i_2/O
                         net (fo=34, routed)          0.692     3.856    bd_0_i/hls_inst/inst/a_11_U/HLS_accel_a_0_ram_U/exitcond_flatten_fu_3326_p2
    SLICE_X54Y66         LUT3 (Prop_lut3_I0_O)        0.124     3.980 r  bd_0_i/hls_inst/inst/a_11_U/HLS_accel_a_0_ram_U/ap_CS_fsm[1]_i_2/O
                         net (fo=64, routed)          0.709     4.689    bd_0_i/hls_inst/inst/a_30_U/HLS_accel_a_0_ram_U/ce01138_out
    SLICE_X60Y70         LUT6 (Prop_lut6_I3_O)        0.124     4.813 r  bd_0_i/hls_inst/inst/a_30_U/HLS_accel_a_0_ram_U/ram_reg_0_31_0_0_i_8__6/O
                         net (fo=16, routed)          1.979     6.792    bd_0_i/hls_inst/inst/a_28_U/HLS_accel_a_0_ram_U/ram_reg_0_31_0_0_i_1__16_1
    SLICE_X37Y25         LUT6 (Prop_lut6_I5_O)        0.124     6.916 r  bd_0_i/hls_inst/inst/a_28_U/HLS_accel_a_0_ram_U/ram_reg_0_31_0_0_i_7__55/O
                         net (fo=3, routed)           1.244     8.160    bd_0_i/hls_inst/inst/a_28_U/HLS_accel_a_0_ram_U/a_28_we0
    SLICE_X22Y18         LUT6 (Prop_lut6_I5_O)        0.124     8.284 r  bd_0_i/hls_inst/inst/a_28_U/HLS_accel_a_0_ram_U/ram_reg_0_15_0_0_i_1__47/O
                         net (fo=16, routed)          0.888     9.172    bd_0_i/hls_inst/inst/a_28_U/HLS_accel_a_0_ram_U/ram_reg_0_15_0_0__23/WE
    SLICE_X22Y11         RAMS32                                       r  bd_0_i/hls_inst/inst/a_28_U/HLS_accel_a_0_ram_U/ram_reg_0_15_0_0__23/SP/WE
  -------------------------------------------------------------------    -------------------

                         (clock ap_clk rise edge)    10.000    10.000 r  
                                                      0.000    10.000 r  ap_clk (IN)
                         net (fo=25350, unset)        0.924    10.924    bd_0_i/hls_inst/inst/a_28_U/HLS_accel_a_0_ram_U/ram_reg_0_15_0_0__23/WCLK
    SLICE_X22Y11         RAMS32                                       r  bd_0_i/hls_inst/inst/a_28_U/HLS_accel_a_0_ram_U/ram_reg_0_15_0_0__23/SP/CLK
                         clock pessimism              0.000    10.924    
                         clock uncertainty           -0.035    10.889    
    SLICE_X22Y11         RAMS32 (Setup_rams32_CLK_WE)
                                                     -0.528    10.361    bd_0_i/hls_inst/inst/a_28_U/HLS_accel_a_0_ram_U/ram_reg_0_15_0_0__23/SP
  -------------------------------------------------------------------
                         required time                         10.361    
                         arrival time                          -9.172    
  -------------------------------------------------------------------
                         slack                                  1.189    




