

================================================================
== Vivado HLS Report for 'mmult_hw'
================================================================
* Date:           Wed Dec  4 01:20:29 2024

* Version:        2018.3 (Build 2405991 on Thu Dec 06 23:56:15 MST 2018)
* Project:        hls_mmult_prj
* Solution:       solution2_2
* Product family: zynq
* Target device:  xc7z020clg484-1


================================================================
== Performance Estimates
================================================================
+ Timing (ns): 
    * Summary: 
    +--------+-------+----------+------------+
    |  Clock | Target| Estimated| Uncertainty|
    +--------+-------+----------+------------+
    |ap_clk  |  10.00|     9.634|        1.25|
    +--------+-------+----------+------------+

+ Latency (clock cycles): 
    * Summary: 
    +------+------+------+------+---------+
    |   Latency   |   Interval  | Pipeline|
    |  min |  max |  min |  max |   Type  |
    +------+------+------+------+---------+
    |  3193|  3193|  3193|  3193|   none  |
    +------+------+------+------+---------+

    + Detail: 
        * Instance: 
        N/A

        * Loop: 
        +----------+------+------+----------+-----------+-----------+------+----------+
        |          |   Latency   | Iteration|  Initiation Interval  | Trip |          |
        | Loop Name|  min |  max |  Latency |  achieved |   target  | Count| Pipelined|
        +----------+------+------+----------+-----------+-----------+------+----------+
        |- L1_L2   |  3191|  3191|       277|          1|          1|  2916|    yes   |
        +----------+------+------+----------+-----------+-----------+------+----------+



================================================================
== Utilization Estimates
================================================================
* Summary: 
+-----------------+---------+-------+--------+-------+
|       Name      | BRAM_18K| DSP48E|   FF   |  LUT  |
+-----------------+---------+-------+--------+-------+
|DSP              |        -|      1|       -|      -|
|Expression       |        -|      -|       0|     82|
|FIFO             |        -|      -|       -|      -|
|Instance         |        -|    216|   10800|   8208|
|Memory           |        -|      -|       -|      -|
|Multiplexer      |        -|      -|       -|     75|
|Register         |        0|      -|    4105|    640|
+-----------------+---------+-------+--------+-------+
|Total            |        0|    217|   14905|   9005|
+-----------------+---------+-------+--------+-------+
|Available        |      280|    220|  106400|  53200|
+-----------------+---------+-------+--------+-------+
|Utilization (%)  |        0|     98|      14|     16|
+-----------------+---------+-------+--------+-------+

+ Detail: 
    * Instance: 
    +---------------------------+----------------------+---------+-------+-----+-----+
    |          Instance         |        Module        | BRAM_18K| DSP48E|  FF | LUT |
    +---------------------------+----------------------+---------+-------+-----+-----+
    |mmult_hw_hadd_16nbkb_U1    |mmult_hw_hadd_16nbkb  |        0|      2|  109|  116|
    |mmult_hw_hadd_16nbkb_U2    |mmult_hw_hadd_16nbkb  |        0|      2|  109|  116|
    |mmult_hw_hadd_16nbkb_U3    |mmult_hw_hadd_16nbkb  |        0|      2|  109|  116|
    |mmult_hw_hadd_16nbkb_U4    |mmult_hw_hadd_16nbkb  |        0|      2|  109|  116|
    |mmult_hw_hadd_16nbkb_U5    |mmult_hw_hadd_16nbkb  |        0|      2|  109|  116|
    |mmult_hw_hadd_16nbkb_U6    |mmult_hw_hadd_16nbkb  |        0|      2|  109|  116|
    |mmult_hw_hadd_16nbkb_U7    |mmult_hw_hadd_16nbkb  |        0|      2|  109|  116|
    |mmult_hw_hadd_16nbkb_U8    |mmult_hw_hadd_16nbkb  |        0|      2|  109|  116|
    |mmult_hw_hadd_16nbkb_U9    |mmult_hw_hadd_16nbkb  |        0|      2|  109|  116|
    |mmult_hw_hadd_16nbkb_U10   |mmult_hw_hadd_16nbkb  |        0|      2|  109|  116|
    |mmult_hw_hadd_16nbkb_U11   |mmult_hw_hadd_16nbkb  |        0|      2|  109|  116|
    |mmult_hw_hadd_16nbkb_U12   |mmult_hw_hadd_16nbkb  |        0|      2|  109|  116|
    |mmult_hw_hadd_16nbkb_U13   |mmult_hw_hadd_16nbkb  |        0|      2|  109|  116|
    |mmult_hw_hadd_16nbkb_U14   |mmult_hw_hadd_16nbkb  |        0|      2|  109|  116|
    |mmult_hw_hadd_16nbkb_U15   |mmult_hw_hadd_16nbkb  |        0|      2|  109|  116|
    |mmult_hw_hadd_16nbkb_U16   |mmult_hw_hadd_16nbkb  |        0|      2|  109|  116|
    |mmult_hw_hadd_16nbkb_U17   |mmult_hw_hadd_16nbkb  |        0|      2|  109|  116|
    |mmult_hw_hadd_16nbkb_U18   |mmult_hw_hadd_16nbkb  |        0|      2|  109|  116|
    |mmult_hw_hadd_16nbkb_U19   |mmult_hw_hadd_16nbkb  |        0|      2|  109|  116|
    |mmult_hw_hadd_16nbkb_U20   |mmult_hw_hadd_16nbkb  |        0|      2|  109|  116|
    |mmult_hw_hadd_16nbkb_U21   |mmult_hw_hadd_16nbkb  |        0|      2|  109|  116|
    |mmult_hw_hadd_16nbkb_U22   |mmult_hw_hadd_16nbkb  |        0|      2|  109|  116|
    |mmult_hw_hadd_16nbkb_U23   |mmult_hw_hadd_16nbkb  |        0|      2|  109|  116|
    |mmult_hw_hadd_16nbkb_U24   |mmult_hw_hadd_16nbkb  |        0|      2|  109|  116|
    |mmult_hw_hadd_16nbkb_U25   |mmult_hw_hadd_16nbkb  |        0|      2|  109|  116|
    |mmult_hw_hadd_16nbkb_U26   |mmult_hw_hadd_16nbkb  |        0|      2|  109|  116|
    |mmult_hw_hadd_16nbkb_U27   |mmult_hw_hadd_16nbkb  |        0|      2|  109|  116|
    |mmult_hw_hadd_16nbkb_U28   |mmult_hw_hadd_16nbkb  |        0|      2|  109|  116|
    |mmult_hw_hadd_16nbkb_U29   |mmult_hw_hadd_16nbkb  |        0|      2|  109|  116|
    |mmult_hw_hadd_16nbkb_U30   |mmult_hw_hadd_16nbkb  |        0|      2|  109|  116|
    |mmult_hw_hadd_16nbkb_U31   |mmult_hw_hadd_16nbkb  |        0|      2|  109|  116|
    |mmult_hw_hadd_16nbkb_U32   |mmult_hw_hadd_16nbkb  |        0|      2|  109|  116|
    |mmult_hw_hadd_16nbkb_U33   |mmult_hw_hadd_16nbkb  |        0|      2|  109|  116|
    |mmult_hw_hadd_16nbkb_U34   |mmult_hw_hadd_16nbkb  |        0|      2|  109|  116|
    |mmult_hw_hadd_16nbkb_U35   |mmult_hw_hadd_16nbkb  |        0|      2|  109|  116|
    |mmult_hw_hadd_16nbkb_U36   |mmult_hw_hadd_16nbkb  |        0|      2|  109|  116|
    |mmult_hw_hadd_16nbkb_U37   |mmult_hw_hadd_16nbkb  |        0|      2|  109|  116|
    |mmult_hw_hadd_16nbkb_U38   |mmult_hw_hadd_16nbkb  |        0|      2|  109|  116|
    |mmult_hw_hadd_16nbkb_U39   |mmult_hw_hadd_16nbkb  |        0|      2|  109|  116|
    |mmult_hw_hadd_16nbkb_U40   |mmult_hw_hadd_16nbkb  |        0|      2|  109|  116|
    |mmult_hw_hadd_16nbkb_U41   |mmult_hw_hadd_16nbkb  |        0|      2|  109|  116|
    |mmult_hw_hadd_16nbkb_U42   |mmult_hw_hadd_16nbkb  |        0|      2|  109|  116|
    |mmult_hw_hadd_16nbkb_U43   |mmult_hw_hadd_16nbkb  |        0|      2|  109|  116|
    |mmult_hw_hadd_16nbkb_U44   |mmult_hw_hadd_16nbkb  |        0|      2|  109|  116|
    |mmult_hw_hadd_16nbkb_U45   |mmult_hw_hadd_16nbkb  |        0|      2|  109|  116|
    |mmult_hw_hadd_16nbkb_U46   |mmult_hw_hadd_16nbkb  |        0|      2|  109|  116|
    |mmult_hw_hadd_16nbkb_U47   |mmult_hw_hadd_16nbkb  |        0|      2|  109|  116|
    |mmult_hw_hadd_16nbkb_U48   |mmult_hw_hadd_16nbkb  |        0|      2|  109|  116|
    |mmult_hw_hadd_16nbkb_U49   |mmult_hw_hadd_16nbkb  |        0|      2|  109|  116|
    |mmult_hw_hadd_16nbkb_U50   |mmult_hw_hadd_16nbkb  |        0|      2|  109|  116|
    |mmult_hw_hadd_16nbkb_U51   |mmult_hw_hadd_16nbkb  |        0|      2|  109|  116|
    |mmult_hw_hadd_16nbkb_U52   |mmult_hw_hadd_16nbkb  |        0|      2|  109|  116|
    |mmult_hw_hadd_16nbkb_U53   |mmult_hw_hadd_16nbkb  |        0|      2|  109|  116|
    |mmult_hw_hadd_16nbkb_U54   |mmult_hw_hadd_16nbkb  |        0|      2|  109|  116|
    |mmult_hw_hmul_16ncud_U55   |mmult_hw_hmul_16ncud  |        0|      2|   91|   36|
    |mmult_hw_hmul_16ncud_U56   |mmult_hw_hmul_16ncud  |        0|      2|   91|   36|
    |mmult_hw_hmul_16ncud_U57   |mmult_hw_hmul_16ncud  |        0|      2|   91|   36|
    |mmult_hw_hmul_16ncud_U58   |mmult_hw_hmul_16ncud  |        0|      2|   91|   36|
    |mmult_hw_hmul_16ncud_U59   |mmult_hw_hmul_16ncud  |        0|      2|   91|   36|
    |mmult_hw_hmul_16ncud_U60   |mmult_hw_hmul_16ncud  |        0|      2|   91|   36|
    |mmult_hw_hmul_16ncud_U61   |mmult_hw_hmul_16ncud  |        0|      2|   91|   36|
    |mmult_hw_hmul_16ncud_U62   |mmult_hw_hmul_16ncud  |        0|      2|   91|   36|
    |mmult_hw_hmul_16ncud_U63   |mmult_hw_hmul_16ncud  |        0|      2|   91|   36|
    |mmult_hw_hmul_16ncud_U64   |mmult_hw_hmul_16ncud  |        0|      2|   91|   36|
    |mmult_hw_hmul_16ncud_U65   |mmult_hw_hmul_16ncud  |        0|      2|   91|   36|
    |mmult_hw_hmul_16ncud_U66   |mmult_hw_hmul_16ncud  |        0|      2|   91|   36|
    |mmult_hw_hmul_16ncud_U67   |mmult_hw_hmul_16ncud  |        0|      2|   91|   36|
    |mmult_hw_hmul_16ncud_U68   |mmult_hw_hmul_16ncud  |        0|      2|   91|   36|
    |mmult_hw_hmul_16ncud_U69   |mmult_hw_hmul_16ncud  |        0|      2|   91|   36|
    |mmult_hw_hmul_16ncud_U70   |mmult_hw_hmul_16ncud  |        0|      2|   91|   36|
    |mmult_hw_hmul_16ncud_U71   |mmult_hw_hmul_16ncud  |        0|      2|   91|   36|
    |mmult_hw_hmul_16ncud_U72   |mmult_hw_hmul_16ncud  |        0|      2|   91|   36|
    |mmult_hw_hmul_16ncud_U73   |mmult_hw_hmul_16ncud  |        0|      2|   91|   36|
    |mmult_hw_hmul_16ncud_U74   |mmult_hw_hmul_16ncud  |        0|      2|   91|   36|
    |mmult_hw_hmul_16ncud_U75   |mmult_hw_hmul_16ncud  |        0|      2|   91|   36|
    |mmult_hw_hmul_16ncud_U76   |mmult_hw_hmul_16ncud  |        0|      2|   91|   36|
    |mmult_hw_hmul_16ncud_U77   |mmult_hw_hmul_16ncud  |        0|      2|   91|   36|
    |mmult_hw_hmul_16ncud_U78   |mmult_hw_hmul_16ncud  |        0|      2|   91|   36|
    |mmult_hw_hmul_16ncud_U79   |mmult_hw_hmul_16ncud  |        0|      2|   91|   36|
    |mmult_hw_hmul_16ncud_U80   |mmult_hw_hmul_16ncud  |        0|      2|   91|   36|
    |mmult_hw_hmul_16ncud_U81   |mmult_hw_hmul_16ncud  |        0|      2|   91|   36|
    |mmult_hw_hmul_16ncud_U82   |mmult_hw_hmul_16ncud  |        0|      2|   91|   36|
    |mmult_hw_hmul_16ncud_U83   |mmult_hw_hmul_16ncud  |        0|      2|   91|   36|
    |mmult_hw_hmul_16ncud_U84   |mmult_hw_hmul_16ncud  |        0|      2|   91|   36|
    |mmult_hw_hmul_16ncud_U85   |mmult_hw_hmul_16ncud  |        0|      2|   91|   36|
    |mmult_hw_hmul_16ncud_U86   |mmult_hw_hmul_16ncud  |        0|      2|   91|   36|
    |mmult_hw_hmul_16ncud_U87   |mmult_hw_hmul_16ncud  |        0|      2|   91|   36|
    |mmult_hw_hmul_16ncud_U88   |mmult_hw_hmul_16ncud  |        0|      2|   91|   36|
    |mmult_hw_hmul_16ncud_U89   |mmult_hw_hmul_16ncud  |        0|      2|   91|   36|
    |mmult_hw_hmul_16ncud_U90   |mmult_hw_hmul_16ncud  |        0|      2|   91|   36|
    |mmult_hw_hmul_16ncud_U91   |mmult_hw_hmul_16ncud  |        0|      2|   91|   36|
    |mmult_hw_hmul_16ncud_U92   |mmult_hw_hmul_16ncud  |        0|      2|   91|   36|
    |mmult_hw_hmul_16ncud_U93   |mmult_hw_hmul_16ncud  |        0|      2|   91|   36|
    |mmult_hw_hmul_16ncud_U94   |mmult_hw_hmul_16ncud  |        0|      2|   91|   36|
    |mmult_hw_hmul_16ncud_U95   |mmult_hw_hmul_16ncud  |        0|      2|   91|   36|
    |mmult_hw_hmul_16ncud_U96   |mmult_hw_hmul_16ncud  |        0|      2|   91|   36|
    |mmult_hw_hmul_16ncud_U97   |mmult_hw_hmul_16ncud  |        0|      2|   91|   36|
    |mmult_hw_hmul_16ncud_U98   |mmult_hw_hmul_16ncud  |        0|      2|   91|   36|
    |mmult_hw_hmul_16ncud_U99   |mmult_hw_hmul_16ncud  |        0|      2|   91|   36|
    |mmult_hw_hmul_16ncud_U100  |mmult_hw_hmul_16ncud  |        0|      2|   91|   36|
    |mmult_hw_hmul_16ncud_U101  |mmult_hw_hmul_16ncud  |        0|      2|   91|   36|
    |mmult_hw_hmul_16ncud_U102  |mmult_hw_hmul_16ncud  |        0|      2|   91|   36|
    |mmult_hw_hmul_16ncud_U103  |mmult_hw_hmul_16ncud  |        0|      2|   91|   36|
    |mmult_hw_hmul_16ncud_U104  |mmult_hw_hmul_16ncud  |        0|      2|   91|   36|
    |mmult_hw_hmul_16ncud_U105  |mmult_hw_hmul_16ncud  |        0|      2|   91|   36|
    |mmult_hw_hmul_16ncud_U106  |mmult_hw_hmul_16ncud  |        0|      2|   91|   36|
    |mmult_hw_hmul_16ncud_U107  |mmult_hw_hmul_16ncud  |        0|      2|   91|   36|
    |mmult_hw_hmul_16ncud_U108  |mmult_hw_hmul_16ncud  |        0|      2|   91|   36|
    +---------------------------+----------------------+---------+-------+-----+-----+
    |Total                      |                      |        0|    216|10800| 8208|
    +---------------------------+----------------------+---------+-------+-----+-----+

    * DSP48: 
    +---------------------------+----------------------+--------------+
    |          Instance         |        Module        |  Expression  |
    +---------------------------+----------------------+--------------+
    |mmult_hw_mac_muladEe_U109  |mmult_hw_mac_muladEe  | i0 * i1 + i2 |
    +---------------------------+----------------------+--------------+

    * Memory: 
    N/A

    * FIFO: 
    N/A

    * Expression: 
    +--------------------------------+----------+-------+---+----+------------+------------+
    |          Variable Name         | Operation| DSP48E| FF| LUT| Bitwidth P0| Bitwidth P1|
    +--------------------------------+----------+-------+---+----+------------+------------+
    |ia_1_fu_2159_p2                 |     +    |      0|  0|  15|           6|           1|
    |ib_1_fu_2197_p2                 |     +    |      0|  0|  15|           6|           1|
    |indvar_flatten_next_fu_2153_p2  |     +    |      0|  0|  12|          12|           1|
    |exitcond_flatten_fu_2147_p2     |   icmp   |      0|  0|  13|          12|          12|
    |exitcond_fu_2165_p2             |   icmp   |      0|  0|  11|           6|           5|
    |ib_mid2_fu_2171_p3              |  select  |      0|  0|   6|           1|           1|
    |tmp_mid2_v_fu_2179_p3           |  select  |      0|  0|   6|           1|           6|
    |ap_enable_pp0                   |    xor   |      0|  0|   2|           1|           2|
    |ap_enable_reg_pp0_iter1         |    xor   |      0|  0|   2|           2|           1|
    +--------------------------------+----------+-------+---+----+------------+------------+
    |Total                           |          |      0|  0|  82|          47|          30|
    +--------------------------------+----------+-------+---+----+------------+------------+

    * Multiplexer: 
    +------------------------------+----+-----------+-----+-----------+
    |             Name             | LUT| Input Size| Bits| Total Bits|
    +------------------------------+----+-----------+-----+-----------+
    |ap_NS_fsm                     |  21|          4|    1|          4|
    |ap_enable_reg_pp0_iter1       |   9|          2|    1|          2|
    |ap_enable_reg_pp0_iter276     |   9|          2|    1|          2|
    |ap_phi_mux_ia_phi_fu_1696_p4  |   9|          2|    6|         12|
    |ia_reg_1692                   |   9|          2|    6|         12|
    |ib_reg_1703                   |   9|          2|    6|         12|
    |indvar_flatten_reg_1681       |   9|          2|   12|         24|
    +------------------------------+----+-----------+-----+-----------+
    |Total                         |  75|         16|   33|         68|
    +------------------------------+----+-----------+-----+-----------+

    * Register: 
    +---------------------------+----+-----+-----+-----------+
    |            Name           | FF | LUT | Bits| Const Bits|
    +---------------------------+----+-----+-----+-----------+
    |a_0_load_reg_2371          |  16|    0|   16|          0|
    |a_10_load_reg_2666         |  16|    0|   16|          0|
    |a_11_load_reg_2696         |  16|    0|   16|          0|
    |a_12_load_reg_2726         |  16|    0|   16|          0|
    |a_13_load_reg_2756         |  16|    0|   16|          0|
    |a_14_load_reg_2786         |  16|    0|   16|          0|
    |a_15_load_reg_2816         |  16|    0|   16|          0|
    |a_16_load_reg_2846         |  16|    0|   16|          0|
    |a_17_load_reg_2876         |  16|    0|   16|          0|
    |a_18_load_reg_2906         |  16|    0|   16|          0|
    |a_19_load_reg_2936         |  16|    0|   16|          0|
    |a_1_load_reg_2396          |  16|    0|   16|          0|
    |a_20_load_reg_2966         |  16|    0|   16|          0|
    |a_21_load_reg_2996         |  16|    0|   16|          0|
    |a_22_load_reg_3026         |  16|    0|   16|          0|
    |a_23_load_reg_3056         |  16|    0|   16|          0|
    |a_24_load_reg_3086         |  16|    0|   16|          0|
    |a_25_load_reg_3116         |  16|    0|   16|          0|
    |a_26_load_reg_3146         |  16|    0|   16|          0|
    |a_27_load_reg_3176         |  16|    0|   16|          0|
    |a_28_load_reg_3206         |  16|    0|   16|          0|
    |a_29_load_reg_3236         |  16|    0|   16|          0|
    |a_2_load_reg_2426          |  16|    0|   16|          0|
    |a_30_load_reg_3266         |  16|    0|   16|          0|
    |a_31_load_reg_3296         |  16|    0|   16|          0|
    |a_32_load_reg_3326         |  16|    0|   16|          0|
    |a_33_load_reg_3356         |  16|    0|   16|          0|
    |a_34_load_reg_3386         |  16|    0|   16|          0|
    |a_35_load_reg_3416         |  16|    0|   16|          0|
    |a_36_load_reg_3446         |  16|    0|   16|          0|
    |a_37_load_reg_3476         |  16|    0|   16|          0|
    |a_38_load_reg_3506         |  16|    0|   16|          0|
    |a_39_load_reg_3536         |  16|    0|   16|          0|
    |a_3_load_reg_2456          |  16|    0|   16|          0|
    |a_40_load_reg_3566         |  16|    0|   16|          0|
    |a_41_load_reg_3596         |  16|    0|   16|          0|
    |a_42_load_reg_3626         |  16|    0|   16|          0|
    |a_43_load_reg_3656         |  16|    0|   16|          0|
    |a_44_load_reg_3686         |  16|    0|   16|          0|
    |a_45_load_reg_3716         |  16|    0|   16|          0|
    |a_46_load_reg_3746         |  16|    0|   16|          0|
    |a_47_load_reg_3776         |  16|    0|   16|          0|
    |a_48_load_reg_3806         |  16|    0|   16|          0|
    |a_49_load_reg_3836         |  16|    0|   16|          0|
    |a_4_load_reg_2486          |  16|    0|   16|          0|
    |a_50_load_reg_3866         |  16|    0|   16|          0|
    |a_51_load_reg_3896         |  16|    0|   16|          0|
    |a_52_load_reg_3926         |  16|    0|   16|          0|
    |a_53_load_reg_3956         |  16|    0|   16|          0|
    |a_5_load_reg_2516          |  16|    0|   16|          0|
    |a_6_load_reg_2546          |  16|    0|   16|          0|
    |a_7_load_reg_2576          |  16|    0|   16|          0|
    |a_8_load_reg_2606          |  16|    0|   16|          0|
    |a_9_load_reg_2636          |  16|    0|   16|          0|
    |ap_CS_fsm                  |   3|    0|    3|          0|
    |ap_enable_reg_pp0_iter0    |   1|    0|    1|          0|
    |ap_enable_reg_pp0_iter1    |   1|    0|    1|          0|
    |ap_enable_reg_pp0_iter10   |   1|    0|    1|          0|
    |ap_enable_reg_pp0_iter100  |   1|    0|    1|          0|
    |ap_enable_reg_pp0_iter101  |   1|    0|    1|          0|
    |ap_enable_reg_pp0_iter102  |   1|    0|    1|          0|
    |ap_enable_reg_pp0_iter103  |   1|    0|    1|          0|
    |ap_enable_reg_pp0_iter104  |   1|    0|    1|          0|
    |ap_enable_reg_pp0_iter105  |   1|    0|    1|          0|
    |ap_enable_reg_pp0_iter106  |   1|    0|    1|          0|
    |ap_enable_reg_pp0_iter107  |   1|    0|    1|          0|
    |ap_enable_reg_pp0_iter108  |   1|    0|    1|          0|
    |ap_enable_reg_pp0_iter109  |   1|    0|    1|          0|
    |ap_enable_reg_pp0_iter11   |   1|    0|    1|          0|
    |ap_enable_reg_pp0_iter110  |   1|    0|    1|          0|
    |ap_enable_reg_pp0_iter111  |   1|    0|    1|          0|
    |ap_enable_reg_pp0_iter112  |   1|    0|    1|          0|
    |ap_enable_reg_pp0_iter113  |   1|    0|    1|          0|
    |ap_enable_reg_pp0_iter114  |   1|    0|    1|          0|
    |ap_enable_reg_pp0_iter115  |   1|    0|    1|          0|
    |ap_enable_reg_pp0_iter116  |   1|    0|    1|          0|
    |ap_enable_reg_pp0_iter117  |   1|    0|    1|          0|
    |ap_enable_reg_pp0_iter118  |   1|    0|    1|          0|
    |ap_enable_reg_pp0_iter119  |   1|    0|    1|          0|
    |ap_enable_reg_pp0_iter12   |   1|    0|    1|          0|
    |ap_enable_reg_pp0_iter120  |   1|    0|    1|          0|
    |ap_enable_reg_pp0_iter121  |   1|    0|    1|          0|
    |ap_enable_reg_pp0_iter122  |   1|    0|    1|          0|
    |ap_enable_reg_pp0_iter123  |   1|    0|    1|          0|
    |ap_enable_reg_pp0_iter124  |   1|    0|    1|          0|
    |ap_enable_reg_pp0_iter125  |   1|    0|    1|          0|
    |ap_enable_reg_pp0_iter126  |   1|    0|    1|          0|
    |ap_enable_reg_pp0_iter127  |   1|    0|    1|          0|
    |ap_enable_reg_pp0_iter128  |   1|    0|    1|          0|
    |ap_enable_reg_pp0_iter129  |   1|    0|    1|          0|
    |ap_enable_reg_pp0_iter13   |   1|    0|    1|          0|
    |ap_enable_reg_pp0_iter130  |   1|    0|    1|          0|
    |ap_enable_reg_pp0_iter131  |   1|    0|    1|          0|
    |ap_enable_reg_pp0_iter132  |   1|    0|    1|          0|
    |ap_enable_reg_pp0_iter133  |   1|    0|    1|          0|
    |ap_enable_reg_pp0_iter134  |   1|    0|    1|          0|
    |ap_enable_reg_pp0_iter135  |   1|    0|    1|          0|
    |ap_enable_reg_pp0_iter136  |   1|    0|    1|          0|
    |ap_enable_reg_pp0_iter137  |   1|    0|    1|          0|
    |ap_enable_reg_pp0_iter138  |   1|    0|    1|          0|
    |ap_enable_reg_pp0_iter139  |   1|    0|    1|          0|
    |ap_enable_reg_pp0_iter14   |   1|    0|    1|          0|
    |ap_enable_reg_pp0_iter140  |   1|    0|    1|          0|
    |ap_enable_reg_pp0_iter141  |   1|    0|    1|          0|
    |ap_enable_reg_pp0_iter142  |   1|    0|    1|          0|
    |ap_enable_reg_pp0_iter143  |   1|    0|    1|          0|
    |ap_enable_reg_pp0_iter144  |   1|    0|    1|          0|
    |ap_enable_reg_pp0_iter145  |   1|    0|    1|          0|
    |ap_enable_reg_pp0_iter146  |   1|    0|    1|          0|
    |ap_enable_reg_pp0_iter147  |   1|    0|    1|          0|
    |ap_enable_reg_pp0_iter148  |   1|    0|    1|          0|
    |ap_enable_reg_pp0_iter149  |   1|    0|    1|          0|
    |ap_enable_reg_pp0_iter15   |   1|    0|    1|          0|
    |ap_enable_reg_pp0_iter150  |   1|    0|    1|          0|
    |ap_enable_reg_pp0_iter151  |   1|    0|    1|          0|
    |ap_enable_reg_pp0_iter152  |   1|    0|    1|          0|
    |ap_enable_reg_pp0_iter153  |   1|    0|    1|          0|
    |ap_enable_reg_pp0_iter154  |   1|    0|    1|          0|
    |ap_enable_reg_pp0_iter155  |   1|    0|    1|          0|
    |ap_enable_reg_pp0_iter156  |   1|    0|    1|          0|
    |ap_enable_reg_pp0_iter157  |   1|    0|    1|          0|
    |ap_enable_reg_pp0_iter158  |   1|    0|    1|          0|
    |ap_enable_reg_pp0_iter159  |   1|    0|    1|          0|
    |ap_enable_reg_pp0_iter16   |   1|    0|    1|          0|
    |ap_enable_reg_pp0_iter160  |   1|    0|    1|          0|
    |ap_enable_reg_pp0_iter161  |   1|    0|    1|          0|
    |ap_enable_reg_pp0_iter162  |   1|    0|    1|          0|
    |ap_enable_reg_pp0_iter163  |   1|    0|    1|          0|
    |ap_enable_reg_pp0_iter164  |   1|    0|    1|          0|
    |ap_enable_reg_pp0_iter165  |   1|    0|    1|          0|
    |ap_enable_reg_pp0_iter166  |   1|    0|    1|          0|
    |ap_enable_reg_pp0_iter167  |   1|    0|    1|          0|
    |ap_enable_reg_pp0_iter168  |   1|    0|    1|          0|
    |ap_enable_reg_pp0_iter169  |   1|    0|    1|          0|
    |ap_enable_reg_pp0_iter17   |   1|    0|    1|          0|
    |ap_enable_reg_pp0_iter170  |   1|    0|    1|          0|
    |ap_enable_reg_pp0_iter171  |   1|    0|    1|          0|
    |ap_enable_reg_pp0_iter172  |   1|    0|    1|          0|
    |ap_enable_reg_pp0_iter173  |   1|    0|    1|          0|
    |ap_enable_reg_pp0_iter174  |   1|    0|    1|          0|
    |ap_enable_reg_pp0_iter175  |   1|    0|    1|          0|
    |ap_enable_reg_pp0_iter176  |   1|    0|    1|          0|
    |ap_enable_reg_pp0_iter177  |   1|    0|    1|          0|
    |ap_enable_reg_pp0_iter178  |   1|    0|    1|          0|
    |ap_enable_reg_pp0_iter179  |   1|    0|    1|          0|
    |ap_enable_reg_pp0_iter18   |   1|    0|    1|          0|
    |ap_enable_reg_pp0_iter180  |   1|    0|    1|          0|
    |ap_enable_reg_pp0_iter181  |   1|    0|    1|          0|
    |ap_enable_reg_pp0_iter182  |   1|    0|    1|          0|
    |ap_enable_reg_pp0_iter183  |   1|    0|    1|          0|
    |ap_enable_reg_pp0_iter184  |   1|    0|    1|          0|
    |ap_enable_reg_pp0_iter185  |   1|    0|    1|          0|
    |ap_enable_reg_pp0_iter186  |   1|    0|    1|          0|
    |ap_enable_reg_pp0_iter187  |   1|    0|    1|          0|
    |ap_enable_reg_pp0_iter188  |   1|    0|    1|          0|
    |ap_enable_reg_pp0_iter189  |   1|    0|    1|          0|
    |ap_enable_reg_pp0_iter19   |   1|    0|    1|          0|
    |ap_enable_reg_pp0_iter190  |   1|    0|    1|          0|
    |ap_enable_reg_pp0_iter191  |   1|    0|    1|          0|
    |ap_enable_reg_pp0_iter192  |   1|    0|    1|          0|
    |ap_enable_reg_pp0_iter193  |   1|    0|    1|          0|
    |ap_enable_reg_pp0_iter194  |   1|    0|    1|          0|
    |ap_enable_reg_pp0_iter195  |   1|    0|    1|          0|
    |ap_enable_reg_pp0_iter196  |   1|    0|    1|          0|
    |ap_enable_reg_pp0_iter197  |   1|    0|    1|          0|
    |ap_enable_reg_pp0_iter198  |   1|    0|    1|          0|
    |ap_enable_reg_pp0_iter199  |   1|    0|    1|          0|
    |ap_enable_reg_pp0_iter2    |   1|    0|    1|          0|
    |ap_enable_reg_pp0_iter20   |   1|    0|    1|          0|
    |ap_enable_reg_pp0_iter200  |   1|    0|    1|          0|
    |ap_enable_reg_pp0_iter201  |   1|    0|    1|          0|
    |ap_enable_reg_pp0_iter202  |   1|    0|    1|          0|
    |ap_enable_reg_pp0_iter203  |   1|    0|    1|          0|
    |ap_enable_reg_pp0_iter204  |   1|    0|    1|          0|
    |ap_enable_reg_pp0_iter205  |   1|    0|    1|          0|
    |ap_enable_reg_pp0_iter206  |   1|    0|    1|          0|
    |ap_enable_reg_pp0_iter207  |   1|    0|    1|          0|
    |ap_enable_reg_pp0_iter208  |   1|    0|    1|          0|
    |ap_enable_reg_pp0_iter209  |   1|    0|    1|          0|
    |ap_enable_reg_pp0_iter21   |   1|    0|    1|          0|
    |ap_enable_reg_pp0_iter210  |   1|    0|    1|          0|
    |ap_enable_reg_pp0_iter211  |   1|    0|    1|          0|
    |ap_enable_reg_pp0_iter212  |   1|    0|    1|          0|
    |ap_enable_reg_pp0_iter213  |   1|    0|    1|          0|
    |ap_enable_reg_pp0_iter214  |   1|    0|    1|          0|
    |ap_enable_reg_pp0_iter215  |   1|    0|    1|          0|
    |ap_enable_reg_pp0_iter216  |   1|    0|    1|          0|
    |ap_enable_reg_pp0_iter217  |   1|    0|    1|          0|
    |ap_enable_reg_pp0_iter218  |   1|    0|    1|          0|
    |ap_enable_reg_pp0_iter219  |   1|    0|    1|          0|
    |ap_enable_reg_pp0_iter22   |   1|    0|    1|          0|
    |ap_enable_reg_pp0_iter220  |   1|    0|    1|          0|
    |ap_enable_reg_pp0_iter221  |   1|    0|    1|          0|
    |ap_enable_reg_pp0_iter222  |   1|    0|    1|          0|
    |ap_enable_reg_pp0_iter223  |   1|    0|    1|          0|
    |ap_enable_reg_pp0_iter224  |   1|    0|    1|          0|
    |ap_enable_reg_pp0_iter225  |   1|    0|    1|          0|
    |ap_enable_reg_pp0_iter226  |   1|    0|    1|          0|
    |ap_enable_reg_pp0_iter227  |   1|    0|    1|          0|
    |ap_enable_reg_pp0_iter228  |   1|    0|    1|          0|
    |ap_enable_reg_pp0_iter229  |   1|    0|    1|          0|
    |ap_enable_reg_pp0_iter23   |   1|    0|    1|          0|
    |ap_enable_reg_pp0_iter230  |   1|    0|    1|          0|
    |ap_enable_reg_pp0_iter231  |   1|    0|    1|          0|
    |ap_enable_reg_pp0_iter232  |   1|    0|    1|          0|
    |ap_enable_reg_pp0_iter233  |   1|    0|    1|          0|
    |ap_enable_reg_pp0_iter234  |   1|    0|    1|          0|
    |ap_enable_reg_pp0_iter235  |   1|    0|    1|          0|
    |ap_enable_reg_pp0_iter236  |   1|    0|    1|          0|
    |ap_enable_reg_pp0_iter237  |   1|    0|    1|          0|
    |ap_enable_reg_pp0_iter238  |   1|    0|    1|          0|
    |ap_enable_reg_pp0_iter239  |   1|    0|    1|          0|
    |ap_enable_reg_pp0_iter24   |   1|    0|    1|          0|
    |ap_enable_reg_pp0_iter240  |   1|    0|    1|          0|
    |ap_enable_reg_pp0_iter241  |   1|    0|    1|          0|
    |ap_enable_reg_pp0_iter242  |   1|    0|    1|          0|
    |ap_enable_reg_pp0_iter243  |   1|    0|    1|          0|
    |ap_enable_reg_pp0_iter244  |   1|    0|    1|          0|
    |ap_enable_reg_pp0_iter245  |   1|    0|    1|          0|
    |ap_enable_reg_pp0_iter246  |   1|    0|    1|          0|
    |ap_enable_reg_pp0_iter247  |   1|    0|    1|          0|
    |ap_enable_reg_pp0_iter248  |   1|    0|    1|          0|
    |ap_enable_reg_pp0_iter249  |   1|    0|    1|          0|
    |ap_enable_reg_pp0_iter25   |   1|    0|    1|          0|
    |ap_enable_reg_pp0_iter250  |   1|    0|    1|          0|
    |ap_enable_reg_pp0_iter251  |   1|    0|    1|          0|
    |ap_enable_reg_pp0_iter252  |   1|    0|    1|          0|
    |ap_enable_reg_pp0_iter253  |   1|    0|    1|          0|
    |ap_enable_reg_pp0_iter254  |   1|    0|    1|          0|
    |ap_enable_reg_pp0_iter255  |   1|    0|    1|          0|
    |ap_enable_reg_pp0_iter256  |   1|    0|    1|          0|
    |ap_enable_reg_pp0_iter257  |   1|    0|    1|          0|
    |ap_enable_reg_pp0_iter258  |   1|    0|    1|          0|
    |ap_enable_reg_pp0_iter259  |   1|    0|    1|          0|
    |ap_enable_reg_pp0_iter26   |   1|    0|    1|          0|
    |ap_enable_reg_pp0_iter260  |   1|    0|    1|          0|
    |ap_enable_reg_pp0_iter261  |   1|    0|    1|          0|
    |ap_enable_reg_pp0_iter262  |   1|    0|    1|          0|
    |ap_enable_reg_pp0_iter263  |   1|    0|    1|          0|
    |ap_enable_reg_pp0_iter264  |   1|    0|    1|          0|
    |ap_enable_reg_pp0_iter265  |   1|    0|    1|          0|
    |ap_enable_reg_pp0_iter266  |   1|    0|    1|          0|
    |ap_enable_reg_pp0_iter267  |   1|    0|    1|          0|
    |ap_enable_reg_pp0_iter268  |   1|    0|    1|          0|
    |ap_enable_reg_pp0_iter269  |   1|    0|    1|          0|
    |ap_enable_reg_pp0_iter27   |   1|    0|    1|          0|
    |ap_enable_reg_pp0_iter270  |   1|    0|    1|          0|
    |ap_enable_reg_pp0_iter271  |   1|    0|    1|          0|
    |ap_enable_reg_pp0_iter272  |   1|    0|    1|          0|
    |ap_enable_reg_pp0_iter273  |   1|    0|    1|          0|
    |ap_enable_reg_pp0_iter274  |   1|    0|    1|          0|
    |ap_enable_reg_pp0_iter275  |   1|    0|    1|          0|
    |ap_enable_reg_pp0_iter276  |   1|    0|    1|          0|
    |ap_enable_reg_pp0_iter28   |   1|    0|    1|          0|
    |ap_enable_reg_pp0_iter29   |   1|    0|    1|          0|
    |ap_enable_reg_pp0_iter3    |   1|    0|    1|          0|
    |ap_enable_reg_pp0_iter30   |   1|    0|    1|          0|
    |ap_enable_reg_pp0_iter31   |   1|    0|    1|          0|
    |ap_enable_reg_pp0_iter32   |   1|    0|    1|          0|
    |ap_enable_reg_pp0_iter33   |   1|    0|    1|          0|
    |ap_enable_reg_pp0_iter34   |   1|    0|    1|          0|
    |ap_enable_reg_pp0_iter35   |   1|    0|    1|          0|
    |ap_enable_reg_pp0_iter36   |   1|    0|    1|          0|
    |ap_enable_reg_pp0_iter37   |   1|    0|    1|          0|
    |ap_enable_reg_pp0_iter38   |   1|    0|    1|          0|
    |ap_enable_reg_pp0_iter39   |   1|    0|    1|          0|
    |ap_enable_reg_pp0_iter4    |   1|    0|    1|          0|
    |ap_enable_reg_pp0_iter40   |   1|    0|    1|          0|
    |ap_enable_reg_pp0_iter41   |   1|    0|    1|          0|
    |ap_enable_reg_pp0_iter42   |   1|    0|    1|          0|
    |ap_enable_reg_pp0_iter43   |   1|    0|    1|          0|
    |ap_enable_reg_pp0_iter44   |   1|    0|    1|          0|
    |ap_enable_reg_pp0_iter45   |   1|    0|    1|          0|
    |ap_enable_reg_pp0_iter46   |   1|    0|    1|          0|
    |ap_enable_reg_pp0_iter47   |   1|    0|    1|          0|
    |ap_enable_reg_pp0_iter48   |   1|    0|    1|          0|
    |ap_enable_reg_pp0_iter49   |   1|    0|    1|          0|
    |ap_enable_reg_pp0_iter5    |   1|    0|    1|          0|
    |ap_enable_reg_pp0_iter50   |   1|    0|    1|          0|
    |ap_enable_reg_pp0_iter51   |   1|    0|    1|          0|
    |ap_enable_reg_pp0_iter52   |   1|    0|    1|          0|
    |ap_enable_reg_pp0_iter53   |   1|    0|    1|          0|
    |ap_enable_reg_pp0_iter54   |   1|    0|    1|          0|
    |ap_enable_reg_pp0_iter55   |   1|    0|    1|          0|
    |ap_enable_reg_pp0_iter56   |   1|    0|    1|          0|
    |ap_enable_reg_pp0_iter57   |   1|    0|    1|          0|
    |ap_enable_reg_pp0_iter58   |   1|    0|    1|          0|
    |ap_enable_reg_pp0_iter59   |   1|    0|    1|          0|
    |ap_enable_reg_pp0_iter6    |   1|    0|    1|          0|
    |ap_enable_reg_pp0_iter60   |   1|    0|    1|          0|
    |ap_enable_reg_pp0_iter61   |   1|    0|    1|          0|
    |ap_enable_reg_pp0_iter62   |   1|    0|    1|          0|
    |ap_enable_reg_pp0_iter63   |   1|    0|    1|          0|
    |ap_enable_reg_pp0_iter64   |   1|    0|    1|          0|
    |ap_enable_reg_pp0_iter65   |   1|    0|    1|          0|
    |ap_enable_reg_pp0_iter66   |   1|    0|    1|          0|
    |ap_enable_reg_pp0_iter67   |   1|    0|    1|          0|
    |ap_enable_reg_pp0_iter68   |   1|    0|    1|          0|
    |ap_enable_reg_pp0_iter69   |   1|    0|    1|          0|
    |ap_enable_reg_pp0_iter7    |   1|    0|    1|          0|
    |ap_enable_reg_pp0_iter70   |   1|    0|    1|          0|
    |ap_enable_reg_pp0_iter71   |   1|    0|    1|          0|
    |ap_enable_reg_pp0_iter72   |   1|    0|    1|          0|
    |ap_enable_reg_pp0_iter73   |   1|    0|    1|          0|
    |ap_enable_reg_pp0_iter74   |   1|    0|    1|          0|
    |ap_enable_reg_pp0_iter75   |   1|    0|    1|          0|
    |ap_enable_reg_pp0_iter76   |   1|    0|    1|          0|
    |ap_enable_reg_pp0_iter77   |   1|    0|    1|          0|
    |ap_enable_reg_pp0_iter78   |   1|    0|    1|          0|
    |ap_enable_reg_pp0_iter79   |   1|    0|    1|          0|
    |ap_enable_reg_pp0_iter8    |   1|    0|    1|          0|
    |ap_enable_reg_pp0_iter80   |   1|    0|    1|          0|
    |ap_enable_reg_pp0_iter81   |   1|    0|    1|          0|
    |ap_enable_reg_pp0_iter82   |   1|    0|    1|          0|
    |ap_enable_reg_pp0_iter83   |   1|    0|    1|          0|
    |ap_enable_reg_pp0_iter84   |   1|    0|    1|          0|
    |ap_enable_reg_pp0_iter85   |   1|    0|    1|          0|
    |ap_enable_reg_pp0_iter86   |   1|    0|    1|          0|
    |ap_enable_reg_pp0_iter87   |   1|    0|    1|          0|
    |ap_enable_reg_pp0_iter88   |   1|    0|    1|          0|
    |ap_enable_reg_pp0_iter89   |   1|    0|    1|          0|
    |ap_enable_reg_pp0_iter9    |   1|    0|    1|          0|
    |ap_enable_reg_pp0_iter90   |   1|    0|    1|          0|
    |ap_enable_reg_pp0_iter91   |   1|    0|    1|          0|
    |ap_enable_reg_pp0_iter92   |   1|    0|    1|          0|
    |ap_enable_reg_pp0_iter93   |   1|    0|    1|          0|
    |ap_enable_reg_pp0_iter94   |   1|    0|    1|          0|
    |ap_enable_reg_pp0_iter95   |   1|    0|    1|          0|
    |ap_enable_reg_pp0_iter96   |   1|    0|    1|          0|
    |ap_enable_reg_pp0_iter97   |   1|    0|    1|          0|
    |ap_enable_reg_pp0_iter98   |   1|    0|    1|          0|
    |ap_enable_reg_pp0_iter99   |   1|    0|    1|          0|
    |b_0_load_reg_2376          |  16|    0|   16|          0|
    |b_10_load_reg_2671         |  16|    0|   16|          0|
    |b_11_load_reg_2701         |  16|    0|   16|          0|
    |b_12_load_reg_2731         |  16|    0|   16|          0|
    |b_13_load_reg_2761         |  16|    0|   16|          0|
    |b_14_load_reg_2791         |  16|    0|   16|          0|
    |b_15_load_reg_2821         |  16|    0|   16|          0|
    |b_16_load_reg_2851         |  16|    0|   16|          0|
    |b_17_load_reg_2881         |  16|    0|   16|          0|
    |b_18_load_reg_2911         |  16|    0|   16|          0|
    |b_19_load_reg_2941         |  16|    0|   16|          0|
    |b_1_load_reg_2401          |  16|    0|   16|          0|
    |b_20_load_reg_2971         |  16|    0|   16|          0|
    |b_21_load_reg_3001         |  16|    0|   16|          0|
    |b_22_load_reg_3031         |  16|    0|   16|          0|
    |b_23_load_reg_3061         |  16|    0|   16|          0|
    |b_24_load_reg_3091         |  16|    0|   16|          0|
    |b_25_load_reg_3121         |  16|    0|   16|          0|
    |b_26_load_reg_3151         |  16|    0|   16|          0|
    |b_27_load_reg_3181         |  16|    0|   16|          0|
    |b_28_load_reg_3211         |  16|    0|   16|          0|
    |b_29_load_reg_3241         |  16|    0|   16|          0|
    |b_2_load_reg_2431          |  16|    0|   16|          0|
    |b_30_load_reg_3271         |  16|    0|   16|          0|
    |b_31_load_reg_3301         |  16|    0|   16|          0|
    |b_32_load_reg_3331         |  16|    0|   16|          0|
    |b_33_load_reg_3361         |  16|    0|   16|          0|
    |b_34_load_reg_3391         |  16|    0|   16|          0|
    |b_35_load_reg_3421         |  16|    0|   16|          0|
    |b_36_load_reg_3451         |  16|    0|   16|          0|
    |b_37_load_reg_3481         |  16|    0|   16|          0|
    |b_38_load_reg_3511         |  16|    0|   16|          0|
    |b_39_load_reg_3541         |  16|    0|   16|          0|
    |b_3_load_reg_2461          |  16|    0|   16|          0|
    |b_40_load_reg_3571         |  16|    0|   16|          0|
    |b_41_load_reg_3601         |  16|    0|   16|          0|
    |b_42_load_reg_3631         |  16|    0|   16|          0|
    |b_43_load_reg_3661         |  16|    0|   16|          0|
    |b_44_load_reg_3691         |  16|    0|   16|          0|
    |b_45_load_reg_3721         |  16|    0|   16|          0|
    |b_46_load_reg_3751         |  16|    0|   16|          0|
    |b_47_load_reg_3781         |  16|    0|   16|          0|
    |b_48_load_reg_3811         |  16|    0|   16|          0|
    |b_49_load_reg_3841         |  16|    0|   16|          0|
    |b_4_load_reg_2491          |  16|    0|   16|          0|
    |b_50_load_reg_3871         |  16|    0|   16|          0|
    |b_51_load_reg_3901         |  16|    0|   16|          0|
    |b_52_load_reg_3931         |  16|    0|   16|          0|
    |b_53_load_reg_3961         |  16|    0|   16|          0|
    |b_5_load_reg_2521          |  16|    0|   16|          0|
    |b_6_load_reg_2551          |  16|    0|   16|          0|
    |b_7_load_reg_2581          |  16|    0|   16|          0|
    |b_8_load_reg_2611          |  16|    0|   16|          0|
    |b_9_load_reg_2641          |  16|    0|   16|          0|
    |exitcond_flatten_reg_2222  |   1|    0|    1|          0|
    |ia_reg_1692                |   6|    0|    6|          0|
    |ib_mid2_reg_2231           |   6|    0|    6|          0|
    |ib_reg_1703                |   6|    0|    6|          0|
    |indvar_flatten_reg_1681    |  12|    0|   12|          0|
    |sum_1_10_reg_2736          |  16|    0|   16|          0|
    |sum_1_11_reg_2766          |  16|    0|   16|          0|
    |sum_1_12_reg_2796          |  16|    0|   16|          0|
    |sum_1_13_reg_2826          |  16|    0|   16|          0|
    |sum_1_14_reg_2856          |  16|    0|   16|          0|
    |sum_1_15_reg_2886          |  16|    0|   16|          0|
    |sum_1_16_reg_2916          |  16|    0|   16|          0|
    |sum_1_17_reg_2946          |  16|    0|   16|          0|
    |sum_1_18_reg_2976          |  16|    0|   16|          0|
    |sum_1_19_reg_3006          |  16|    0|   16|          0|
    |sum_1_1_reg_2436           |  16|    0|   16|          0|
    |sum_1_20_reg_3036          |  16|    0|   16|          0|
    |sum_1_21_reg_3066          |  16|    0|   16|          0|
    |sum_1_22_reg_3096          |  16|    0|   16|          0|
    |sum_1_23_reg_3126          |  16|    0|   16|          0|
    |sum_1_24_reg_3156          |  16|    0|   16|          0|
    |sum_1_25_reg_3186          |  16|    0|   16|          0|
    |sum_1_26_reg_3216          |  16|    0|   16|          0|
    |sum_1_27_reg_3246          |  16|    0|   16|          0|
    |sum_1_28_reg_3276          |  16|    0|   16|          0|
    |sum_1_29_reg_3306          |  16|    0|   16|          0|
    |sum_1_2_reg_2466           |  16|    0|   16|          0|
    |sum_1_30_reg_3336          |  16|    0|   16|          0|
    |sum_1_31_reg_3366          |  16|    0|   16|          0|
    |sum_1_32_reg_3396          |  16|    0|   16|          0|
    |sum_1_33_reg_3426          |  16|    0|   16|          0|
    |sum_1_34_reg_3456          |  16|    0|   16|          0|
    |sum_1_35_reg_3486          |  16|    0|   16|          0|
    |sum_1_36_reg_3516          |  16|    0|   16|          0|
    |sum_1_37_reg_3546          |  16|    0|   16|          0|
    |sum_1_38_reg_3576          |  16|    0|   16|          0|
    |sum_1_39_reg_3606          |  16|    0|   16|          0|
    |sum_1_3_reg_2496           |  16|    0|   16|          0|
    |sum_1_40_reg_3636          |  16|    0|   16|          0|
    |sum_1_41_reg_3666          |  16|    0|   16|          0|
    |sum_1_42_reg_3696          |  16|    0|   16|          0|
    |sum_1_43_reg_3726          |  16|    0|   16|          0|
    |sum_1_44_reg_3756          |  16|    0|   16|          0|
    |sum_1_45_reg_3786          |  16|    0|   16|          0|
    |sum_1_46_reg_3816          |  16|    0|   16|          0|
    |sum_1_47_reg_3846          |  16|    0|   16|          0|
    |sum_1_48_reg_3876          |  16|    0|   16|          0|
    |sum_1_49_reg_3906          |  16|    0|   16|          0|
    |sum_1_4_reg_2526           |  16|    0|   16|          0|
    |sum_1_50_reg_3936          |  16|    0|   16|          0|
    |sum_1_51_reg_3966          |  16|    0|   16|          0|
    |sum_1_52_reg_3976          |  16|    0|   16|          0|
    |sum_1_5_reg_2556           |  16|    0|   16|          0|
    |sum_1_6_reg_2586           |  16|    0|   16|          0|
    |sum_1_7_reg_2616           |  16|    0|   16|          0|
    |sum_1_8_reg_2646           |  16|    0|   16|          0|
    |sum_1_9_reg_2676           |  16|    0|   16|          0|
    |sum_1_reg_2406             |  16|    0|   16|          0|
    |sum_1_s_reg_2706           |  16|    0|   16|          0|
    |tmp_2_reg_2299             |   6|    0|   64|         58|
    |tmp_5_10_reg_2711          |  16|    0|   16|          0|
    |tmp_5_11_reg_2741          |  16|    0|   16|          0|
    |tmp_5_12_reg_2771          |  16|    0|   16|          0|
    |tmp_5_13_reg_2801          |  16|    0|   16|          0|
    |tmp_5_14_reg_2831          |  16|    0|   16|          0|
    |tmp_5_15_reg_2861          |  16|    0|   16|          0|
    |tmp_5_16_reg_2891          |  16|    0|   16|          0|
    |tmp_5_17_reg_2921          |  16|    0|   16|          0|
    |tmp_5_18_reg_2951          |  16|    0|   16|          0|
    |tmp_5_19_reg_2981          |  16|    0|   16|          0|
    |tmp_5_1_reg_2411           |  16|    0|   16|          0|
    |tmp_5_20_reg_3011          |  16|    0|   16|          0|
    |tmp_5_21_reg_3041          |  16|    0|   16|          0|
    |tmp_5_22_reg_3071          |  16|    0|   16|          0|
    |tmp_5_23_reg_3101          |  16|    0|   16|          0|
    |tmp_5_24_reg_3131          |  16|    0|   16|          0|
    |tmp_5_25_reg_3161          |  16|    0|   16|          0|
    |tmp_5_26_reg_3191          |  16|    0|   16|          0|
    |tmp_5_27_reg_3221          |  16|    0|   16|          0|
    |tmp_5_28_reg_3251          |  16|    0|   16|          0|
    |tmp_5_29_reg_3281          |  16|    0|   16|          0|
    |tmp_5_2_reg_2441           |  16|    0|   16|          0|
    |tmp_5_30_reg_3311          |  16|    0|   16|          0|
    |tmp_5_31_reg_3341          |  16|    0|   16|          0|
    |tmp_5_32_reg_3371          |  16|    0|   16|          0|
    |tmp_5_33_reg_3401          |  16|    0|   16|          0|
    |tmp_5_34_reg_3431          |  16|    0|   16|          0|
    |tmp_5_35_reg_3461          |  16|    0|   16|          0|
    |tmp_5_36_reg_3491          |  16|    0|   16|          0|
    |tmp_5_37_reg_3521          |  16|    0|   16|          0|
    |tmp_5_38_reg_3551          |  16|    0|   16|          0|
    |tmp_5_39_reg_3581          |  16|    0|   16|          0|
    |tmp_5_3_reg_2471           |  16|    0|   16|          0|
    |tmp_5_40_reg_3611          |  16|    0|   16|          0|
    |tmp_5_41_reg_3641          |  16|    0|   16|          0|
    |tmp_5_42_reg_3671          |  16|    0|   16|          0|
    |tmp_5_43_reg_3701          |  16|    0|   16|          0|
    |tmp_5_44_reg_3731          |  16|    0|   16|          0|
    |tmp_5_45_reg_3761          |  16|    0|   16|          0|
    |tmp_5_46_reg_3791          |  16|    0|   16|          0|
    |tmp_5_47_reg_3821          |  16|    0|   16|          0|
    |tmp_5_48_reg_3851          |  16|    0|   16|          0|
    |tmp_5_49_reg_3881          |  16|    0|   16|          0|
    |tmp_5_4_reg_2501           |  16|    0|   16|          0|
    |tmp_5_50_reg_3911          |  16|    0|   16|          0|
    |tmp_5_51_reg_3941          |  16|    0|   16|          0|
    |tmp_5_52_reg_3971          |  16|    0|   16|          0|
    |tmp_5_5_reg_2531           |  16|    0|   16|          0|
    |tmp_5_6_reg_2561           |  16|    0|   16|          0|
    |tmp_5_7_reg_2591           |  16|    0|   16|          0|
    |tmp_5_8_reg_2621           |  16|    0|   16|          0|
    |tmp_5_9_reg_2651           |  16|    0|   16|          0|
    |tmp_5_reg_2381             |  16|    0|   16|          0|
    |tmp_5_s_reg_2681           |  16|    0|   16|          0|
    |tmp_mid2_reg_2242          |   6|    0|   64|         58|
    |tmp_mid2_v_reg_2236        |   6|    0|    6|          0|
    |exitcond_flatten_reg_2222  |  64|  128|    1|          0|
    |ib_mid2_reg_2231           |  64|  128|    6|          0|
    |tmp_2_reg_2299             |  64|  128|   64|         58|
    |tmp_mid2_reg_2242          |  64|  128|   64|         58|
    |tmp_mid2_v_reg_2236        |  64|  128|    6|          0|
    +---------------------------+----+-----+-----+-----------+
    |Total                      |4105|  640| 4042|        232|
    +---------------------------+----+-----+-----+-----------+



================================================================
== Interface
================================================================
* Summary: 
+----------------+-----+-----+------------+--------------+--------------+
|    RTL Ports   | Dir | Bits|  Protocol  | Source Object|    C Type    |
+----------------+-----+-----+------------+--------------+--------------+
|ap_clk          |  in |    1| ap_ctrl_hs |   mmult_hw   | return value |
|ap_rst          |  in |    1| ap_ctrl_hs |   mmult_hw   | return value |
|ap_start        |  in |    1| ap_ctrl_hs |   mmult_hw   | return value |
|ap_done         | out |    1| ap_ctrl_hs |   mmult_hw   | return value |
|ap_idle         | out |    1| ap_ctrl_hs |   mmult_hw   | return value |
|ap_ready        | out |    1| ap_ctrl_hs |   mmult_hw   | return value |
|a_0_address0    | out |    6|  ap_memory |      a_0     |     array    |
|a_0_ce0         | out |    1|  ap_memory |      a_0     |     array    |
|a_0_q0          |  in |   16|  ap_memory |      a_0     |     array    |
|a_1_address0    | out |    6|  ap_memory |      a_1     |     array    |
|a_1_ce0         | out |    1|  ap_memory |      a_1     |     array    |
|a_1_q0          |  in |   16|  ap_memory |      a_1     |     array    |
|a_2_address0    | out |    6|  ap_memory |      a_2     |     array    |
|a_2_ce0         | out |    1|  ap_memory |      a_2     |     array    |
|a_2_q0          |  in |   16|  ap_memory |      a_2     |     array    |
|a_3_address0    | out |    6|  ap_memory |      a_3     |     array    |
|a_3_ce0         | out |    1|  ap_memory |      a_3     |     array    |
|a_3_q0          |  in |   16|  ap_memory |      a_3     |     array    |
|a_4_address0    | out |    6|  ap_memory |      a_4     |     array    |
|a_4_ce0         | out |    1|  ap_memory |      a_4     |     array    |
|a_4_q0          |  in |   16|  ap_memory |      a_4     |     array    |
|a_5_address0    | out |    6|  ap_memory |      a_5     |     array    |
|a_5_ce0         | out |    1|  ap_memory |      a_5     |     array    |
|a_5_q0          |  in |   16|  ap_memory |      a_5     |     array    |
|a_6_address0    | out |    6|  ap_memory |      a_6     |     array    |
|a_6_ce0         | out |    1|  ap_memory |      a_6     |     array    |
|a_6_q0          |  in |   16|  ap_memory |      a_6     |     array    |
|a_7_address0    | out |    6|  ap_memory |      a_7     |     array    |
|a_7_ce0         | out |    1|  ap_memory |      a_7     |     array    |
|a_7_q0          |  in |   16|  ap_memory |      a_7     |     array    |
|a_8_address0    | out |    6|  ap_memory |      a_8     |     array    |
|a_8_ce0         | out |    1|  ap_memory |      a_8     |     array    |
|a_8_q0          |  in |   16|  ap_memory |      a_8     |     array    |
|a_9_address0    | out |    6|  ap_memory |      a_9     |     array    |
|a_9_ce0         | out |    1|  ap_memory |      a_9     |     array    |
|a_9_q0          |  in |   16|  ap_memory |      a_9     |     array    |
|a_10_address0   | out |    6|  ap_memory |     a_10     |     array    |
|a_10_ce0        | out |    1|  ap_memory |     a_10     |     array    |
|a_10_q0         |  in |   16|  ap_memory |     a_10     |     array    |
|a_11_address0   | out |    6|  ap_memory |     a_11     |     array    |
|a_11_ce0        | out |    1|  ap_memory |     a_11     |     array    |
|a_11_q0         |  in |   16|  ap_memory |     a_11     |     array    |
|a_12_address0   | out |    6|  ap_memory |     a_12     |     array    |
|a_12_ce0        | out |    1|  ap_memory |     a_12     |     array    |
|a_12_q0         |  in |   16|  ap_memory |     a_12     |     array    |
|a_13_address0   | out |    6|  ap_memory |     a_13     |     array    |
|a_13_ce0        | out |    1|  ap_memory |     a_13     |     array    |
|a_13_q0         |  in |   16|  ap_memory |     a_13     |     array    |
|a_14_address0   | out |    6|  ap_memory |     a_14     |     array    |
|a_14_ce0        | out |    1|  ap_memory |     a_14     |     array    |
|a_14_q0         |  in |   16|  ap_memory |     a_14     |     array    |
|a_15_address0   | out |    6|  ap_memory |     a_15     |     array    |
|a_15_ce0        | out |    1|  ap_memory |     a_15     |     array    |
|a_15_q0         |  in |   16|  ap_memory |     a_15     |     array    |
|a_16_address0   | out |    6|  ap_memory |     a_16     |     array    |
|a_16_ce0        | out |    1|  ap_memory |     a_16     |     array    |
|a_16_q0         |  in |   16|  ap_memory |     a_16     |     array    |
|a_17_address0   | out |    6|  ap_memory |     a_17     |     array    |
|a_17_ce0        | out |    1|  ap_memory |     a_17     |     array    |
|a_17_q0         |  in |   16|  ap_memory |     a_17     |     array    |
|a_18_address0   | out |    6|  ap_memory |     a_18     |     array    |
|a_18_ce0        | out |    1|  ap_memory |     a_18     |     array    |
|a_18_q0         |  in |   16|  ap_memory |     a_18     |     array    |
|a_19_address0   | out |    6|  ap_memory |     a_19     |     array    |
|a_19_ce0        | out |    1|  ap_memory |     a_19     |     array    |
|a_19_q0         |  in |   16|  ap_memory |     a_19     |     array    |
|a_20_address0   | out |    6|  ap_memory |     a_20     |     array    |
|a_20_ce0        | out |    1|  ap_memory |     a_20     |     array    |
|a_20_q0         |  in |   16|  ap_memory |     a_20     |     array    |
|a_21_address0   | out |    6|  ap_memory |     a_21     |     array    |
|a_21_ce0        | out |    1|  ap_memory |     a_21     |     array    |
|a_21_q0         |  in |   16|  ap_memory |     a_21     |     array    |
|a_22_address0   | out |    6|  ap_memory |     a_22     |     array    |
|a_22_ce0        | out |    1|  ap_memory |     a_22     |     array    |
|a_22_q0         |  in |   16|  ap_memory |     a_22     |     array    |
|a_23_address0   | out |    6|  ap_memory |     a_23     |     array    |
|a_23_ce0        | out |    1|  ap_memory |     a_23     |     array    |
|a_23_q0         |  in |   16|  ap_memory |     a_23     |     array    |
|a_24_address0   | out |    6|  ap_memory |     a_24     |     array    |
|a_24_ce0        | out |    1|  ap_memory |     a_24     |     array    |
|a_24_q0         |  in |   16|  ap_memory |     a_24     |     array    |
|a_25_address0   | out |    6|  ap_memory |     a_25     |     array    |
|a_25_ce0        | out |    1|  ap_memory |     a_25     |     array    |
|a_25_q0         |  in |   16|  ap_memory |     a_25     |     array    |
|a_26_address0   | out |    6|  ap_memory |     a_26     |     array    |
|a_26_ce0        | out |    1|  ap_memory |     a_26     |     array    |
|a_26_q0         |  in |   16|  ap_memory |     a_26     |     array    |
|a_27_address0   | out |    6|  ap_memory |     a_27     |     array    |
|a_27_ce0        | out |    1|  ap_memory |     a_27     |     array    |
|a_27_q0         |  in |   16|  ap_memory |     a_27     |     array    |
|a_28_address0   | out |    6|  ap_memory |     a_28     |     array    |
|a_28_ce0        | out |    1|  ap_memory |     a_28     |     array    |
|a_28_q0         |  in |   16|  ap_memory |     a_28     |     array    |
|a_29_address0   | out |    6|  ap_memory |     a_29     |     array    |
|a_29_ce0        | out |    1|  ap_memory |     a_29     |     array    |
|a_29_q0         |  in |   16|  ap_memory |     a_29     |     array    |
|a_30_address0   | out |    6|  ap_memory |     a_30     |     array    |
|a_30_ce0        | out |    1|  ap_memory |     a_30     |     array    |
|a_30_q0         |  in |   16|  ap_memory |     a_30     |     array    |
|a_31_address0   | out |    6|  ap_memory |     a_31     |     array    |
|a_31_ce0        | out |    1|  ap_memory |     a_31     |     array    |
|a_31_q0         |  in |   16|  ap_memory |     a_31     |     array    |
|a_32_address0   | out |    6|  ap_memory |     a_32     |     array    |
|a_32_ce0        | out |    1|  ap_memory |     a_32     |     array    |
|a_32_q0         |  in |   16|  ap_memory |     a_32     |     array    |
|a_33_address0   | out |    6|  ap_memory |     a_33     |     array    |
|a_33_ce0        | out |    1|  ap_memory |     a_33     |     array    |
|a_33_q0         |  in |   16|  ap_memory |     a_33     |     array    |
|a_34_address0   | out |    6|  ap_memory |     a_34     |     array    |
|a_34_ce0        | out |    1|  ap_memory |     a_34     |     array    |
|a_34_q0         |  in |   16|  ap_memory |     a_34     |     array    |
|a_35_address0   | out |    6|  ap_memory |     a_35     |     array    |
|a_35_ce0        | out |    1|  ap_memory |     a_35     |     array    |
|a_35_q0         |  in |   16|  ap_memory |     a_35     |     array    |
|a_36_address0   | out |    6|  ap_memory |     a_36     |     array    |
|a_36_ce0        | out |    1|  ap_memory |     a_36     |     array    |
|a_36_q0         |  in |   16|  ap_memory |     a_36     |     array    |
|a_37_address0   | out |    6|  ap_memory |     a_37     |     array    |
|a_37_ce0        | out |    1|  ap_memory |     a_37     |     array    |
|a_37_q0         |  in |   16|  ap_memory |     a_37     |     array    |
|a_38_address0   | out |    6|  ap_memory |     a_38     |     array    |
|a_38_ce0        | out |    1|  ap_memory |     a_38     |     array    |
|a_38_q0         |  in |   16|  ap_memory |     a_38     |     array    |
|a_39_address0   | out |    6|  ap_memory |     a_39     |     array    |
|a_39_ce0        | out |    1|  ap_memory |     a_39     |     array    |
|a_39_q0         |  in |   16|  ap_memory |     a_39     |     array    |
|a_40_address0   | out |    6|  ap_memory |     a_40     |     array    |
|a_40_ce0        | out |    1|  ap_memory |     a_40     |     array    |
|a_40_q0         |  in |   16|  ap_memory |     a_40     |     array    |
|a_41_address0   | out |    6|  ap_memory |     a_41     |     array    |
|a_41_ce0        | out |    1|  ap_memory |     a_41     |     array    |
|a_41_q0         |  in |   16|  ap_memory |     a_41     |     array    |
|a_42_address0   | out |    6|  ap_memory |     a_42     |     array    |
|a_42_ce0        | out |    1|  ap_memory |     a_42     |     array    |
|a_42_q0         |  in |   16|  ap_memory |     a_42     |     array    |
|a_43_address0   | out |    6|  ap_memory |     a_43     |     array    |
|a_43_ce0        | out |    1|  ap_memory |     a_43     |     array    |
|a_43_q0         |  in |   16|  ap_memory |     a_43     |     array    |
|a_44_address0   | out |    6|  ap_memory |     a_44     |     array    |
|a_44_ce0        | out |    1|  ap_memory |     a_44     |     array    |
|a_44_q0         |  in |   16|  ap_memory |     a_44     |     array    |
|a_45_address0   | out |    6|  ap_memory |     a_45     |     array    |
|a_45_ce0        | out |    1|  ap_memory |     a_45     |     array    |
|a_45_q0         |  in |   16|  ap_memory |     a_45     |     array    |
|a_46_address0   | out |    6|  ap_memory |     a_46     |     array    |
|a_46_ce0        | out |    1|  ap_memory |     a_46     |     array    |
|a_46_q0         |  in |   16|  ap_memory |     a_46     |     array    |
|a_47_address0   | out |    6|  ap_memory |     a_47     |     array    |
|a_47_ce0        | out |    1|  ap_memory |     a_47     |     array    |
|a_47_q0         |  in |   16|  ap_memory |     a_47     |     array    |
|a_48_address0   | out |    6|  ap_memory |     a_48     |     array    |
|a_48_ce0        | out |    1|  ap_memory |     a_48     |     array    |
|a_48_q0         |  in |   16|  ap_memory |     a_48     |     array    |
|a_49_address0   | out |    6|  ap_memory |     a_49     |     array    |
|a_49_ce0        | out |    1|  ap_memory |     a_49     |     array    |
|a_49_q0         |  in |   16|  ap_memory |     a_49     |     array    |
|a_50_address0   | out |    6|  ap_memory |     a_50     |     array    |
|a_50_ce0        | out |    1|  ap_memory |     a_50     |     array    |
|a_50_q0         |  in |   16|  ap_memory |     a_50     |     array    |
|a_51_address0   | out |    6|  ap_memory |     a_51     |     array    |
|a_51_ce0        | out |    1|  ap_memory |     a_51     |     array    |
|a_51_q0         |  in |   16|  ap_memory |     a_51     |     array    |
|a_52_address0   | out |    6|  ap_memory |     a_52     |     array    |
|a_52_ce0        | out |    1|  ap_memory |     a_52     |     array    |
|a_52_q0         |  in |   16|  ap_memory |     a_52     |     array    |
|a_53_address0   | out |    6|  ap_memory |     a_53     |     array    |
|a_53_ce0        | out |    1|  ap_memory |     a_53     |     array    |
|a_53_q0         |  in |   16|  ap_memory |     a_53     |     array    |
|b_0_address0    | out |    6|  ap_memory |      b_0     |     array    |
|b_0_ce0         | out |    1|  ap_memory |      b_0     |     array    |
|b_0_q0          |  in |   16|  ap_memory |      b_0     |     array    |
|b_1_address0    | out |    6|  ap_memory |      b_1     |     array    |
|b_1_ce0         | out |    1|  ap_memory |      b_1     |     array    |
|b_1_q0          |  in |   16|  ap_memory |      b_1     |     array    |
|b_2_address0    | out |    6|  ap_memory |      b_2     |     array    |
|b_2_ce0         | out |    1|  ap_memory |      b_2     |     array    |
|b_2_q0          |  in |   16|  ap_memory |      b_2     |     array    |
|b_3_address0    | out |    6|  ap_memory |      b_3     |     array    |
|b_3_ce0         | out |    1|  ap_memory |      b_3     |     array    |
|b_3_q0          |  in |   16|  ap_memory |      b_3     |     array    |
|b_4_address0    | out |    6|  ap_memory |      b_4     |     array    |
|b_4_ce0         | out |    1|  ap_memory |      b_4     |     array    |
|b_4_q0          |  in |   16|  ap_memory |      b_4     |     array    |
|b_5_address0    | out |    6|  ap_memory |      b_5     |     array    |
|b_5_ce0         | out |    1|  ap_memory |      b_5     |     array    |
|b_5_q0          |  in |   16|  ap_memory |      b_5     |     array    |
|b_6_address0    | out |    6|  ap_memory |      b_6     |     array    |
|b_6_ce0         | out |    1|  ap_memory |      b_6     |     array    |
|b_6_q0          |  in |   16|  ap_memory |      b_6     |     array    |
|b_7_address0    | out |    6|  ap_memory |      b_7     |     array    |
|b_7_ce0         | out |    1|  ap_memory |      b_7     |     array    |
|b_7_q0          |  in |   16|  ap_memory |      b_7     |     array    |
|b_8_address0    | out |    6|  ap_memory |      b_8     |     array    |
|b_8_ce0         | out |    1|  ap_memory |      b_8     |     array    |
|b_8_q0          |  in |   16|  ap_memory |      b_8     |     array    |
|b_9_address0    | out |    6|  ap_memory |      b_9     |     array    |
|b_9_ce0         | out |    1|  ap_memory |      b_9     |     array    |
|b_9_q0          |  in |   16|  ap_memory |      b_9     |     array    |
|b_10_address0   | out |    6|  ap_memory |     b_10     |     array    |
|b_10_ce0        | out |    1|  ap_memory |     b_10     |     array    |
|b_10_q0         |  in |   16|  ap_memory |     b_10     |     array    |
|b_11_address0   | out |    6|  ap_memory |     b_11     |     array    |
|b_11_ce0        | out |    1|  ap_memory |     b_11     |     array    |
|b_11_q0         |  in |   16|  ap_memory |     b_11     |     array    |
|b_12_address0   | out |    6|  ap_memory |     b_12     |     array    |
|b_12_ce0        | out |    1|  ap_memory |     b_12     |     array    |
|b_12_q0         |  in |   16|  ap_memory |     b_12     |     array    |
|b_13_address0   | out |    6|  ap_memory |     b_13     |     array    |
|b_13_ce0        | out |    1|  ap_memory |     b_13     |     array    |
|b_13_q0         |  in |   16|  ap_memory |     b_13     |     array    |
|b_14_address0   | out |    6|  ap_memory |     b_14     |     array    |
|b_14_ce0        | out |    1|  ap_memory |     b_14     |     array    |
|b_14_q0         |  in |   16|  ap_memory |     b_14     |     array    |
|b_15_address0   | out |    6|  ap_memory |     b_15     |     array    |
|b_15_ce0        | out |    1|  ap_memory |     b_15     |     array    |
|b_15_q0         |  in |   16|  ap_memory |     b_15     |     array    |
|b_16_address0   | out |    6|  ap_memory |     b_16     |     array    |
|b_16_ce0        | out |    1|  ap_memory |     b_16     |     array    |
|b_16_q0         |  in |   16|  ap_memory |     b_16     |     array    |
|b_17_address0   | out |    6|  ap_memory |     b_17     |     array    |
|b_17_ce0        | out |    1|  ap_memory |     b_17     |     array    |
|b_17_q0         |  in |   16|  ap_memory |     b_17     |     array    |
|b_18_address0   | out |    6|  ap_memory |     b_18     |     array    |
|b_18_ce0        | out |    1|  ap_memory |     b_18     |     array    |
|b_18_q0         |  in |   16|  ap_memory |     b_18     |     array    |
|b_19_address0   | out |    6|  ap_memory |     b_19     |     array    |
|b_19_ce0        | out |    1|  ap_memory |     b_19     |     array    |
|b_19_q0         |  in |   16|  ap_memory |     b_19     |     array    |
|b_20_address0   | out |    6|  ap_memory |     b_20     |     array    |
|b_20_ce0        | out |    1|  ap_memory |     b_20     |     array    |
|b_20_q0         |  in |   16|  ap_memory |     b_20     |     array    |
|b_21_address0   | out |    6|  ap_memory |     b_21     |     array    |
|b_21_ce0        | out |    1|  ap_memory |     b_21     |     array    |
|b_21_q0         |  in |   16|  ap_memory |     b_21     |     array    |
|b_22_address0   | out |    6|  ap_memory |     b_22     |     array    |
|b_22_ce0        | out |    1|  ap_memory |     b_22     |     array    |
|b_22_q0         |  in |   16|  ap_memory |     b_22     |     array    |
|b_23_address0   | out |    6|  ap_memory |     b_23     |     array    |
|b_23_ce0        | out |    1|  ap_memory |     b_23     |     array    |
|b_23_q0         |  in |   16|  ap_memory |     b_23     |     array    |
|b_24_address0   | out |    6|  ap_memory |     b_24     |     array    |
|b_24_ce0        | out |    1|  ap_memory |     b_24     |     array    |
|b_24_q0         |  in |   16|  ap_memory |     b_24     |     array    |
|b_25_address0   | out |    6|  ap_memory |     b_25     |     array    |
|b_25_ce0        | out |    1|  ap_memory |     b_25     |     array    |
|b_25_q0         |  in |   16|  ap_memory |     b_25     |     array    |
|b_26_address0   | out |    6|  ap_memory |     b_26     |     array    |
|b_26_ce0        | out |    1|  ap_memory |     b_26     |     array    |
|b_26_q0         |  in |   16|  ap_memory |     b_26     |     array    |
|b_27_address0   | out |    6|  ap_memory |     b_27     |     array    |
|b_27_ce0        | out |    1|  ap_memory |     b_27     |     array    |
|b_27_q0         |  in |   16|  ap_memory |     b_27     |     array    |
|b_28_address0   | out |    6|  ap_memory |     b_28     |     array    |
|b_28_ce0        | out |    1|  ap_memory |     b_28     |     array    |
|b_28_q0         |  in |   16|  ap_memory |     b_28     |     array    |
|b_29_address0   | out |    6|  ap_memory |     b_29     |     array    |
|b_29_ce0        | out |    1|  ap_memory |     b_29     |     array    |
|b_29_q0         |  in |   16|  ap_memory |     b_29     |     array    |
|b_30_address0   | out |    6|  ap_memory |     b_30     |     array    |
|b_30_ce0        | out |    1|  ap_memory |     b_30     |     array    |
|b_30_q0         |  in |   16|  ap_memory |     b_30     |     array    |
|b_31_address0   | out |    6|  ap_memory |     b_31     |     array    |
|b_31_ce0        | out |    1|  ap_memory |     b_31     |     array    |
|b_31_q0         |  in |   16|  ap_memory |     b_31     |     array    |
|b_32_address0   | out |    6|  ap_memory |     b_32     |     array    |
|b_32_ce0        | out |    1|  ap_memory |     b_32     |     array    |
|b_32_q0         |  in |   16|  ap_memory |     b_32     |     array    |
|b_33_address0   | out |    6|  ap_memory |     b_33     |     array    |
|b_33_ce0        | out |    1|  ap_memory |     b_33     |     array    |
|b_33_q0         |  in |   16|  ap_memory |     b_33     |     array    |
|b_34_address0   | out |    6|  ap_memory |     b_34     |     array    |
|b_34_ce0        | out |    1|  ap_memory |     b_34     |     array    |
|b_34_q0         |  in |   16|  ap_memory |     b_34     |     array    |
|b_35_address0   | out |    6|  ap_memory |     b_35     |     array    |
|b_35_ce0        | out |    1|  ap_memory |     b_35     |     array    |
|b_35_q0         |  in |   16|  ap_memory |     b_35     |     array    |
|b_36_address0   | out |    6|  ap_memory |     b_36     |     array    |
|b_36_ce0        | out |    1|  ap_memory |     b_36     |     array    |
|b_36_q0         |  in |   16|  ap_memory |     b_36     |     array    |
|b_37_address0   | out |    6|  ap_memory |     b_37     |     array    |
|b_37_ce0        | out |    1|  ap_memory |     b_37     |     array    |
|b_37_q0         |  in |   16|  ap_memory |     b_37     |     array    |
|b_38_address0   | out |    6|  ap_memory |     b_38     |     array    |
|b_38_ce0        | out |    1|  ap_memory |     b_38     |     array    |
|b_38_q0         |  in |   16|  ap_memory |     b_38     |     array    |
|b_39_address0   | out |    6|  ap_memory |     b_39     |     array    |
|b_39_ce0        | out |    1|  ap_memory |     b_39     |     array    |
|b_39_q0         |  in |   16|  ap_memory |     b_39     |     array    |
|b_40_address0   | out |    6|  ap_memory |     b_40     |     array    |
|b_40_ce0        | out |    1|  ap_memory |     b_40     |     array    |
|b_40_q0         |  in |   16|  ap_memory |     b_40     |     array    |
|b_41_address0   | out |    6|  ap_memory |     b_41     |     array    |
|b_41_ce0        | out |    1|  ap_memory |     b_41     |     array    |
|b_41_q0         |  in |   16|  ap_memory |     b_41     |     array    |
|b_42_address0   | out |    6|  ap_memory |     b_42     |     array    |
|b_42_ce0        | out |    1|  ap_memory |     b_42     |     array    |
|b_42_q0         |  in |   16|  ap_memory |     b_42     |     array    |
|b_43_address0   | out |    6|  ap_memory |     b_43     |     array    |
|b_43_ce0        | out |    1|  ap_memory |     b_43     |     array    |
|b_43_q0         |  in |   16|  ap_memory |     b_43     |     array    |
|b_44_address0   | out |    6|  ap_memory |     b_44     |     array    |
|b_44_ce0        | out |    1|  ap_memory |     b_44     |     array    |
|b_44_q0         |  in |   16|  ap_memory |     b_44     |     array    |
|b_45_address0   | out |    6|  ap_memory |     b_45     |     array    |
|b_45_ce0        | out |    1|  ap_memory |     b_45     |     array    |
|b_45_q0         |  in |   16|  ap_memory |     b_45     |     array    |
|b_46_address0   | out |    6|  ap_memory |     b_46     |     array    |
|b_46_ce0        | out |    1|  ap_memory |     b_46     |     array    |
|b_46_q0         |  in |   16|  ap_memory |     b_46     |     array    |
|b_47_address0   | out |    6|  ap_memory |     b_47     |     array    |
|b_47_ce0        | out |    1|  ap_memory |     b_47     |     array    |
|b_47_q0         |  in |   16|  ap_memory |     b_47     |     array    |
|b_48_address0   | out |    6|  ap_memory |     b_48     |     array    |
|b_48_ce0        | out |    1|  ap_memory |     b_48     |     array    |
|b_48_q0         |  in |   16|  ap_memory |     b_48     |     array    |
|b_49_address0   | out |    6|  ap_memory |     b_49     |     array    |
|b_49_ce0        | out |    1|  ap_memory |     b_49     |     array    |
|b_49_q0         |  in |   16|  ap_memory |     b_49     |     array    |
|b_50_address0   | out |    6|  ap_memory |     b_50     |     array    |
|b_50_ce0        | out |    1|  ap_memory |     b_50     |     array    |
|b_50_q0         |  in |   16|  ap_memory |     b_50     |     array    |
|b_51_address0   | out |    6|  ap_memory |     b_51     |     array    |
|b_51_ce0        | out |    1|  ap_memory |     b_51     |     array    |
|b_51_q0         |  in |   16|  ap_memory |     b_51     |     array    |
|b_52_address0   | out |    6|  ap_memory |     b_52     |     array    |
|b_52_ce0        | out |    1|  ap_memory |     b_52     |     array    |
|b_52_q0         |  in |   16|  ap_memory |     b_52     |     array    |
|b_53_address0   | out |    6|  ap_memory |     b_53     |     array    |
|b_53_ce0        | out |    1|  ap_memory |     b_53     |     array    |
|b_53_q0         |  in |   16|  ap_memory |     b_53     |     array    |
|out_r_address0  | out |   12|  ap_memory |     out_r    |     array    |
|out_r_ce0       | out |    1|  ap_memory |     out_r    |     array    |
|out_r_we0       | out |    1|  ap_memory |     out_r    |     array    |
|out_r_d0        | out |   16|  ap_memory |     out_r    |     array    |
+----------------+-----+-----+------------+--------------+--------------+

