22:32:30 **** Incremental Build of configuration Debug for project test_core0 ****
make pre-build main-build 
a9-linaro-pre-build-step
' '
'Building file: ../src/main_core0.c'
'Invoking: ARM v7 gcc compiler'
arm-none-eabi-gcc -Wall -O0 -g3 -c -fmessage-length=0 -MT"src/main_core0.o" -mcpu=cortex-a9 -mfpu=vfpv3 -mfp16-format=ieee -mfloat-abi=hard -I../../test_core0_bsp/ps7_cortexa9_0/include -MMD -MP -MF"src/main_core0.d" -MT"src/main_core0.o" -o "src/main_core0.o" "../src/main_core0.c"
../src/main_core0.c: In function 'main':
../src/main_core0.c:97:6: warning: variable 'num_of_trials' set but not used [-Wunused-but-set-variable]
  int num_of_trials = 1;
      ^~~~~~~~~~~~~
../src/main_core0.c:94:12: warning: unused variable 'k' [-Wunused-variable]
  int i, j, k;
            ^
'Finished building: ../src/main_core0.c'
' '
'Building target: test_core0.elf'
'Invoking: ARM v7 gcc linker'
arm-none-eabi-gcc -mcpu=cortex-a9 -mfpu=vfpv3 -mfloat-abi=hard -Wl,-build-id=none -specs=Xilinx.spec -Wl,-T -Wl,../src/lscript.ld -L../../test_core0_bsp/ps7_cortexa9_0/lib -o "test_core0.elf"  ./src/lib_xmmult_hw.o ./src/main_core0.o ./src/platform.o   -Wl,--start-group,-lxil,-lgcc,-lc,--end-group
'Finished building target: test_core0.elf'
' '
'Invoking: ARM v7 Print Size'
arm-none-eabi-size test_core0.elf  |tee "test_core0.elf.size"
   text	   data	    bss	    dec	    hex	filename
  49416	   3136	 139272	 191824	  2ed50	test_core0.elf
'Finished building: test_core0.elf.size'
' '

22:32:31 Build Finished (took 741ms)

