Copyright 1986-2018 Xilinx, Inc. All Rights Reserved.
-----------------------------------------------------------------------------------------
| Tool Version : Vivado v.2018.3 (win64) Build 2405991 Thu Dec  6 23:38:27 MST 2018
| Date         : Sun Dec  1 18:21:38 2024
| Host         : LAPTOP-G11L2QA5 running 64-bit major release  (build 9200)
| Command      : report_control_sets -verbose -file bd_0_wrapper_control_sets_placed.rpt
| Design       : bd_0_wrapper
| Device       : xc7z020
-----------------------------------------------------------------------------------------

Control Set Information

Table of Contents
-----------------
1. Summary
2. Histogram
3. Flip-Flop Distribution
4. Detailed Control Set Information

1. Summary
----------

+----------------------------------------------------------+-------+
|                          Status                          | Count |
+----------------------------------------------------------+-------+
| Number of unique control sets                            |   266 |
| Unused register locations in slices containing registers |   109 |
+----------------------------------------------------------+-------+


2. Histogram
------------

+--------+--------------+
| Fanout | Control Sets |
+--------+--------------+
|      4 |            3 |
|      5 |            1 |
|      6 |           11 |
|      7 |            1 |
|      8 |            1 |
|      9 |            4 |
|     12 |            1 |
|    16+ |          244 |
+--------+--------------+


3. Flip-Flop Distribution
-------------------------

+--------------+-----------------------+------------------------+-----------------+--------------+
| Clock Enable | Synchronous Set/Reset | Asynchronous Set/Reset | Total Registers | Total Slices |
+--------------+-----------------------+------------------------+-----------------+--------------+
| No           | No                    | No                     |             306 |          139 |
| No           | No                    | Yes                    |               0 |            0 |
| No           | Yes                   | No                     |             137 |           58 |
| Yes          | No                    | No                     |            3385 |         1278 |
| Yes          | No                    | Yes                    |               0 |            0 |
| Yes          | Yes                   | No                     |              79 |           25 |
+--------------+-----------------------+------------------------+-----------------+--------------+


4. Detailed Control Set Information
-----------------------------------

+--------------+---------------------------------------------------------------------------------------------------------------+---------------------------------------------------------------------------------------------------------------------------------------------------------------------------------+------------------+----------------+
| Clock Signal |                                                 Enable Signal                                                 |                                                                                 Set/Reset Signal                                                                                | Slice Load Count | Bel Load Count |
+--------------+---------------------------------------------------------------------------------------------------------------+---------------------------------------------------------------------------------------------------------------------------------------------------------------------------------+------------------+----------------+
|  ap_clk      |                                                                                                               | bd_0_i/hls_inst/inst/HLS_accel_hmul_16cud_U3/HLS_accel_ap_hmul_2_no_dsp_16_u/U0/i_synth/MULT.OP/EXP/STATE_DELAY/i_pipe/p_1_in12_out                                             |                1 |              4 |
|  ap_clk      |                                                                                                               | bd_0_i/hls_inst/inst/HLS_accel_hmul_16cud_U4/HLS_accel_ap_hmul_2_no_dsp_16_u/U0/i_synth/MULT.OP/EXP/STATE_DELAY/i_pipe/p_1_in12_out                                             |                1 |              4 |
|  ap_clk      | bd_0_i/hls_inst/inst/HLS_accel_CONTROL_BUS_s_axi_U/waddr                                                      |                                                                                                                                                                                 |                1 |              4 |
|  ap_clk      | bd_0_i/hls_inst/inst/HLS_accel_CONTROL_BUS_s_axi_U/rdata[7]_i_1_n_3                                           |                                                                                                                                                                                 |                2 |              5 |
|  ap_clk      | bd_0_i/hls_inst/inst/p_78_in                                                                                  |                                                                                                                                                                                 |                4 |              6 |
|  ap_clk      | bd_0_i/hls_inst/inst/p_79_in                                                                                  |                                                                                                                                                                                 |                4 |              6 |
|  ap_clk      | bd_0_i/hls_inst/inst/a_U/HLS_accel_a_ram_U/we0                                                                | bd_0_i/hls_inst/inst/HLS_accel_CONTROL_BUS_s_axi_U/SR[0]                                                                                                                        |                2 |              6 |
|  ap_clk      | bd_0_i/hls_inst/inst/p_87_in                                                                                  |                                                                                                                                                                                 |                2 |              6 |
|  ap_clk      | bd_0_i/hls_inst/inst/b_U/HLS_accel_a_ram_U/we0                                                                | bd_0_i/hls_inst/inst/ap_CS_fsm_state4                                                                                                                                           |                2 |              6 |
|  ap_clk      | bd_0_i/hls_inst/inst/OUTPUT_STREAM_data_V_1_sel_wr0273_out                                                    | bd_0_i/hls_inst/inst/ap_CS_fsm_state232                                                                                                                                         |                1 |              6 |
|  ap_clk      | bd_0_i/hls_inst/inst/HLS_accel_mac_muleOg_U6/HLS_accel_mac_muleOg_DSP48_0_U/INPUT_STREAM_data_V_0_sel2        |                                                                                                                                                                                 |                2 |              6 |
|  ap_clk      | bd_0_i/hls_inst/inst/p_85_in                                                                                  |                                                                                                                                                                                 |                3 |              6 |
|  ap_clk      | bd_0_i/hls_inst/inst/HLS_accel_mac_muleOg_U7/HLS_accel_mac_muleOg_DSP48_0_U/INPUT_STREAM_data_V_0_sel2288_out |                                                                                                                                                                                 |                1 |              6 |
|  ap_clk      | bd_0_i/hls_inst/inst/ib_0_i_i_mid2_reg_45130                                                                  |                                                                                                                                                                                 |                4 |              6 |
|  ap_clk      | bd_0_i/hls_inst/inst/tmp_6_reg_4524[5]_i_1_n_3                                                                |                                                                                                                                                                                 |                2 |              6 |
|  ap_clk      | bd_0_i/hls_inst/inst/ap_CS_fsm_pp2_stage26                                                                    | bd_0_i/hls_inst/inst/HLS_accel_CONTROL_BUS_s_axi_U/ap_rst_n_inv                                                                                                                 |                5 |              7 |
|  ap_clk      | bd_0_i/hls_inst/inst/HLS_accel_mac_muleOg_U8/HLS_accel_mac_muleOg_DSP48_0_U/indvar_flatten2_reg_26170         |                                                                                                                                                                                 |                1 |              8 |
|  ap_clk      |                                                                                                               | bd_0_i/hls_inst/inst/HLS_accel_hadd_16bkb_U1/HLS_accel_ap_hadd_2_no_dsp_16_u/U0/i_synth/ADDSUB_OP.ADDSUB/SPEED_OP.LOGIC.OP/EXP/STATE_DELAY/i_pipe/opt_has_pipe.first_q_reg[7]_0 |                3 |              9 |
|  ap_clk      |                                                                                                               | bd_0_i/hls_inst/inst/HLS_accel_hadd_16bkb_U2/HLS_accel_ap_hadd_2_no_dsp_16_u/U0/i_synth/ADDSUB_OP.ADDSUB/SPEED_OP.LOGIC.OP/EXP/STATE_DELAY/i_pipe/opt_has_pipe.first_q_reg[7]_0 |                3 |              9 |
|  ap_clk      |                                                                                                               | bd_0_i/hls_inst/inst/HLS_accel_hmul_16cud_U3/HLS_accel_ap_hmul_2_no_dsp_16_u/U0/i_synth/MULT.OP/EXP/SIG_DELAY/i_pipe/opt_has_pipe.first_q_reg[0]_1                              |                3 |              9 |
|  ap_clk      |                                                                                                               | bd_0_i/hls_inst/inst/HLS_accel_hmul_16cud_U4/HLS_accel_ap_hmul_2_no_dsp_16_u/U0/i_synth/MULT.OP/EXP/SIG_DELAY/i_pipe/opt_has_pipe.first_q_reg[0]_1                              |                3 |              9 |
|  ap_clk      | bd_0_i/hls_inst/inst/b_U/HLS_accel_a_ram_U/b_address01                                                        |                                                                                                                                                                                 |                3 |             12 |
|  ap_clk      | bd_0_i/hls_inst/inst/out_0_U/HLS_accel_out_0_ram_U/ram_reg_0_31_0_0_i_1__7_n_3                                |                                                                                                                                                                                 |               16 |             16 |
|  ap_clk      | bd_0_i/hls_inst/inst/out_0_U/HLS_accel_out_0_ram_U/ram_reg_0_15_0_0__0_i_1_n_3                                |                                                                                                                                                                                 |               16 |             16 |
|  ap_clk      | bd_0_i/hls_inst/inst/out_0_U/HLS_accel_out_0_ram_U/ram_reg_0_15_0_0_i_1_n_3                                   |                                                                                                                                                                                 |               16 |             16 |
|  ap_clk      | bd_0_i/hls_inst/inst/out_18_U/HLS_accel_out_0_ram_U/ram_reg_0_15_0_0_i_1__17_n_3                              |                                                                                                                                                                                 |               16 |             16 |
|  ap_clk      | bd_0_i/hls_inst/inst/out_18_U/HLS_accel_out_0_ram_U/ram_reg_0_15_0_0__0_i_1__17_n_3                           |                                                                                                                                                                                 |               16 |             16 |
|  ap_clk      | bd_0_i/hls_inst/inst/out_15_U/HLS_accel_out_0_ram_U/ram_reg_0_15_0_0_i_1__14_n_3                              |                                                                                                                                                                                 |               16 |             16 |
|  ap_clk      | bd_0_i/hls_inst/inst/out_15_U/HLS_accel_out_0_ram_U/ram_reg_0_15_0_0__0_i_1__14_n_3                           |                                                                                                                                                                                 |               16 |             16 |
|  ap_clk      | bd_0_i/hls_inst/inst/out_15_U/HLS_accel_out_0_ram_U/ram_reg_0_31_0_0_i_1__4_n_3                               |                                                                                                                                                                                 |               16 |             16 |
|  ap_clk      | bd_0_i/hls_inst/inst/out_18_U/HLS_accel_out_0_ram_U/ram_reg_0_31_0_0_i_1__42_n_3                              |                                                                                                                                                                                 |               16 |             16 |
|  ap_clk      | bd_0_i/hls_inst/inst/out_29_U/HLS_accel_out_0_ram_U/ram_reg_0_15_0_0__0_i_1__28_n_3                           |                                                                                                                                                                                 |               16 |             16 |
|  ap_clk      | bd_0_i/hls_inst/inst/out_16_U/HLS_accel_out_0_ram_U/ram_reg_0_15_0_0__0_i_1__15_n_3                           |                                                                                                                                                                                 |               16 |             16 |
|  ap_clk      | bd_0_i/hls_inst/inst/out_16_U/HLS_accel_out_0_ram_U/ram_reg_0_15_0_0_i_1__15_n_3                              |                                                                                                                                                                                 |               16 |             16 |
|  ap_clk      | bd_0_i/hls_inst/inst/out_27_U/HLS_accel_out_0_ram_U/ram_reg_0_15_0_0_i_1__26_n_3                              |                                                                                                                                                                                 |               16 |             16 |
|  ap_clk      | bd_0_i/hls_inst/inst/out_17_U/HLS_accel_out_0_ram_U/ram_reg_0_15_0_0__0_i_1__16_n_3                           |                                                                                                                                                                                 |               16 |             16 |
|  ap_clk      | bd_0_i/hls_inst/inst/out_17_U/HLS_accel_out_0_ram_U/ram_reg_0_31_0_0_i_1__23_n_3                              |                                                                                                                                                                                 |               16 |             16 |
|  ap_clk      | bd_0_i/hls_inst/inst/out_17_U/HLS_accel_out_0_ram_U/ram_reg_0_15_0_0_i_1__16_n_3                              |                                                                                                                                                                                 |               16 |             16 |
|  ap_clk      | bd_0_i/hls_inst/inst/out_19_U/HLS_accel_out_0_ram_U/ram_reg_0_15_0_0__0_i_1__18_n_3                           |                                                                                                                                                                                 |               16 |             16 |
|  ap_clk      | bd_0_i/hls_inst/inst/out_19_U/HLS_accel_out_0_ram_U/ram_reg_0_31_0_0_i_1__24_n_3                              |                                                                                                                                                                                 |               16 |             16 |
|  ap_clk      | bd_0_i/hls_inst/inst/out_19_U/HLS_accel_out_0_ram_U/ram_reg_0_15_0_0_i_1__18_n_3                              |                                                                                                                                                                                 |               16 |             16 |
|  ap_clk      | bd_0_i/hls_inst/inst/out_21_U/HLS_accel_out_0_ram_U/ram_reg_0_15_0_0__0_i_1__20_n_3                           |                                                                                                                                                                                 |               16 |             16 |
|  ap_clk      | bd_0_i/hls_inst/inst/out_1_U/HLS_accel_out_0_ram_U/ram_reg_0_15_0_0_i_1__0_n_3                                |                                                                                                                                                                                 |               16 |             16 |
|  ap_clk      | bd_0_i/hls_inst/inst/out_1_U/HLS_accel_out_0_ram_U/ram_reg_0_15_0_0__0_i_1__0_n_3                             |                                                                                                                                                                                 |               16 |             16 |
|  ap_clk      | bd_0_i/hls_inst/inst/out_1_U/HLS_accel_out_0_ram_U/ram_reg_0_31_0_0_i_1__8_n_3                                |                                                                                                                                                                                 |               16 |             16 |
|  ap_clk      | bd_0_i/hls_inst/inst/out_21_U/HLS_accel_out_0_ram_U/ram_reg_0_15_0_0_i_1__20_n_3                              |                                                                                                                                                                                 |               16 |             16 |
|  ap_clk      | bd_0_i/hls_inst/inst/out_21_U/HLS_accel_out_0_ram_U/ram_reg_0_31_0_0_i_1__22_n_3                              |                                                                                                                                                                                 |               16 |             16 |
|  ap_clk      | bd_0_i/hls_inst/inst/out_20_U/HLS_accel_out_0_ram_U/ram_reg_0_15_0_0__0_i_1__19_n_3                           |                                                                                                                                                                                 |               16 |             16 |
|  ap_clk      | bd_0_i/hls_inst/inst/out_20_U/HLS_accel_out_0_ram_U/ram_reg_0_15_0_0_i_1__19_n_3                              |                                                                                                                                                                                 |               16 |             16 |
|  ap_clk      | bd_0_i/hls_inst/inst/out_20_U/HLS_accel_out_0_ram_U/ram_reg_0_31_0_0_i_1__51_n_3                              |                                                                                                                                                                                 |               16 |             16 |
|  ap_clk      | bd_0_i/hls_inst/inst/out_22_U/HLS_accel_out_0_ram_U/ram_reg_0_15_0_0__0_i_1__21_n_3                           |                                                                                                                                                                                 |               16 |             16 |
|  ap_clk      | bd_0_i/hls_inst/inst/out_22_U/HLS_accel_out_0_ram_U/ram_reg_0_15_0_0_i_1__21_n_3                              |                                                                                                                                                                                 |               16 |             16 |
|  ap_clk      | bd_0_i/hls_inst/inst/out_22_U/HLS_accel_out_0_ram_U/ram_reg_0_31_0_0_i_1__41_n_3                              |                                                                                                                                                                                 |               16 |             16 |
|  ap_clk      | bd_0_i/hls_inst/inst/out_23_U/HLS_accel_out_0_ram_U/ram_reg_0_15_0_0__0_i_1__22_n_3                           |                                                                                                                                                                                 |               16 |             16 |
|  ap_clk      | bd_0_i/hls_inst/inst/out_23_U/HLS_accel_out_0_ram_U/ram_reg_0_15_0_0_i_1__22_n_3                              |                                                                                                                                                                                 |               16 |             16 |
|  ap_clk      | bd_0_i/hls_inst/inst/out_23_U/HLS_accel_out_0_ram_U/ram_reg_0_31_0_0_i_1__25_n_3                              |                                                                                                                                                                                 |               16 |             16 |
|  ap_clk      | bd_0_i/hls_inst/inst/out_25_U/HLS_accel_out_0_ram_U/ram_reg_0_15_0_0__0_i_1__24_n_3                           |                                                                                                                                                                                 |               16 |             16 |
|  ap_clk      | bd_0_i/hls_inst/inst/out_25_U/HLS_accel_out_0_ram_U/ram_reg_0_31_0_0_i_1__21_n_3                              |                                                                                                                                                                                 |               16 |             16 |
|  ap_clk      | bd_0_i/hls_inst/inst/out_25_U/HLS_accel_out_0_ram_U/ram_reg_0_15_0_0_i_1__24_n_3                              |                                                                                                                                                                                 |               16 |             16 |
|  ap_clk      | bd_0_i/hls_inst/inst/out_24_U/HLS_accel_out_0_ram_U/ram_reg_0_15_0_0__0_i_1__23_n_3                           |                                                                                                                                                                                 |               16 |             16 |
|  ap_clk      | bd_0_i/hls_inst/inst/out_24_U/HLS_accel_out_0_ram_U/ram_reg_0_15_0_0_i_1__23_n_3                              |                                                                                                                                                                                 |               16 |             16 |
|  ap_clk      | bd_0_i/hls_inst/inst/out_24_U/HLS_accel_out_0_ram_U/ram_reg_0_31_0_0_i_1__50_n_3                              |                                                                                                                                                                                 |               16 |             16 |
|  ap_clk      | bd_0_i/hls_inst/inst/out_26_U/HLS_accel_out_0_ram_U/ram_reg_0_15_0_0__0_i_1__25_n_3                           |                                                                                                                                                                                 |               16 |             16 |
|  ap_clk      | bd_0_i/hls_inst/inst/out_26_U/HLS_accel_out_0_ram_U/ram_reg_0_31_0_0_i_1__40_n_3                              |                                                                                                                                                                                 |               16 |             16 |
|  ap_clk      | bd_0_i/hls_inst/inst/out_26_U/HLS_accel_out_0_ram_U/ram_reg_0_15_0_0_i_1__25_n_3                              |                                                                                                                                                                                 |               16 |             16 |
|  ap_clk      | bd_0_i/hls_inst/inst/out_27_U/HLS_accel_out_0_ram_U/ram_reg_0_15_0_0__0_i_1__26_n_3                           |                                                                                                                                                                                 |               16 |             16 |
|  ap_clk      | bd_0_i/hls_inst/inst/out_27_U/HLS_accel_out_0_ram_U/ram_reg_0_31_0_0_i_1__26_n_3                              |                                                                                                                                                                                 |               16 |             16 |
|  ap_clk      | bd_0_i/hls_inst/inst/out_28_U/HLS_accel_out_0_ram_U/ram_reg_0_15_0_0__0_i_1__27_n_3                           |                                                                                                                                                                                 |               16 |             16 |
|  ap_clk      | bd_0_i/hls_inst/inst/out_28_U/HLS_accel_out_0_ram_U/ram_reg_0_31_0_0_i_1__49_n_3                              |                                                                                                                                                                                 |               16 |             16 |
|  ap_clk      | bd_0_i/hls_inst/inst/out_28_U/HLS_accel_out_0_ram_U/ram_reg_0_15_0_0_i_1__27_n_3                              |                                                                                                                                                                                 |               16 |             16 |
|  ap_clk      | bd_0_i/hls_inst/inst/out_29_U/HLS_accel_out_0_ram_U/ram_reg_0_15_0_0_i_1__28_n_3                              |                                                                                                                                                                                 |               16 |             16 |
|  ap_clk      | bd_0_i/hls_inst/inst/out_29_U/HLS_accel_out_0_ram_U/ram_reg_0_31_0_0_i_1__20_n_3                              |                                                                                                                                                                                 |               16 |             16 |
|  ap_clk      | bd_0_i/hls_inst/inst/out_2_U/HLS_accel_out_0_ram_U/ram_reg_0_15_0_0__0_i_1__1_n_3                             |                                                                                                                                                                                 |               16 |             16 |
|  ap_clk      | bd_0_i/hls_inst/inst/out_2_U/HLS_accel_out_0_ram_U/ram_reg_0_31_0_0_i_1__10_n_3                               |                                                                                                                                                                                 |               16 |             16 |
|  ap_clk      | bd_0_i/hls_inst/inst/out_2_U/HLS_accel_out_0_ram_U/ram_reg_0_15_0_0_i_1__1_n_3                                |                                                                                                                                                                                 |               16 |             16 |
|  ap_clk      | bd_0_i/hls_inst/inst/out_30_U/HLS_accel_out_0_ram_U/ram_reg_0_15_0_0__0_i_1__29_n_3                           |                                                                                                                                                                                 |               16 |             16 |
|  ap_clk      | bd_0_i/hls_inst/inst/out_30_U/HLS_accel_out_0_ram_U/ram_reg_0_15_0_0_i_1__29_n_3                              |                                                                                                                                                                                 |               16 |             16 |
|  ap_clk      | bd_0_i/hls_inst/inst/out_30_U/HLS_accel_out_0_ram_U/ram_reg_0_31_0_0_i_1__39_n_3                              |                                                                                                                                                                                 |               16 |             16 |
|  ap_clk      | bd_0_i/hls_inst/inst/out_31_U/HLS_accel_out_0_ram_U/ram_reg_0_15_0_0_i_1__30_n_3                              |                                                                                                                                                                                 |               16 |             16 |
|  ap_clk      | bd_0_i/hls_inst/inst/out_31_U/HLS_accel_out_0_ram_U/ram_reg_0_15_0_0__0_i_1__30_n_3                           |                                                                                                                                                                                 |               16 |             16 |
|  ap_clk      | bd_0_i/hls_inst/inst/out_31_U/HLS_accel_out_0_ram_U/ram_reg_0_31_0_0_i_1__27_n_3                              |                                                                                                                                                                                 |               16 |             16 |
|  ap_clk      | bd_0_i/hls_inst/inst/out_32_U/HLS_accel_out_0_ram_U/ram_reg_0_15_0_0__0_i_1__31_n_3                           |                                                                                                                                                                                 |               16 |             16 |
|  ap_clk      | bd_0_i/hls_inst/inst/out_32_U/HLS_accel_out_0_ram_U/ram_reg_0_15_0_0_i_1__31_n_3                              |                                                                                                                                                                                 |               16 |             16 |
|  ap_clk      | bd_0_i/hls_inst/inst/out_32_U/HLS_accel_out_0_ram_U/ram_reg_0_31_0_0_i_1__48_n_3                              |                                                                                                                                                                                 |               16 |             16 |
|  ap_clk      | bd_0_i/hls_inst/inst/out_33_U/HLS_accel_out_0_ram_U/ram_reg_0_15_0_0__0_i_1__32_n_3                           |                                                                                                                                                                                 |               16 |             16 |
|  ap_clk      | bd_0_i/hls_inst/inst/out_33_U/HLS_accel_out_0_ram_U/ram_reg_0_31_0_0_i_1__19_n_3                              |                                                                                                                                                                                 |               16 |             16 |
|  ap_clk      | bd_0_i/hls_inst/inst/out_33_U/HLS_accel_out_0_ram_U/ram_reg_0_15_0_0_i_1__32_n_3                              |                                                                                                                                                                                 |               16 |             16 |
|  ap_clk      | bd_0_i/hls_inst/inst/out_34_U/HLS_accel_out_0_ram_U/ram_reg_0_15_0_0__0_i_1__33_n_3                           |                                                                                                                                                                                 |               16 |             16 |
|  ap_clk      | bd_0_i/hls_inst/inst/out_34_U/HLS_accel_out_0_ram_U/ram_reg_0_15_0_0_i_1__33_n_3                              |                                                                                                                                                                                 |               16 |             16 |
|  ap_clk      | bd_0_i/hls_inst/inst/out_34_U/HLS_accel_out_0_ram_U/ram_reg_0_31_0_0_i_1__38_n_3                              |                                                                                                                                                                                 |               16 |             16 |
|  ap_clk      | bd_0_i/hls_inst/inst/out_35_U/HLS_accel_out_0_ram_U/ram_reg_0_15_0_0__0_i_1__34_n_3                           |                                                                                                                                                                                 |               16 |             16 |
|  ap_clk      | bd_0_i/hls_inst/inst/out_35_U/HLS_accel_out_0_ram_U/ram_reg_0_15_0_0_i_1__34_n_3                              |                                                                                                                                                                                 |               16 |             16 |
|  ap_clk      | bd_0_i/hls_inst/inst/out_35_U/HLS_accel_out_0_ram_U/ram_reg_0_31_0_0_i_1__28_n_3                              |                                                                                                                                                                                 |               16 |             16 |
|  ap_clk      | bd_0_i/hls_inst/inst/out_39_U/HLS_accel_out_0_ram_U/ram_reg_0_15_0_0__0_i_1__38_n_3                           |                                                                                                                                                                                 |               16 |             16 |
|  ap_clk      | bd_0_i/hls_inst/inst/out_39_U/HLS_accel_out_0_ram_U/ram_reg_0_15_0_0_i_1__38_n_3                              |                                                                                                                                                                                 |               16 |             16 |
|  ap_clk      | bd_0_i/hls_inst/inst/out_39_U/HLS_accel_out_0_ram_U/ram_reg_0_31_0_0_i_1__29_n_3                              |                                                                                                                                                                                 |               16 |             16 |
|  ap_clk      | bd_0_i/hls_inst/inst/out_36_U/HLS_accel_out_0_ram_U/ram_reg_0_15_0_0__0_i_1__35_n_3                           |                                                                                                                                                                                 |               16 |             16 |
|  ap_clk      | bd_0_i/hls_inst/inst/out_36_U/HLS_accel_out_0_ram_U/ram_reg_0_15_0_0_i_1__35_n_3                              |                                                                                                                                                                                 |               16 |             16 |
|  ap_clk      | bd_0_i/hls_inst/inst/out_36_U/HLS_accel_out_0_ram_U/ram_reg_0_31_0_0_i_1__47_n_3                              |                                                                                                                                                                                 |               16 |             16 |
|  ap_clk      | bd_0_i/hls_inst/inst/out_37_U/HLS_accel_out_0_ram_U/ram_reg_0_15_0_0__0_i_1__36_n_3                           |                                                                                                                                                                                 |               16 |             16 |
|  ap_clk      | bd_0_i/hls_inst/inst/out_37_U/HLS_accel_out_0_ram_U/ram_reg_0_15_0_0_i_1__36_n_3                              |                                                                                                                                                                                 |               16 |             16 |
|  ap_clk      | bd_0_i/hls_inst/inst/out_37_U/HLS_accel_out_0_ram_U/ram_reg_0_31_0_0_i_1__18_n_3                              |                                                                                                                                                                                 |               16 |             16 |
|  ap_clk      | bd_0_i/hls_inst/inst/out_38_U/HLS_accel_out_0_ram_U/ram_reg_0_15_0_0__0_i_1__37_n_3                           |                                                                                                                                                                                 |               16 |             16 |
|  ap_clk      | bd_0_i/hls_inst/inst/out_38_U/HLS_accel_out_0_ram_U/ram_reg_0_15_0_0_i_1__37_n_3                              |                                                                                                                                                                                 |               16 |             16 |
|  ap_clk      | bd_0_i/hls_inst/inst/out_38_U/HLS_accel_out_0_ram_U/ram_reg_0_31_0_0_i_1__37_n_3                              |                                                                                                                                                                                 |               16 |             16 |
|  ap_clk      | bd_0_i/hls_inst/inst/out_3_U/HLS_accel_out_0_ram_U/ram_reg_0_15_0_0_i_1__2_n_3                                |                                                                                                                                                                                 |               16 |             16 |
|  ap_clk      | bd_0_i/hls_inst/inst/out_3_U/HLS_accel_out_0_ram_U/ram_reg_0_15_0_0__0_i_1__2_n_3                             |                                                                                                                                                                                 |               16 |             16 |
|  ap_clk      | bd_0_i/hls_inst/inst/out_3_U/HLS_accel_out_0_ram_U/ram_reg_0_31_0_0_i_1__9_n_3                                |                                                                                                                                                                                 |               16 |             16 |
|  ap_clk      | bd_0_i/hls_inst/inst/out_40_U/HLS_accel_out_0_ram_U/ram_reg_0_15_0_0__0_i_1__39_n_3                           |                                                                                                                                                                                 |               16 |             16 |
|  ap_clk      | bd_0_i/hls_inst/inst/out_40_U/HLS_accel_out_0_ram_U/ram_reg_0_31_0_0_i_1__46_n_3                              |                                                                                                                                                                                 |               16 |             16 |
|  ap_clk      | bd_0_i/hls_inst/inst/out_40_U/HLS_accel_out_0_ram_U/ram_reg_0_15_0_0_i_1__39_n_3                              |                                                                                                                                                                                 |               16 |             16 |
|  ap_clk      | bd_0_i/hls_inst/inst/out_41_U/HLS_accel_out_0_ram_U/ram_reg_0_15_0_0__0_i_1__40_n_3                           |                                                                                                                                                                                 |               16 |             16 |
|  ap_clk      | bd_0_i/hls_inst/inst/out_41_U/HLS_accel_out_0_ram_U/ram_reg_0_31_0_0_i_1__17_n_3                              |                                                                                                                                                                                 |               16 |             16 |
|  ap_clk      | bd_0_i/hls_inst/inst/out_41_U/HLS_accel_out_0_ram_U/ram_reg_0_15_0_0_i_1__40_n_3                              |                                                                                                                                                                                 |               16 |             16 |
|  ap_clk      | bd_0_i/hls_inst/inst/out_42_U/HLS_accel_out_0_ram_U/ram_reg_0_15_0_0_i_1__41_n_3                              |                                                                                                                                                                                 |               16 |             16 |
|  ap_clk      | bd_0_i/hls_inst/inst/out_42_U/HLS_accel_out_0_ram_U/ram_reg_0_15_0_0__0_i_1__41_n_3                           |                                                                                                                                                                                 |               16 |             16 |
|  ap_clk      | bd_0_i/hls_inst/inst/out_42_U/HLS_accel_out_0_ram_U/ram_reg_0_31_0_0_i_1__36_n_3                              |                                                                                                                                                                                 |               16 |             16 |
|  ap_clk      | bd_0_i/hls_inst/inst/out_45_U/HLS_accel_out_0_ram_U/ram_reg_0_15_0_0_i_1__44_n_3                              |                                                                                                                                                                                 |               16 |             16 |
|  ap_clk      | bd_0_i/hls_inst/inst/out_45_U/HLS_accel_out_0_ram_U/ram_reg_0_31_0_0_i_1__16_n_3                              |                                                                                                                                                                                 |               16 |             16 |
|  ap_clk      | bd_0_i/hls_inst/inst/out_45_U/HLS_accel_out_0_ram_U/ram_reg_0_15_0_0__0_i_1__44_n_3                           |                                                                                                                                                                                 |               16 |             16 |
|  ap_clk      | bd_0_i/hls_inst/inst/out_43_U/HLS_accel_out_0_ram_U/ram_reg_0_15_0_0__0_i_1__42_n_3                           |                                                                                                                                                                                 |               16 |             16 |
|  ap_clk      | bd_0_i/hls_inst/inst/out_43_U/HLS_accel_out_0_ram_U/ram_reg_0_31_0_0_i_1__30_n_3                              |                                                                                                                                                                                 |               16 |             16 |
|  ap_clk      | bd_0_i/hls_inst/inst/out_43_U/HLS_accel_out_0_ram_U/ram_reg_0_15_0_0_i_1__42_n_3                              |                                                                                                                                                                                 |               16 |             16 |
|  ap_clk      | bd_0_i/hls_inst/inst/out_44_U/HLS_accel_out_0_ram_U/ram_reg_0_15_0_0__0_i_1__43_n_3                           |                                                                                                                                                                                 |               16 |             16 |
|  ap_clk      | bd_0_i/hls_inst/inst/out_44_U/HLS_accel_out_0_ram_U/ram_reg_0_31_0_0_i_1__45_n_3                              |                                                                                                                                                                                 |               16 |             16 |
|  ap_clk      | bd_0_i/hls_inst/inst/out_44_U/HLS_accel_out_0_ram_U/ram_reg_0_15_0_0_i_1__43_n_3                              |                                                                                                                                                                                 |               16 |             16 |
|  ap_clk      | bd_0_i/hls_inst/inst/out_46_U/HLS_accel_out_0_ram_U/ram_reg_0_15_0_0__0_i_1__45_n_3                           |                                                                                                                                                                                 |               16 |             16 |
|  ap_clk      | bd_0_i/hls_inst/inst/out_46_U/HLS_accel_out_0_ram_U/ram_reg_0_15_0_0_i_1__45_n_3                              |                                                                                                                                                                                 |               16 |             16 |
|  ap_clk      | bd_0_i/hls_inst/inst/out_46_U/HLS_accel_out_0_ram_U/ram_reg_0_31_0_0_i_1__35_n_3                              |                                                                                                                                                                                 |               16 |             16 |
|  ap_clk      | bd_0_i/hls_inst/inst/out_49_U/HLS_accel_out_0_ram_U/ram_reg_0_15_0_0__0_i_1__48_n_3                           |                                                                                                                                                                                 |               16 |             16 |
|  ap_clk      | bd_0_i/hls_inst/inst/out_47_U/HLS_accel_out_0_ram_U/ram_reg_0_15_0_0_i_1__46_n_3                              |                                                                                                                                                                                 |               16 |             16 |
|  ap_clk      | bd_0_i/hls_inst/inst/out_47_U/HLS_accel_out_0_ram_U/ram_reg_0_15_0_0__0_i_1__46_n_3                           |                                                                                                                                                                                 |               16 |             16 |
|  ap_clk      | bd_0_i/hls_inst/inst/out_47_U/HLS_accel_out_0_ram_U/ram_reg_0_31_0_0_i_1__31_n_3                              |                                                                                                                                                                                 |               16 |             16 |
|  ap_clk      | bd_0_i/hls_inst/inst/out_49_U/HLS_accel_out_0_ram_U/ram_reg_0_15_0_0_i_1__48_n_3                              |                                                                                                                                                                                 |               16 |             16 |
|  ap_clk      | bd_0_i/hls_inst/inst/out_49_U/HLS_accel_out_0_ram_U/ram_reg_0_31_0_0_i_1__15_n_3                              |                                                                                                                                                                                 |               16 |             16 |
|  ap_clk      | bd_0_i/hls_inst/inst/out_48_U/HLS_accel_out_0_ram_U/ram_reg_0_15_0_0__0_i_1__47_n_3                           |                                                                                                                                                                                 |               16 |             16 |
|  ap_clk      | bd_0_i/hls_inst/inst/out_48_U/HLS_accel_out_0_ram_U/ram_reg_0_15_0_0_i_1__47_n_3                              |                                                                                                                                                                                 |               16 |             16 |
|  ap_clk      | bd_0_i/hls_inst/inst/out_48_U/HLS_accel_out_0_ram_U/ram_reg_0_31_0_0_i_1__44_n_3                              |                                                                                                                                                                                 |               16 |             16 |
|  ap_clk      | bd_0_i/hls_inst/inst/out_51_U/HLS_accel_out_0_ram_U/ram_reg_0_15_0_0__0_i_1__50_n_3                           |                                                                                                                                                                                 |               16 |             16 |
|  ap_clk      | bd_0_i/hls_inst/inst/out_51_U/HLS_accel_out_0_ram_U/ram_reg_0_15_0_0_i_1__50_n_3                              |                                                                                                                                                                                 |               16 |             16 |
|  ap_clk      | bd_0_i/hls_inst/inst/out_4_U/HLS_accel_out_0_ram_U/ram_reg_0_15_0_0_i_1__3_n_3                                |                                                                                                                                                                                 |               16 |             16 |
|  ap_clk      | bd_0_i/hls_inst/inst/out_4_U/HLS_accel_out_0_ram_U/ram_reg_0_15_0_0__0_i_1__3_n_3                             |                                                                                                                                                                                 |               16 |             16 |
|  ap_clk      | bd_0_i/hls_inst/inst/out_4_U/HLS_accel_out_0_ram_U/ram_reg_0_31_0_0_i_1__13_n_3                               |                                                                                                                                                                                 |               16 |             16 |
|  ap_clk      | bd_0_i/hls_inst/inst/out_51_U/HLS_accel_out_0_ram_U/ram_reg_0_31_0_0_i_1__32_n_3                              |                                                                                                                                                                                 |               16 |             16 |
|  ap_clk      | bd_0_i/hls_inst/inst/out_50_U/HLS_accel_out_0_ram_U/ram_reg_0_15_0_0__0_i_1__49_n_3                           |                                                                                                                                                                                 |               16 |             16 |
|  ap_clk      | bd_0_i/hls_inst/inst/out_50_U/HLS_accel_out_0_ram_U/ram_reg_0_15_0_0_i_1__49_n_3                              |                                                                                                                                                                                 |               16 |             16 |
|  ap_clk      | bd_0_i/hls_inst/inst/out_50_U/HLS_accel_out_0_ram_U/ram_reg_0_31_0_0_i_1__34_n_3                              |                                                                                                                                                                                 |               16 |             16 |
|  ap_clk      | bd_0_i/hls_inst/inst/out_10_U/HLS_accel_out_0_ram_U/ram_reg_0_15_0_0__0_i_1__9_n_3                            |                                                                                                                                                                                 |               16 |             16 |
|  ap_clk      | bd_0_i/hls_inst/inst/out_10_U/HLS_accel_out_0_ram_U/ram_reg_0_15_0_0_i_1__9_n_3                               |                                                                                                                                                                                 |               16 |             16 |
|  ap_clk      | bd_0_i/hls_inst/inst/out_10_U/HLS_accel_out_0_ram_U/ram_reg_0_31_0_0_i_1_n_3                                  |                                                                                                                                                                                 |               16 |             16 |
|  ap_clk      | bd_0_i/hls_inst/inst/out_52_U/HLS_accel_out_0_ram_U/ram_reg_0_15_0_0__0_i_1__51_n_3                           |                                                                                                                                                                                 |               16 |             16 |
|  ap_clk      | bd_0_i/hls_inst/inst/out_52_U/HLS_accel_out_0_ram_U/ram_reg_0_15_0_0_i_1__51_n_3                              |                                                                                                                                                                                 |               16 |             16 |
|  ap_clk      | bd_0_i/hls_inst/inst/out_52_U/HLS_accel_out_0_ram_U/ram_reg_0_31_0_0_i_1__43_n_3                              |                                                                                                                                                                                 |               16 |             16 |
|  ap_clk      | bd_0_i/hls_inst/inst/out_53_U/HLS_accel_out_0_ram_U/ram_reg_0_15_0_0__0_i_1__52_n_3                           |                                                                                                                                                                                 |               16 |             16 |
|  ap_clk      | bd_0_i/hls_inst/inst/out_53_U/HLS_accel_out_0_ram_U/ram_reg_0_31_0_0_i_1__33_n_3                              |                                                                                                                                                                                 |               16 |             16 |
|  ap_clk      | bd_0_i/hls_inst/inst/out_53_U/HLS_accel_out_0_ram_U/ram_reg_0_15_0_0_i_1__52_n_3                              |                                                                                                                                                                                 |               16 |             16 |
|  ap_clk      | bd_0_i/hls_inst/inst/out_5_U/HLS_accel_out_0_ram_U/ram_reg_0_15_0_0_i_1__4_n_3                                |                                                                                                                                                                                 |               16 |             16 |
|  ap_clk      | bd_0_i/hls_inst/inst/out_5_U/HLS_accel_out_0_ram_U/ram_reg_0_15_0_0__0_i_1__4_n_3                             |                                                                                                                                                                                 |               16 |             16 |
|  ap_clk      | bd_0_i/hls_inst/inst/out_5_U/HLS_accel_out_0_ram_U/ram_reg_0_31_0_0_i_1__14_n_3                               |                                                                                                                                                                                 |               16 |             16 |
|  ap_clk      | bd_0_i/hls_inst/inst/out_6_U/HLS_accel_out_0_ram_U/ram_reg_0_15_0_0__0_i_1__5_n_3                             |                                                                                                                                                                                 |               16 |             16 |
|  ap_clk      | bd_0_i/hls_inst/inst/out_6_U/HLS_accel_out_0_ram_U/ram_reg_0_15_0_0_i_1__5_n_3                                |                                                                                                                                                                                 |               16 |             16 |
|  ap_clk      | bd_0_i/hls_inst/inst/out_6_U/HLS_accel_out_0_ram_U/ram_reg_0_31_0_0_i_1__11_n_3                               |                                                                                                                                                                                 |               16 |             16 |
|  ap_clk      | bd_0_i/hls_inst/inst/out_9_U/HLS_accel_out_0_ram_U/ram_reg_0_15_0_0__0_i_1__8_n_3                             |                                                                                                                                                                                 |               16 |             16 |
|  ap_clk      | bd_0_i/hls_inst/inst/out_9_U/HLS_accel_out_0_ram_U/ram_reg_0_15_0_0_i_1__8_n_3                                |                                                                                                                                                                                 |               16 |             16 |
|  ap_clk      | bd_0_i/hls_inst/inst/out_9_U/HLS_accel_out_0_ram_U/ram_reg_0_31_0_0_i_1__1_n_3                                |                                                                                                                                                                                 |               16 |             16 |
|  ap_clk      | bd_0_i/hls_inst/inst/out_7_U/HLS_accel_out_0_ram_U/ram_reg_0_15_0_0__0_i_1__6_n_3                             |                                                                                                                                                                                 |               16 |             16 |
|  ap_clk      | bd_0_i/hls_inst/inst/out_7_U/HLS_accel_out_0_ram_U/ram_reg_0_15_0_0_i_1__6_n_3                                |                                                                                                                                                                                 |               16 |             16 |
|  ap_clk      | bd_0_i/hls_inst/inst/out_7_U/HLS_accel_out_0_ram_U/ram_reg_0_31_0_0_i_1__12_n_3                               |                                                                                                                                                                                 |               16 |             16 |
|  ap_clk      | bd_0_i/hls_inst/inst/out_8_U/HLS_accel_out_0_ram_U/ram_reg_0_15_0_0__0_i_1__7_n_3                             |                                                                                                                                                                                 |               16 |             16 |
|  ap_clk      | bd_0_i/hls_inst/inst/out_8_U/HLS_accel_out_0_ram_U/ram_reg_0_31_0_0_i_1__2_n_3                                |                                                                                                                                                                                 |               16 |             16 |
|  ap_clk      | bd_0_i/hls_inst/inst/out_8_U/HLS_accel_out_0_ram_U/ram_reg_0_15_0_0_i_1__7_n_3                                |                                                                                                                                                                                 |               16 |             16 |
|  ap_clk      | bd_0_i/hls_inst/inst/out_11_U/HLS_accel_out_0_ram_U/ram_reg_0_15_0_0_i_1__10_n_3                              |                                                                                                                                                                                 |               16 |             16 |
|  ap_clk      | bd_0_i/hls_inst/inst/out_11_U/HLS_accel_out_0_ram_U/ram_reg_0_15_0_0__0_i_1__10_n_3                           |                                                                                                                                                                                 |               16 |             16 |
|  ap_clk      | bd_0_i/hls_inst/inst/out_11_U/HLS_accel_out_0_ram_U/ram_reg_0_31_0_0_i_1__0_n_3                               |                                                                                                                                                                                 |               16 |             16 |
|  ap_clk      | bd_0_i/hls_inst/inst/out_14_U/HLS_accel_out_0_ram_U/ram_reg_0_15_0_0__0_i_1__13_n_3                           |                                                                                                                                                                                 |               16 |             16 |
|  ap_clk      | bd_0_i/hls_inst/inst/out_12_U/HLS_accel_out_0_ram_U/ram_reg_0_15_0_0__0_i_1__11_n_3                           |                                                                                                                                                                                 |               16 |             16 |
|  ap_clk      | bd_0_i/hls_inst/inst/out_12_U/HLS_accel_out_0_ram_U/ram_reg_0_15_0_0_i_1__11_n_3                              |                                                                                                                                                                                 |               16 |             16 |
|  ap_clk      | bd_0_i/hls_inst/inst/out_12_U/HLS_accel_out_0_ram_U/ram_reg_0_31_0_0_i_1__5_n_3                               |                                                                                                                                                                                 |               16 |             16 |
|  ap_clk      | bd_0_i/hls_inst/inst/out_14_U/HLS_accel_out_0_ram_U/ram_reg_0_15_0_0_i_1__13_n_3                              |                                                                                                                                                                                 |               16 |             16 |
|  ap_clk      | bd_0_i/hls_inst/inst/out_14_U/HLS_accel_out_0_ram_U/ram_reg_0_31_0_0_i_1__3_n_3                               |                                                                                                                                                                                 |               16 |             16 |
|  ap_clk      | bd_0_i/hls_inst/inst/out_13_U/HLS_accel_out_0_ram_U/ram_reg_0_15_0_0__0_i_1__12_n_3                           |                                                                                                                                                                                 |               16 |             16 |
|  ap_clk      | bd_0_i/hls_inst/inst/out_13_U/HLS_accel_out_0_ram_U/ram_reg_0_31_0_0_i_1__6_n_3                               |                                                                                                                                                                                 |               16 |             16 |
|  ap_clk      | bd_0_i/hls_inst/inst/out_13_U/HLS_accel_out_0_ram_U/ram_reg_0_15_0_0_i_1__12_n_3                              |                                                                                                                                                                                 |               16 |             16 |
|  ap_clk      | bd_0_i/hls_inst/inst/INPUT_STREAM_data_V_0_ack_out                                                            |                                                                                                                                                                                 |                6 |             16 |
|  ap_clk      | bd_0_i/hls_inst/inst/INPUT_STREAM_data_V_0_load_A                                                             |                                                                                                                                                                                 |                6 |             16 |
|  ap_clk      | bd_0_i/hls_inst/inst/INPUT_STREAM_data_V_0_load_B                                                             |                                                                                                                                                                                 |                5 |             16 |
|  ap_clk      | bd_0_i/hls_inst/inst/OUTPUT_STREAM_data_V_1_load_B                                                            |                                                                                                                                                                                 |                5 |             16 |
|  ap_clk      | bd_0_i/hls_inst/inst/OUTPUT_STREAM_data_V_1_load_A                                                            |                                                                                                                                                                                 |                5 |             16 |
|  ap_clk      | bd_0_i/hls_inst/inst/reg_28620                                                                                |                                                                                                                                                                                 |                5 |             16 |
|  ap_clk      | bd_0_i/hls_inst/inst/reg_27820                                                                                |                                                                                                                                                                                 |                6 |             16 |
|  ap_clk      | bd_0_i/hls_inst/inst/reg_27930                                                                                |                                                                                                                                                                                 |                6 |             16 |
|  ap_clk      | bd_0_i/hls_inst/inst/reg_27770                                                                                |                                                                                                                                                                                 |                6 |             16 |
|  ap_clk      | bd_0_i/hls_inst/inst/reg_27670                                                                                |                                                                                                                                                                                 |                7 |             16 |
|  ap_clk      | bd_0_i/hls_inst/inst/reg_28570                                                                                |                                                                                                                                                                                 |                3 |             16 |
|  ap_clk      | bd_0_i/hls_inst/inst/reg_27870                                                                                |                                                                                                                                                                                 |                6 |             16 |
|  ap_clk      | bd_0_i/hls_inst/inst/reg_28670                                                                                |                                                                                                                                                                                 |                4 |             16 |
|  ap_clk      | bd_0_i/hls_inst/inst/reg_27980                                                                                |                                                                                                                                                                                 |                8 |             16 |
|  ap_clk      | bd_0_i/hls_inst/inst/reg_27720                                                                                |                                                                                                                                                                                 |                5 |             16 |
|  ap_clk      | bd_0_i/hls_inst/inst/out_16_U/HLS_accel_out_0_ram_U/ram_reg_0_31_0_0_i_1__52_n_3                              |                                                                                                                                                                                 |               16 |             16 |
|  ap_clk      | bd_0_i/hls_inst/inst/tmp_7_reg_45980                                                                          |                                                                                                                                                                                 |                6 |             17 |
|  ap_clk      | bd_0_i/hls_inst/inst/HLS_accel_mac_muleOg_U6/HLS_accel_mac_muleOg_DSP48_0_U/INPUT_STREAM_data_V_0_sel2        | bd_0_i/hls_inst/inst/HLS_accel_CONTROL_BUS_s_axi_U/indvar_flatten_reg_2518                                                                                                      |                5 |             18 |
|  ap_clk      | bd_0_i/hls_inst/inst/HLS_accel_mac_muleOg_U7/HLS_accel_mac_muleOg_DSP48_0_U/INPUT_STREAM_data_V_0_sel2288_out | bd_0_i/hls_inst/inst/ap_CS_fsm_state4                                                                                                                                           |                5 |             18 |
|  ap_clk      | bd_0_i/hls_inst/inst/HLS_accel_mac_muleOg_U8/HLS_accel_mac_muleOg_DSP48_0_U/indvar_flatten2_reg_26170         | bd_0_i/hls_inst/inst/ap_CS_fsm_state232                                                                                                                                         |                5 |             18 |
|  ap_clk      |                                                                                                               | bd_0_i/hls_inst/inst/ap_CS_fsm_state7                                                                                                                                           |               12 |             24 |
|  ap_clk      | bd_0_i/hls_inst/inst/reg_26754229_out                                                                         |                                                                                                                                                                                 |                4 |             32 |
|  ap_clk      | bd_0_i/hls_inst/inst/reg_26754                                                                                |                                                                                                                                                                                 |               12 |             32 |
|  ap_clk      | bd_0_i/hls_inst/inst/reg_27270                                                                                |                                                                                                                                                                                 |               11 |             32 |
|  ap_clk      | bd_0_i/hls_inst/inst/ap_CS_fsm_pp2_stage10                                                                    |                                                                                                                                                                                 |                7 |             32 |
|  ap_clk      | bd_0_i/hls_inst/inst/temp_10_reg_4972[15]_i_1_n_3                                                             |                                                                                                                                                                                 |                8 |             32 |
|  ap_clk      | bd_0_i/hls_inst/inst/temp_45_reg_55320                                                                        |                                                                                                                                                                                 |                6 |             32 |
|  ap_clk      | bd_0_i/hls_inst/inst/temp_14_reg_5032[15]_i_1_n_3                                                             |                                                                                                                                                                                 |                9 |             32 |
|  ap_clk      | bd_0_i/hls_inst/inst/reg_26970                                                                                |                                                                                                                                                                                 |               15 |             32 |
|  ap_clk      | bd_0_i/hls_inst/inst/ap_CS_fsm_pp2_stage13                                                                    |                                                                                                                                                                                 |               10 |             32 |
|  ap_clk      | bd_0_i/hls_inst/inst/ap_CS_fsm_pp2_stage11                                                                    |                                                                                                                                                                                 |                9 |             32 |
|  ap_clk      | bd_0_i/hls_inst/inst/ap_CS_fsm_pp2_stage12                                                                    |                                                                                                                                                                                 |               10 |             32 |
|  ap_clk      | bd_0_i/hls_inst/inst/reg_26870                                                                                |                                                                                                                                                                                 |               15 |             32 |
|  ap_clk      | bd_0_i/hls_inst/inst/reg_2742[15]_i_1_n_3                                                                     |                                                                                                                                                                                 |               15 |             32 |
|  ap_clk      | bd_0_i/hls_inst/inst/temp_16_reg_5062[15]_i_1_n_3                                                             |                                                                                                                                                                                 |                8 |             32 |
|  ap_clk      | bd_0_i/hls_inst/inst/reg_2681                                                                                 |                                                                                                                                                                                 |               13 |             32 |
|  ap_clk      | bd_0_i/hls_inst/inst/temp_18_reg_5092[15]_i_1_n_3                                                             |                                                                                                                                                                                 |               12 |             32 |
|  ap_clk      | bd_0_i/hls_inst/inst/reg_27070                                                                                |                                                                                                                                                                                 |               13 |             32 |
|  ap_clk      | bd_0_i/hls_inst/inst/reg_27475                                                                                |                                                                                                                                                                                 |                4 |             32 |
|  ap_clk      | bd_0_i/hls_inst/inst/reg_2727580_out                                                                          |                                                                                                                                                                                 |                5 |             32 |
|  ap_clk      | bd_0_i/hls_inst/inst/temp_22_reg_5152[15]_i_1_n_3                                                             |                                                                                                                                                                                 |                7 |             32 |
|  ap_clk      | bd_0_i/hls_inst/inst/reg_2752[15]_i_1_n_3                                                                     |                                                                                                                                                                                 |               13 |             32 |
|  ap_clk      | bd_0_i/hls_inst/inst/reg_2762[15]_i_1_n_3                                                                     |                                                                                                                                                                                 |               16 |             32 |
|  ap_clk      | bd_0_i/hls_inst/inst/reg_27675                                                                                |                                                                                                                                                                                 |                5 |             32 |
|  ap_clk      | bd_0_i/hls_inst/inst/temp_12_reg_5002[15]_i_1_n_3                                                             |                                                                                                                                                                                 |                9 |             32 |
|  ap_clk      | bd_0_i/hls_inst/inst/reg_27170                                                                                |                                                                                                                                                                                 |               11 |             32 |
|  ap_clk      | bd_0_i/hls_inst/inst/temp_24_reg_5202[15]_i_1_n_3                                                             |                                                                                                                                                                                 |                7 |             32 |
|  ap_clk      | bd_0_i/hls_inst/inst/temp_26_reg_5232[15]_i_1_n_3                                                             |                                                                                                                                                                                 |                4 |             32 |
|  ap_clk      | bd_0_i/hls_inst/inst/temp_32_reg_5322[15]_i_1_n_3                                                             |                                                                                                                                                                                 |                4 |             32 |
|  ap_clk      | bd_0_i/hls_inst/inst/temp_34_reg_5352[15]_i_1_n_3                                                             |                                                                                                                                                                                 |                5 |             32 |
|  ap_clk      | bd_0_i/hls_inst/inst/temp_36_reg_5382[15]_i_1_n_3                                                             |                                                                                                                                                                                 |                4 |             32 |
|  ap_clk      | bd_0_i/hls_inst/inst/temp_3_reg_4839[15]_i_1_n_3                                                              |                                                                                                                                                                                 |                8 |             32 |
|  ap_clk      | bd_0_i/hls_inst/inst/temp_49_reg_55520                                                                        |                                                                                                                                                                                 |                4 |             32 |
|  ap_clk      | bd_0_i/hls_inst/inst/temp_reg_4804[15]_i_1_n_3                                                                |                                                                                                                                                                                 |               12 |             32 |
|  ap_clk      | bd_0_i/hls_inst/inst/temp_51_reg_55620                                                                        |                                                                                                                                                                                 |                4 |             32 |
|  ap_clk      | bd_0_i/hls_inst/inst/temp_9_reg_4942[15]_i_1_n_3                                                              |                                                                                                                                                                                 |                7 |             32 |
|  ap_clk      | bd_0_i/hls_inst/inst/temp_5_reg_4869[15]_i_1_n_3                                                              |                                                                                                                                                                                 |               11 |             32 |
|  ap_clk      | bd_0_i/hls_inst/inst/temp_7_reg_4912[15]_i_1_n_3                                                              |                                                                                                                                                                                 |               11 |             32 |
|  ap_clk      | bd_0_i/hls_inst/inst/ap_CS_fsm_pp2_stage1                                                                     |                                                                                                                                                                                 |                4 |             64 |
|  ap_clk      | bd_0_i/hls_inst/inst/ap_CS_fsm_pp2_stage26                                                                    |                                                                                                                                                                                 |                4 |             64 |
|  ap_clk      | bd_0_i/hls_inst/inst/ap_CS_fsm_pp2_stage21                                                                    |                                                                                                                                                                                 |                4 |             64 |
|  ap_clk      | bd_0_i/hls_inst/inst/ap_CS_fsm_pp2_stage15                                                                    |                                                                                                                                                                                 |               14 |             64 |
|  ap_clk      | bd_0_i/hls_inst/inst/ap_CS_fsm_pp2_stage5                                                                     |                                                                                                                                                                                 |                4 |             64 |
|  ap_clk      | bd_0_i/hls_inst/inst/ap_CS_fsm_pp2_stage19                                                                    |                                                                                                                                                                                 |                4 |             64 |
|  ap_clk      | bd_0_i/hls_inst/inst/ap_CS_fsm_pp2_stage23                                                                    |                                                                                                                                                                                 |                4 |             64 |
|  ap_clk      | bd_0_i/hls_inst/inst/ap_CS_fsm_pp2_stage22                                                                    |                                                                                                                                                                                 |                4 |             64 |
|  ap_clk      | bd_0_i/hls_inst/inst/a_load_52_reg_55120                                                                      |                                                                                                                                                                                 |               13 |             64 |
|  ap_clk      | bd_0_i/hls_inst/inst/ap_CS_fsm_pp2_stage14                                                                    |                                                                                                                                                                                 |               12 |             64 |
|  ap_clk      | bd_0_i/hls_inst/inst/ap_CS_fsm_pp2_stage4                                                                     |                                                                                                                                                                                 |                4 |             64 |
|  ap_clk      | bd_0_i/hls_inst/inst/ap_CS_fsm_pp2_stage3                                                                     |                                                                                                                                                                                 |                4 |             64 |
|  ap_clk      | bd_0_i/hls_inst/inst/ap_CS_fsm_pp2_stage17                                                                    |                                                                                                                                                                                 |                9 |             64 |
|  ap_clk      | bd_0_i/hls_inst/inst/ap_CS_fsm_pp2_stage25                                                                    |                                                                                                                                                                                 |                4 |             64 |
|  ap_clk      | bd_0_i/hls_inst/inst/ap_CS_fsm_pp2_stage2                                                                     |                                                                                                                                                                                 |                4 |             64 |
|  ap_clk      | bd_0_i/hls_inst/inst/ap_CS_fsm_pp2_stage18                                                                    |                                                                                                                                                                                 |                4 |             64 |
|  ap_clk      | bd_0_i/hls_inst/inst/ap_CS_fsm_pp2_stage24                                                                    |                                                                                                                                                                                 |                4 |             64 |
|  ap_clk      | bd_0_i/hls_inst/inst/ap_CS_fsm_pp2_stage16                                                                    |                                                                                                                                                                                 |               14 |             64 |
|  ap_clk      | bd_0_i/hls_inst/inst/ap_CS_fsm_pp2_stage20                                                                    |                                                                                                                                                                                 |                4 |             64 |
|  ap_clk      |                                                                                                               | bd_0_i/hls_inst/inst/HLS_accel_CONTROL_BUS_s_axi_U/ap_rst_n_inv                                                                                                                 |               32 |             69 |
|  ap_clk      | bd_0_i/hls_inst/inst/b_U/HLS_accel_a_ram_U/exitcond_flatten1_reg_4504_reg[0]                                  |                                                                                                                                                                                 |               27 |             96 |
|  ap_clk      | bd_0_i/hls_inst/inst/ap_CS_fsm_pp2_stage0                                                                     |                                                                                                                                                                                 |               10 |             97 |
|  ap_clk      | bd_0_i/hls_inst/inst/a_load_48_reg_54170                                                                      |                                                                                                                                                                                 |               33 |            102 |
|  ap_clk      |                                                                                                               |                                                                                                                                                                                 |              139 |            306 |
|  ap_clk      | bd_0_i/hls_inst/inst/out_53_U/HLS_accel_out_0_ram_U/E[0]                                                      |                                                                                                                                                                                 |              644 |            864 |
+--------------+---------------------------------------------------------------------------------------------------------------+---------------------------------------------------------------------------------------------------------------------------------------------------------------------------------+------------------+----------------+


